▲ Next.js 16.3.0 (Turbopack)
- Environments: .env.local
✓ Running next.config.ts took 65ms

  Creating an optimized production build ...
[1m[31mFATAL[39m[0m: An unexpected Turbopack error occurred:
[project]/apps/resident-web/src/app/globals.css [app-client] (css)

Caused by:
- creating new process
- node process exited before we could connect to it with exit code: 0

Debug info:
- Execution of get_all_written_entrypoints_with_issues_operation failed
- Execution of EntrypointsOperation::new failed
- Execution of all_entrypoints_write_to_disk_operation failed
- Execution of output_assets_operation failed
- Execution of <MiddlewareEndpoint as Endpoint>::output failed
- Execution of MiddlewareEndpoint::output_assets failed
- Execution of MiddlewareEndpoint::node_chunk failed
- Execution of *<NodeJsChunkingContext as ChunkingContext>::entry_chunk_group failed
- Execution of Project::server_chunking_context failed
- Execution of *get_server_chunking_context failed
- Execution of Project::module_ids failed
- Execution of whole_app_module_graph_operation failed
- Execution of *Project::get_all_additional_entries failed
- Execution of ModuleGraph::from_graphs failed
- Execution of ModuleGraph::from_graphs_inner failed
- Execution of SingleModuleGraph::new_with_entries failed
- [project]/apps/resident-web/src/app/globals.css [app-client] (css)
- Execution of primary_chunkable_referenced_modules failed
- Execution of <CssModule as Module>::references failed
- Execution of parse_css failed
- Execution of <PostCssTransformedAsset as Asset>::content failed
- Execution of PostCssTransformedAsset::process failed
- Execution of evaluate_webpack_loader failed
- creating new process
- node process exited before we could connect to it with exit code: 0
  Process output:
  
  Process error output:

> Build error occurred
Error [TurbopackInternalError]: [project]/apps/resident-web/src/app/globals.css [app-client] (css)

Caused by:
- creating new process
- node process exited before we could connect to it with exit code: 0

Debug info:
- Execution of get_all_written_entrypoints_with_issues_operation failed
- Execution of EntrypointsOperation::new failed
- Execution of all_entrypoints_write_to_disk_operation failed
- Execution of output_assets_operation failed
- Execution of <MiddlewareEndpoint as Endpoint>::output failed
- Execution of MiddlewareEndpoint::output_assets failed
- Execution of MiddlewareEndpoint::node_chunk failed
- Execution of *<NodeJsChunkingContext as ChunkingContext>::entry_chunk_group failed
- Execution of Project::server_chunking_context failed
- Execution of *get_server_chunking_context failed
- Execution of Project::module_ids failed
- Execution of whole_app_module_graph_operation failed
- Execution of *Project::get_all_additional_entries failed
- Execution of ModuleGraph::from_graphs failed
- Execution of ModuleGraph::from_graphs_inner failed
- Execution of SingleModuleGraph::new_with_entries failed
- [project]/apps/resident-web/src/app/globals.css [app-client] (css)
- Execution of primary_chunkable_referenced_modules failed
- Execution of <CssModule as Module>::references failed
- Execution of parse_css failed
- Execution of <PostCssTransformedAsset as Asset>::content failed
- Execution of PostCssTransformedAsset::process failed
- Execution of evaluate_webpack_loader failed
- creating new process
- node process exited before we could connect to it with exit code: 0
  Process output:
  
  Process error output:
    at <unknown> (TurbopackInternalError: [project]/apps/resident-web/src/app/globals.css [app-client] (css)) {
  type: 'TurbopackInternalError',
  location: undefined
}
