SET
BEGIN
UPDATE 1
INSERT 0 0
INSERT 0 2
INSERT 0 5
INSERT 0 4
INSERT 0 1
INSERT 0 1
INSERT 0 1
INSERT 0 1
INSERT 0 4
CREATE TABLE
INSERT 0 1
GRANT
SET
ok 1 - Anonymous cannot invoke submission
ok 2 - Anonymous cannot read ID versions
ok 3 - Anonymous cannot read attachments
RESET
SET
SET
SET
ok 4 - Resident cannot assign role
ok 5 - Resident cannot assign tenant
ok 6 - No approval blocks submission
ok 7 - ID version table has no direct write grant
ok 8 - Resident publishes owned uploaded ID version
ok 9 - ID publication retry is idempotent
ok 10 - Retry creates one version
ok 11 - Resident cannot approve evidence
ok 12 - Resident cannot assign a versioned verification outcome
ok 13 - Resident cannot overwrite version evidence
ok 14 - Resident cannot delete version evidence
ok 15 - Pending approval blocks submission
ok 16 - Direct insert cannot downgrade v2 service
ok 17 - Cross-tenant related service rejected at table boundary
ok 18 - Legacy direct insert cannot forge initial state
ok 19 - Legacy insert cannot reserve a controlled idempotency key
SET
ok 20 - Caller cannot impersonate controlled submission with a session setting
SET
ok 21 - Legacy supported submission remains available
ok 22 - Existing cancellation RPC retains legacy behavior
ok 23 - Legacy cancellation keeps established status
ok 24 - Legacy insert cannot forge agency acceptance evidence
SET
ok 25 - Other tenant administrator cannot review evidence
ok 26 - Other tenant administrator cannot read evidence
SET
ok 27 - Historical request contract cannot be converted by a raw update
ok 28 - Tenant administrator approves reviewed version
ok 29 - Repeated review rejected
SET
ok 30 - Forged identity rejected
ok 31 - Whitespace Others explanation rejected
ok 32 - Excessive purpose rejected
ok 33 - Missing appearance acknowledgment rejected
ok 34 - Foreign uploaded file reference rejected
ok 35 - Forged size does not match uploaded metadata
ok 36 - Failed or missing upload cannot be attached
ok 37 - Verified resident submits while pricing pending
ok 38 - Same-key retry returns original request
ok 39 - One persisted request for retries
ok 40 - Same key with changed payload is a conflict
ok 41 - Fee state is separate from request status
ok 42 - Clock does not start at online submission
ok 43 - Target snapshot persisted
ok 44 - Resident cannot assess fees
ok 45 - Resident cannot start agency processing
SET
ok 46 - Pending fee assessment blocks payment at ledger boundary
ok 47 - Administrator must use controlled assessment
SET
ok 48 - Administrator cannot impersonate controlled assessment with a session setting
SET
ok 49 - Appearance readiness required before acceptance
ok 50 - Complete requirements and appearance start clock
ok 51 - Pause requires documented resident reason
ok 52 - Resident wait recorded
ok 53 - Overlapping pause rejected
ok 54 - Open wait resumed
ok 55 - Repeated resume rejected
ok 56 - Explicit waiver persists administrator basis
ok 57 - Readiness stops processing clock
ok 58 - Waiver bypasses payment and permits release
ok 59 - Acceptance, readiness and release are separate ordered server times
ok 60 - Target snapshot cannot be overwritten
ok 61 - Catalog rejects duplicate purpose codes at server boundary
ok 62 - Administrator may change future catalog target
ok 63 - Existing target snapshot survives catalog edit
SET
ok 64 - Renter requires lessor evidence independently of verified identity
ok 65 - Owned file at exact 5 MB limit attaches transactionally
ok 66 - Owner reads attached supporting metadata
ok 67 - Attachment associations have no direct write grant
ok 68 - Upload cannot assign another owner path
ok 69 - Supporting evidence cannot be overwritten
SET
ok 70 - Same-tenant administrator reads attachment associations
ok 71 - Administrator reads attached evidence, not unattached foreign files
ok 72 - Administrator confirms request amount
ok 73 - Payment rejects amount differing from assessment
ok 74 - Confirmed request amount begins payment
ok 75 - Second active payment is rejected
ok 76 - Amount freezes when payment begins
ok 77 - Ledger cannot overwrite frozen assessed amount
SET
ok 78 - Other-tenant administrator cannot read attachments
ok 79 - Other-tenant administrator cannot read supporting objects
ok 80 - Other-tenant administrator cannot assess a foreign request
RESET
INSERT 0 1
SET
SET
ok 81 - Copy request snapshots description and copies
SET
ok 82 - Total pages cannot be multiplied by requested copies again
ok 83 - Ten pesos per total confirmed page
ok 84 - Copy processing can start after complete requirements
ok 85 - Copy wait recorded
SET
ok 86 - Existing resident cancellation RPC supports v2 and freezes clock
ok 87 - Cancellation freezes new timing state
ok 88 - Cancellation closes documented resident waits
RESET
INSERT 0 2
SET
SET
ok 89 - Unrelated profile edit preserves versioned approval
ok 90 - Unrelated edit retains approval
ok 91 - Replacement publishes a distinct immutable evidence version
ok 92 - Replacement clears approval
ok 93 - Replacement pending evidence blocks new requests
ok 94 - Historical request retains reviewed evidence reference
SET
ok 95 - Stale evidence review cannot alter replacement
ok 96 - Administrator rejection records reason and actor
SET
ok 97 - Failed verification blocks new requests
ok 98 - Lost-response retry still retrieves historical request after replacement
SET
ok 99 - Named OAuth identity without registration metadata can complete profile
ok 100 - User metadata role does not assign authority
ok 101 - Completion derives configured locality
ok 102 - Completion derives province
ok 103 - Completion rejects tenant injection
ok 104 - Required profile enum cannot be JSON null
ok 105 - Existing self-service account anonymization remains compatible
ok 106 - Deleted identity cannot invoke controlled submission
ok 107 - Profile completion cannot restore a deleted identity
RESET
1..107
COMMIT
