Resetting local database...
Recreating database...
Initialising schema...
Seeding globals from roles.sql...
Applying migration 0001_barangays_and_profiles.sql...
Applying migration 0002_document_types_and_service_requests.sql...
Applying migration 0003_announcements.sql...
Applying migration 0004_service_request_reference_default.sql...
Applying migration 0005_guest_readable_public_content.sql...
Applying migration 0006_profile_theme_preference.sql...
Applying migration 0007_payments_and_admin_access.sql...
Applying migration 0008_resident_directory_access.sql...
Applying migration 0009_admin_crud_and_soft_delete.sql...
Applying migration 0010_resident_set_payment_method.sql...
Applying migration 0011_announcements_admin_write.sql...
Applying migration 0012_profile_trigger_and_verification_status.sql...
Applying migration 0013_protect_verification_fields.sql...
Applying migration 0014_request_delivery_workflow.sql...
Applying migration 0015_request_delivery_transition_rpc.sql...
Applying migration 0017_harden_payments_rls.sql...
Applying migration 0018_begin_processing_rpc.sql...
Applying migration 0019_fix_announcement_soft_delete.sql...
Applying migration 0020_id_documents_storage.sql...
Applying migration 0021_enable_pgtap.sql...
Applying migration 0022_maps_tables.sql...
Applying migration 0023_seed_incident_categories.sql...
Applying migration 0024_ampid1_boundary.sql...
Applying migration 0025_incident_management.sql...
Applying migration 0026_incident_report_workflow.sql...
Applying migration 0027_incidents_realtime.sql...
Applying migration 0029_drop_diag_temp.sql...
Applying migration 0030_diag_temp2.sql...
Applying migration 0031_drop_diag_temp2.sql...
Applying migration 0032_withdraw_incident_rpc.sql...
Applying migration 0033_diag_temp3.sql...
Applying migration 0034_drop_diag_temp3.sql...
Applying migration 0035_medical_drives.sql...
Applying migration 0036_medical_drives_admin_rls.sql...
Applying migration 0037_profile_birth_date.sql...
Applying migration 0038_health_realtime.sql...
Applying migration 0039_profile_extended_fields.sql...
Applying migration 0040_profile_avatar.sql...
Applying migration 0041_id_verification_status.sql...
Applying migration 0042_id_documents_public_bucket.sql...
Applying migration 0043_emergency_content.sql...
Applying migration 0044_evacuation_centers_verified.sql...
Applying migration 0045_evacuation_center_checkins.sql...
Applying migration 0046_household_members.sql...
Applying migration 0047_emergency_information.sql...
Applying migration 0048_realtime_publications.sql...
Applying migration 0049_seed_empty_tables.sql...
Applying migration 0050_create_emergency_qr_tables.sql...
Applying migration 0051_waste_management.sql...
Applying migration 0052_household_admin_management.sql...
Applying migration 0053_faq.sql...
Applying migration 0054_barangay_settings.sql...
Applying migration 0055_grant_guest_read_access.sql...
Applying migration 0056_admin_staff_management.sql...
Applying migration 0057_barangay_officials.sql...
Applying migration 0058_admin_audit_log.sql...
Applying migration 0059_site_content_and_about_us.sql...
Applying migration 0060_storage_site_content.sql...
Applying migration 0061_save_about_us_rpc.sql...
Applying migration 0062_seed_site_content_and_about_us.sql...
Applying migration 0063_push_notifications.sql...
Applying migration 0064_qrph_instant_payment_and_refunds.sql...
Applying migration 0065_qrph_payment_intents.sql...
Applying migration 0066_qrph_persistent_qr_and_resident_cancel.sql...
Applying migration 0067_fix_household_members_uuid_sync.sql...
Applying migration 0068_signup_birth_date.sql...
Applying migration 0069_fix_emergency_information_tenant_leak.sql...
Applying migration 0070_waste_management_resident_read.sql...
Applying migration 0071_add_missing_fk_indexes.sql...
Applying migration 0072_admin_register_for_drive.sql...
Applying migration 0073_id_documents_private_again.sql...
Applying migration 0074_account_deletion.sql...
Applying migration 0075_profile_theme_customization.sql...
Applying migration 0076_placeholder.sql...
Applying migration 0077_waste_zone_cron_scoring.sql...
Applying migration 0078_registration_location_verification.sql...
Applying migration 0079_export_rate_limit.sql...
Applying migration 0080_reports_unread_counts.sql...
Applying migration 0081_resident_profile_field_split.sql...
Applying migration 0082_remove_delivery_add_pickup.sql...
Applying migration 0083_incident_location_details.sql...
Applying migration 0084_announcement_detailed_description.sql...
Applying migration 0085_resident_mark_resolved_incident_read.sql...
Applying migration 0086_about_us_logo_size.sql...
Applying migration 0087_about_us_title.sql...
Applying migration 0088_faq_articles_guest_read.sql...
Applying migration 0089_id_verification_failed_status.sql...
Applying migration 0090_location_verification.sql...
Applying migration 0091_verified_location_address.sql...
Applying migration 0092_drive_registrations_admin_update.sql...
Applying migration 0093_resident_ios_backend_safety.sql...
Applying migration 0094_resident_ios_tenant_write_guards.sql...
Applying migration 20261001030133_phase1_shared_foundations.sql...
Applying migration 20261001145422_phase2_trusted_evidence_locality.sql...
Applying migration 20261001160010_phase3_catalog_staff_workflows.sql...
Seeding data from supabase/seed.sql...
Restarting containers...
Finished supabase db reset on branch main.
A new version of Supabase CLI is available: v2.119.0 (currently installed v2.118.0)
We recommend updating regularly for new features and bug fixes: https://supabase.com/docs/guides/cli/getting-started#updating-the-supabase-cli
