Portable infrastructure fixture
SET
CREATE SCHEMA
CREATE SCHEMA
CREATE SCHEMA
CREATE EXTENSION
CREATE TABLE
CREATE TABLE
CREATE FUNCTION
CREATE FUNCTION
CREATE FUNCTION
CREATE TABLE
CREATE TABLE
ALTER TABLE
CREATE FUNCTION
CREATE PUBLICATION
GRANT
GRANT
GRANT
ALTER DEFAULT PRIVILEGES
ALTER DEFAULT PRIVILEGES
ALTER DEFAULT PRIVILEGES
SET
0001_barangays_and_profiles.sql
SET
CREATE TABLE
COMMENT
ALTER TABLE
CREATE POLICY
CREATE TABLE
COMMENT
ALTER TABLE
CREATE POLICY
CREATE POLICY
CREATE POLICY
CREATE FUNCTION
CREATE TRIGGER
CREATE FUNCTION
CREATE FUNCTION
COMMENT
0002_document_types_and_service_requests.sql
SET
CREATE TABLE
ALTER TABLE
CREATE POLICY
CREATE TABLE
ALTER TABLE
CREATE POLICY
CREATE POLICY
CREATE TRIGGER
CREATE SEQUENCE
CREATE FUNCTION
CREATE TRIGGER
CREATE FUNCTION
CREATE TRIGGER
ALTER PUBLICATION
0003_announcements.sql
SET
CREATE TABLE
ALTER TABLE
CREATE POLICY
ALTER PUBLICATION
0004_service_request_reference_default.sql
SET
ALTER TABLE
DROP TRIGGER
DROP FUNCTION
0005_guest_readable_public_content.sql
SET
CREATE POLICY
CREATE POLICY
0006_profile_theme_preference.sql
SET
ALTER TABLE
0007_payments_and_admin_access.sql
SET
ALTER TABLE
CREATE TABLE
ALTER TABLE
CREATE POLICY
CREATE POLICY
CREATE POLICY
CREATE POLICY
CREATE TRIGGER
ALTER PUBLICATION
CREATE FUNCTION
CREATE TRIGGER
CREATE POLICY
CREATE POLICY
CREATE FUNCTION
CREATE FUNCTION
CREATE POLICY
0008_resident_directory_access.sql
SET
CREATE POLICY
CREATE VIEW
ALTER PUBLICATION
0009_admin_crud_and_soft_delete.sql
SET
ALTER TABLE
ALTER TABLE
ALTER TABLE
ALTER TABLE
CREATE POLICY
CREATE POLICY
CREATE POLICY
CREATE POLICY
0010_resident_set_payment_method.sql
SET
CREATE FUNCTION
GRANT
0011_announcements_admin_write.sql
SET
ALTER TABLE
DROP POLICY
DROP POLICY
CREATE POLICY
CREATE POLICY
CREATE POLICY
0012_profile_trigger_and_verification_status.sql
SET
ALTER TABLE
COMMENT
CREATE FUNCTION
COMMENT
DROP TRIGGER
CREATE TRIGGER
0013_protect_verification_fields.sql
SET
CREATE FUNCTION
COMMENT
DROP TRIGGER
CREATE TRIGGER
0014_request_delivery_workflow.sql
SET
ALTER TABLE
ALTER TABLE
ALTER TABLE
UPDATE 0
ALTER TABLE
CREATE FUNCTION
DROP TRIGGER
CREATE TRIGGER
CREATE FUNCTION
0015_request_delivery_transition_rpc.sql
SET
CREATE FUNCTION
0017_harden_payments_rls.sql
SET
ALTER TABLE
DROP POLICY
ALTER TABLE
0018_begin_processing_rpc.sql
SET
CREATE FUNCTION
COMMENT
0019_fix_announcement_soft_delete.sql
SET
DROP POLICY
DROP POLICY
0020_id_documents_storage.sql
SET
ALTER TABLE
INSERT 0 1
CREATE POLICY
CREATE POLICY
CREATE POLICY
0021_enable_pgtap.sql
SET
CREATE EXTENSION
0022_maps_tables.sql
SET
CREATE TABLE
ALTER TABLE
CREATE POLICY
CREATE POLICY
CREATE TABLE
CREATE INDEX
CREATE INDEX
CREATE INDEX
CREATE INDEX
ALTER TABLE
CREATE POLICY
CREATE POLICY
CREATE POLICY
CREATE TABLE
CREATE INDEX
CREATE INDEX
ALTER TABLE
CREATE POLICY
CREATE POLICY
0023_seed_incident_categories.sql
SET
INSERT 0 0
0024_ampid1_boundary.sql
SET
UPDATE 0
0025_incident_management.sql
SET
CREATE TRIGGER
INSERT 0 1
CREATE POLICY
CREATE POLICY
CREATE POLICY
CREATE TABLE
CREATE INDEX
ALTER TABLE
CREATE POLICY
CREATE POLICY
CREATE POLICY
CREATE FUNCTION
COMMENT
CREATE FUNCTION
COMMENT
CREATE FUNCTION
COMMENT
0026_incident_report_workflow.sql
SET
ALTER TABLE
ALTER TABLE
CREATE FUNCTION
COMMENT
CREATE FUNCTION
COMMENT
CREATE POLICY
0027_incidents_realtime.sql
SET
ALTER PUBLICATION
0029_drop_diag_temp.sql
SET
DROP FUNCTION
0030_diag_temp2.sql
SET
CREATE FUNCTION
GRANT
0031_drop_diag_temp2.sql
SET
DROP FUNCTION
0032_withdraw_incident_rpc.sql
SET
CREATE FUNCTION
COMMENT
0033_diag_temp3.sql
SET
CREATE FUNCTION
GRANT
0034_drop_diag_temp3.sql
SET
DROP FUNCTION
0035_medical_drives.sql
SET
CREATE TYPE
CREATE TYPE
CREATE TABLE
COMMENT
CREATE INDEX
CREATE INDEX
CREATE TRIGGER
CREATE TABLE
COMMENT
CREATE INDEX
CREATE INDEX
CREATE TRIGGER
ALTER TABLE
ALTER TABLE
CREATE POLICY
CREATE POLICY
CREATE POLICY
CREATE FUNCTION
0036_medical_drives_admin_rls.sql
SET
CREATE POLICY
CREATE POLICY
CREATE POLICY
0037_profile_birth_date.sql
SET
ALTER TABLE
COMMENT
0038_health_realtime.sql
SET
ALTER PUBLICATION
ALTER PUBLICATION
0039_profile_extended_fields.sql
SET
ALTER TABLE
UPDATE 0
COMMENT
COMMENT
COMMENT
COMMENT
CREATE FUNCTION
COMMENT
0040_profile_avatar.sql
SET
ALTER TABLE
COMMENT
INSERT 0 1
CREATE POLICY
CREATE POLICY
CREATE POLICY
CREATE POLICY
0041_id_verification_status.sql
SET
ALTER TABLE
COMMENT
CREATE FUNCTION
COMMENT
DROP TRIGGER
CREATE TRIGGER
0042_id_documents_public_bucket.sql
SET
UPDATE 1
UPDATE 1
CREATE POLICY
CREATE POLICY
CREATE POLICY
0043_emergency_content.sql
SET
0044_evacuation_centers_verified.sql
SET
ALTER TABLE
COMMENT
DO
0045_evacuation_center_checkins.sql
SET
CREATE TABLE
CREATE INDEX
CREATE INDEX
CREATE INDEX
CREATE INDEX
ALTER TABLE
CREATE POLICY
CREATE POLICY
CREATE POLICY
0046_household_members.sql
SET
CREATE TABLE
CREATE INDEX
CREATE INDEX
ALTER TABLE
CREATE POLICY
CREATE POLICY
CREATE FUNCTION
CREATE TRIGGER
0047_emergency_information.sql
SET
CREATE TABLE
CREATE INDEX
CREATE INDEX
CREATE INDEX
ALTER TABLE
CREATE POLICY
CREATE POLICY
0048_realtime_publications.sql
SET
ALTER PUBLICATION
ALTER PUBLICATION
ALTER PUBLICATION
ALTER PUBLICATION
0049_seed_empty_tables.sql
SET
DO
0050_create_emergency_qr_tables.sql
SET
CREATE TABLE
CREATE TABLE
CREATE INDEX
CREATE INDEX
CREATE FUNCTION
CREATE TRIGGER
CREATE TRIGGER
ALTER TABLE
ALTER TABLE
CREATE POLICY
CREATE POLICY
CREATE POLICY
CREATE POLICY
ALTER TABLE
ALTER TABLE
DO
0051_waste_management.sql
SET
CREATE TABLE
CREATE TABLE
CREATE INDEX
CREATE INDEX
CREATE INDEX
CREATE FUNCTION
CREATE TRIGGER
CREATE TRIGGER
ALTER TABLE
ALTER TABLE
CREATE POLICY
CREATE POLICY
ALTER TABLE
ALTER TABLE
DO
0052_household_admin_management.sql
SET
DROP POLICY
CREATE POLICY
CREATE FUNCTION
CREATE FUNCTION
CREATE FUNCTION
CREATE FUNCTION
DROP TRIGGER
CREATE TRIGGER
DO
0053_faq.sql
SET
CREATE TABLE
CREATE INDEX
CREATE INDEX
CREATE INDEX
CREATE INDEX
ALTER TABLE
CREATE POLICY
CREATE POLICY
CREATE FUNCTION
CREATE TRIGGER
ALTER TABLE
DO
DO
0054_barangay_settings.sql
SET
ALTER TABLE
DROP TRIGGER
CREATE TRIGGER
DROP POLICY
CREATE POLICY
DO
0055_grant_guest_read_access.sql
SET
DROP POLICY
CREATE POLICY
DROP POLICY
CREATE POLICY
DROP POLICY
CREATE POLICY
DROP POLICY
CREATE POLICY
0056_admin_staff_management.sql
SET
ALTER TABLE
ALTER TABLE
DROP POLICY
DROP POLICY
CREATE POLICY
DROP POLICY
DROP POLICY
CREATE POLICY
CREATE FUNCTION
DROP TRIGGER
CREATE TRIGGER
0057_barangay_officials.sql
SET
CREATE TABLE
CREATE INDEX
ALTER TABLE
CREATE FUNCTION
DROP TRIGGER
CREATE TRIGGER
DROP POLICY
CREATE POLICY
DROP POLICY
CREATE POLICY
DROP POLICY
CREATE POLICY
DROP POLICY
CREATE POLICY
CREATE FUNCTION
DROP TRIGGER
CREATE TRIGGER
INSERT 0 0
0058_admin_audit_log.sql
SET
DROP VIEW
CREATE TABLE
CREATE INDEX
CREATE INDEX
ALTER TABLE
CREATE POLICY
CREATE POLICY
CREATE POLICY
ALTER PUBLICATION
0059_site_content_and_about_us.sql
SET
CREATE TABLE
CREATE INDEX
CREATE INDEX
CREATE TABLE
CREATE INDEX
CREATE INDEX
CREATE TABLE
CREATE INDEX
CREATE INDEX
CREATE TRIGGER
CREATE TRIGGER
CREATE TRIGGER
ALTER TABLE
ALTER TABLE
ALTER TABLE
CREATE POLICY
CREATE POLICY
CREATE POLICY
CREATE POLICY
CREATE POLICY
CREATE POLICY
CREATE POLICY
CREATE POLICY
CREATE POLICY
ALTER TABLE
ALTER TABLE
ALTER TABLE
DO
INSERT 0 0
INSERT 0 0
0060_storage_site_content.sql
SET
INSERT 0 1
CREATE POLICY
CREATE POLICY
CREATE POLICY
CREATE POLICY
0061_save_about_us_rpc.sql
SET
CREATE FUNCTION
GRANT
0062_seed_site_content_and_about_us.sql
SET
INSERT 0 0
INSERT 0 0
INSERT 0 0
DELETE 0
INSERT 0 0
0063_push_notifications.sql
SET
ALTER TABLE
COMMENT
CREATE TABLE
COMMENT
ALTER TABLE
CREATE POLICY
CREATE FUNCTION
0064_qrph_instant_payment_and_refunds.sql
SET
ALTER TABLE
ALTER TABLE
ALTER TABLE
ALTER TABLE
ALTER TABLE
CREATE FUNCTION
COMMENT
COMMENT
ALTER TABLE
COMMENT
ALTER TABLE
COMMENT
COMMENT
0065_qrph_payment_intents.sql
SET
ALTER TABLE
COMMENT
ALTER TABLE
COMMENT
DO
ALTER TABLE
0066_qrph_persistent_qr_and_resident_cancel.sql
SET
ALTER TABLE
CREATE FUNCTION
GRANT
0067_fix_household_members_uuid_sync.sql
SET
CREATE FUNCTION
COMMENT
0068_signup_birth_date.sql
SET
CREATE FUNCTION
COMMENT
0069_fix_emergency_information_tenant_leak.sql
SET
DROP POLICY
CREATE POLICY
CREATE POLICY
0070_waste_management_resident_read.sql
SET
CREATE POLICY
CREATE POLICY
0071_add_missing_fk_indexes.sql
SET
CREATE INDEX
CREATE INDEX
CREATE INDEX
CREATE INDEX
CREATE INDEX
CREATE INDEX
CREATE INDEX
CREATE INDEX
CREATE INDEX
CREATE INDEX
CREATE INDEX
0072_admin_register_for_drive.sql
SET
CREATE FUNCTION
0073_id_documents_private_again.sql
SET
UPDATE 1
0074_account_deletion.sql
SET
ALTER TABLE
COMMENT
CREATE INDEX
CREATE FUNCTION
COMMENT
DROP POLICY
CREATE POLICY
0075_profile_theme_customization.sql
SET
ALTER TABLE
0076_placeholder.sql
SET
0077_waste_zone_cron_scoring.sql
SET
ALTER TABLE
CREATE INDEX
ALTER TABLE
COMMENT
CREATE FUNCTION
COMMENT
DO
DO

0078_registration_location_verification.sql
SET
ALTER TABLE
COMMENT
COMMENT
CREATE FUNCTION
COMMENT
0079_export_rate_limit.sql
SET
ALTER TABLE
COMMENT
0080_reports_unread_counts.sql
SET
ALTER TABLE
CREATE TABLE
ALTER TABLE
CREATE POLICY
ALTER PUBLICATION
0081_resident_profile_field_split.sql
SET
ALTER TABLE
COMMENT
COMMENT
COMMENT
COMMENT
COMMENT
COMMENT
COMMENT
COMMENT
COMMENT
COMMENT
CREATE FUNCTION
COMMENT
DROP TRIGGER
CREATE TRIGGER
CREATE FUNCTION
COMMENT
0082_remove_delivery_add_pickup.sql
SET
ALTER TABLE
ALTER TABLE
UPDATE 0
UPDATE 0
ALTER TABLE
ALTER TABLE
CREATE FUNCTION
DROP FUNCTION
CREATE FUNCTION
CREATE FUNCTION
DO
DO
UPDATE 0
UPDATE 0
ALTER TABLE
ALTER TABLE
CREATE FUNCTION
ALTER TABLE
ALTER TABLE
COMMENT
0083_incident_location_details.sql
SET
ALTER TABLE
COMMENT
COMMENT
0084_announcement_detailed_description.sql
SET
ALTER TABLE
COMMENT
0085_resident_mark_resolved_incident_read.sql
SET
CREATE POLICY
0086_about_us_logo_size.sql
SET
ALTER TABLE
CREATE FUNCTION
GRANT
0087_about_us_title.sql
SET
ALTER TABLE
CREATE FUNCTION
GRANT
0088_faq_articles_guest_read.sql
SET
CREATE POLICY
0089_id_verification_failed_status.sql
SET
ALTER TABLE
ALTER TABLE
COMMENT
CREATE FUNCTION
COMMENT
0090_location_verification.sql
SET
ALTER TABLE
COMMENT
COMMENT
0091_verified_location_address.sql
SET
ALTER TABLE
COMMENT
0092_drive_registrations_admin_update.sql
SET
CREATE POLICY
0093_resident_ios_backend_safety.sql
SET
CREATE FUNCTION
DROP TRIGGER
CREATE TRIGGER
CREATE FUNCTION
CREATE FUNCTION
CREATE FUNCTION
REVOKE
REVOKE
REVOKE
GRANT
GRANT
GRANT
DROP POLICY
CREATE POLICY
ALTER TABLE
CREATE INDEX
COMMENT
0094_resident_ios_tenant_write_guards.sql
SET
CREATE FUNCTION
DROP TRIGGER
CREATE TRIGGER
CREATE FUNCTION
DROP TRIGGER
CREATE TRIGGER
COMMENT
COMMENT
0095_phase1_shared_foundations.sql
SET
BEGIN
CREATE SCHEMA
REVOKE
GRANT
CREATE TABLE
INSERT 0 0
ALTER TABLE
REVOKE
GRANT
CREATE POLICY
ALTER TABLE
CREATE TABLE
ALTER TABLE
REVOKE
GRANT
CREATE POLICY
ALTER TABLE
ALTER TABLE
CREATE INDEX
CREATE INDEX
CREATE INDEX
CREATE INDEX
CREATE INDEX
CREATE TABLE
CREATE INDEX
CREATE INDEX
CREATE INDEX
ALTER TABLE
REVOKE
GRANT
CREATE POLICY
CREATE TABLE
CREATE INDEX
ALTER TABLE
REVOKE
GRANT
CREATE POLICY
INSERT 0 1
CREATE POLICY
CREATE POLICY
CREATE POLICY
ALTER POLICY
ALTER POLICY
CREATE POLICY
CREATE FUNCTION
CREATE FUNCTION
CREATE FUNCTION
CREATE FUNCTION
CREATE FUNCTION
CREATE TRIGGER
CREATE FUNCTION
CREATE TRIGGER
CREATE FUNCTION
CREATE TRIGGER
DROP TRIGGER
CREATE TRIGGER
CREATE FUNCTION
CREATE FUNCTION
CREATE FUNCTION
CREATE FUNCTION
CREATE FUNCTION
CREATE FUNCTION
CREATE FUNCTION
CREATE FUNCTION
CREATE FUNCTION
CREATE TRIGGER
CREATE FUNCTION
CREATE FUNCTION
CREATE FUNCTION
CREATE FUNCTION
CREATE FUNCTION
CREATE FUNCTION
REVOKE
GRANT
REVOKE
GRANT
REVOKE
GRANT
GRANT
COMMENT
COMMENT
COMMENT
COMMIT
0096_phase2_trusted_evidence_locality.sql
SET
BEGIN
ALTER TABLE
DO
ALTER TABLE
DO
CREATE POLICY
CREATE POLICY
CREATE FUNCTION
REVOKE
CREATE TRIGGER
CREATE FUNCTION
UPDATE 0
CREATE FUNCTION
REVOKE
CREATE TRIGGER
CREATE FUNCTION
REVOKE
CREATE TRIGGER
COMMIT
0097_phase3_catalog_staff_workflows.sql
SET
BEGIN
ALTER TABLE
ALTER TABLE
UPDATE 0
ALTER TABLE
CREATE FUNCTION
CREATE FUNCTION
REVOKE
GRANT
CREATE FUNCTION
REVOKE

CREATE FUNCTION
CREATE FUNCTION
CREATE FUNCTION
CREATE INDEX
CREATE FUNCTION
REVOKE
CREATE TRIGGER
COMMIT
0098_phase4_resident_submission_payment.sql
SET
BEGIN
CREATE TABLE
ALTER TABLE
REVOKE
CREATE FUNCTION
CREATE FUNCTION
REVOKE
GRANT
CREATE FUNCTION
CREATE FUNCTION
CREATE FUNCTION
REVOKE
GRANT
CREATE FUNCTION
CREATE FUNCTION
COMMIT
0099_phase5_sla_engine_reporting.sql
SET
BEGIN
ALTER TABLE
CREATE FUNCTION
CREATE TRIGGER
CREATE FUNCTION
REVOKE
GRANT
CREATE FUNCTION
REVOKE
GRANT
CREATE TABLE
ALTER TABLE
REVOKE
GRANT
CREATE POLICY
CREATE FUNCTION
REVOKE
GRANT
CREATE FUNCTION
CREATE FUNCTION
REVOKE
GRANT
DO
REVOKE
COMMIT
0100_restore_admin_document_type_creation.sql
SET
BEGIN
DROP TRIGGER
DROP FUNCTION
COMMIT
0101_unified_document_type_charter_forms.sql
SET
BEGIN
ALTER TABLE
ALTER TABLE
DROP INDEX
CREATE INDEX
CREATE FUNCTION
CREATE FUNCTION
CREATE FUNCTION
REVOKE
CREATE TRIGGER
COMMENT
COMMENT
COMMIT
0102_phase6_registration_maps_auth.sql
SET
BEGIN
ALTER TABLE
CREATE FUNCTION
CREATE FUNCTION
CREATE FUNCTION
CREATE FUNCTION
CREATE TRIGGER
ALTER FUNCTION
CREATE FUNCTION
CREATE FUNCTION
REVOKE
REVOKE
GRANT
REVOKE
COMMIT
0103_phase6_deferred_profile_completion.sql
SET
BEGIN
CREATE FUNCTION
REVOKE
GRANT
CREATE POLICY
CREATE POLICY
CREATE POLICY
CREATE POLICY
CREATE POLICY
CREATE POLICY
CREATE POLICY
CREATE POLICY
CREATE FUNCTION
REVOKE
CREATE TRIGGER
CREATE TRIGGER
CREATE TRIGGER
COMMIT
0104_google_minimal_resident_profiles.sql
SET
BEGIN
CREATE FUNCTION
CREATE FUNCTION
CREATE FUNCTION
CREATE FUNCTION
CREATE TRIGGER
CREATE FUNCTION
CREATE FUNCTION
REVOKE
GRANT
COMMENT
NOTIFY
COMMIT
0105_phase7_administrator_only_scores.sql
SET
BEGIN
LOCK TABLE
CREATE TABLE
ALTER TABLE
REVOKE
GRANT
GRANT
CREATE POLICY
INSERT 0 0
DO
ALTER TABLE
ALTER TABLE
ALTER TABLE
UPDATE 0
ALTER TABLE
COMMENT
ALTER POLICY
CREATE FUNCTION
REVOKE
CREATE TRIGGER
CREATE FUNCTION
REVOKE
CREATE TRIGGER
CREATE FUNCTION
CREATE FUNCTION
REVOKE
GRANT
REVOKE
GRANT
NOTIFY
COMMIT
0106_remove_obsolete_registration_score.sql
SET
BEGIN
ALTER TABLE
NOTIFY
COMMIT
Phase 7 acceptance
SET
BEGIN
INSERT 0 2
INSERT 0 7
INSERT 0 6
UPDATE 1
INSERT 0 3
INSERT 0 1
ok 1 - Obsolete score column removed
ok 2 - Protected scores excluded from every Realtime publication
ok 3 - Resident registration updates remain published
ok 4 - Anonymous self registration denied
ok 5 - Anonymous staff registration denied
ok 6 - Internal score operation inaccessible
ok 7 - Clients cannot write scores
SET
b7070000-0000-0000-0000-000000000001
SELECT 1
ok 8 - Resident RPC omits score key
ok 9 - Resident RPC has exactly applicant, registration, status fields
ok 10 - Registration status preserved
ok 11 - Applicant number preserved
ok 12 - Resident cannot read protected score rows
ok 13 - Resident cannot read scores in staff audit metadata
ok 14 - Resident embedded join cannot recover score
ok 15 - Resident wildcard REST/export rows contain no score
ok 16 - Explicit obsolete column query fails
ok 17 - Resident cannot call staff score-returning RPC
ok 18 - Duplicate retry does not create registration or score
ok 19 - Cross-tenant registration rejected
ok 20 - Cancellation cannot tamper with scoring inputs
ok 21 - Cancellation cannot rewrite applicant history
ok 22 - Resident cancellation remains supported
RESET
ok 23 - PWD senior capped comorbidities and prior dose preserve formula
ok 24 - Duplicate and failed foreign operation preserve capacity
ok 25 - Cross-tenant failure rolls back all writes
SET
b7070000-0000-0000-0000-000000000002
ok 26 - Foreign tenant resident can register for their own drive
ok 27 - Foreign resident cannot read own or other scores
RESET
SET
b7070000-0000-0000-0000-000000000003
ok 28 - Same-tenant administrator sees only local scores
ok 29 - Administrator retains exact score
ok 30 - Active administrator retains historical audit score
ok 31 - Administrator cannot retrieve foreign scores
ok 32 - Admin RPC retains score for new resident
ok 33 - Protected administrator rankings preserve ordering
ok 34 - Admin edits and status management remain supported
ok 35 - Admin input edits preserve original score snapshot
ok 36 - Admin cannot overwrite preserved score
ok 37 - Staff cannot register foreign resident
RESET
SET
b7070000-0000-0000-0000-000000000004
ok 38 - Foreign administrator retains only foreign tenant score
ok 39 - Foreign administrator cannot read local historical audit scores
RESET
SET
b7070000-0000-0000-0000-000000000006
ok 40 - Deleted administrator cannot read protected scores
ok 41 - Deleted administrator cannot read historical audit scores
ok 42 - Deleted administrator cannot return score via RPC
RESET
SET
b7070000-0000-0000-0000-000000000007
ok 43 - Missing profile cannot retrieve score
ok 44 - Missing role cannot bypass admin RPC through SQL null comparisons
RESET
SET
ok 45 - Anonymous score storage denied
RESET
ok 46 - Every successful registration has exactly one protected score
1..46
ROLLBACK
