CREATE SCHEMA
CREATE SCHEMA
CREATE SCHEMA
CREATE EXTENSION
CREATE TABLE
CREATE TABLE
CREATE FUNCTION
CREATE FUNCTION
CREATE FUNCTION
CREATE TABLE
CREATE TABLE
ALTER TABLE
CREATE FUNCTION
CREATE PUBLICATION
GRANT
GRANT
GRANT
ALTER DEFAULT PRIVILEGES
ALTER DEFAULT PRIVILEGES
ALTER DEFAULT PRIVILEGES
SET
MIGRATION:0001_barangays_and_profiles.sql
CREATE TABLE
COMMENT
ALTER TABLE
CREATE POLICY
CREATE TABLE
COMMENT
ALTER TABLE
CREATE POLICY
CREATE POLICY
CREATE POLICY
CREATE FUNCTION
CREATE TRIGGER
CREATE FUNCTION
CREATE FUNCTION
COMMENT
MIGRATION:0002_document_types_and_service_requests.sql
CREATE TABLE
ALTER TABLE
CREATE POLICY
CREATE TABLE
ALTER TABLE
CREATE POLICY
CREATE POLICY
CREATE TRIGGER
CREATE SEQUENCE
CREATE FUNCTION
CREATE TRIGGER
CREATE FUNCTION
CREATE TRIGGER
ALTER PUBLICATION
MIGRATION:0003_announcements.sql
CREATE TABLE
ALTER TABLE
CREATE POLICY
ALTER PUBLICATION
MIGRATION:0004_service_request_reference_default.sql
ALTER TABLE
DROP TRIGGER
DROP FUNCTION
MIGRATION:0005_guest_readable_public_content.sql
CREATE POLICY
CREATE POLICY
MIGRATION:0006_profile_theme_preference.sql
ALTER TABLE
MIGRATION:0007_payments_and_admin_access.sql
ALTER TABLE
CREATE TABLE
ALTER TABLE
CREATE POLICY
CREATE POLICY
CREATE POLICY
CREATE POLICY
CREATE TRIGGER
ALTER PUBLICATION
CREATE FUNCTION
CREATE TRIGGER
CREATE POLICY
CREATE POLICY
CREATE FUNCTION
CREATE FUNCTION
CREATE POLICY
MIGRATION:0008_resident_directory_access.sql
CREATE POLICY
CREATE VIEW
ALTER PUBLICATION
MIGRATION:0009_admin_crud_and_soft_delete.sql
ALTER TABLE
ALTER TABLE
ALTER TABLE
ALTER TABLE
CREATE POLICY
CREATE POLICY
CREATE POLICY
CREATE POLICY
MIGRATION:0010_resident_set_payment_method.sql
CREATE FUNCTION
GRANT
MIGRATION:0011_announcements_admin_write.sql
ALTER TABLE
DROP POLICY
DROP POLICY
CREATE POLICY
CREATE POLICY
CREATE POLICY
MIGRATION:0012_profile_trigger_and_verification_status.sql
ALTER TABLE
COMMENT
CREATE FUNCTION
COMMENT
DROP TRIGGER
CREATE TRIGGER
MIGRATION:0013_protect_verification_fields.sql
CREATE FUNCTION
COMMENT
DROP TRIGGER
CREATE TRIGGER
MIGRATION:0014_request_delivery_workflow.sql
ALTER TABLE
ALTER TABLE
ALTER TABLE
UPDATE 0
ALTER TABLE
CREATE FUNCTION
DROP TRIGGER
CREATE TRIGGER
CREATE FUNCTION
MIGRATION:0015_request_delivery_transition_rpc.sql
CREATE FUNCTION
MIGRATION:0017_harden_payments_rls.sql
ALTER TABLE
DROP POLICY
ALTER TABLE
MIGRATION:0018_begin_processing_rpc.sql
CREATE FUNCTION
COMMENT
MIGRATION:0019_fix_announcement_soft_delete.sql
DROP POLICY
DROP POLICY
MIGRATION:0020_id_documents_storage.sql
ALTER TABLE
INSERT 0 1
CREATE POLICY
CREATE POLICY
CREATE POLICY
MIGRATION:0021_enable_pgtap.sql
CREATE EXTENSION
MIGRATION:0022_maps_tables.sql
CREATE TABLE
ALTER TABLE
CREATE POLICY
CREATE POLICY
CREATE TABLE
CREATE INDEX
CREATE INDEX
CREATE INDEX
CREATE INDEX
ALTER TABLE
CREATE POLICY
CREATE POLICY
CREATE POLICY
CREATE TABLE
CREATE INDEX
CREATE INDEX
ALTER TABLE
CREATE POLICY
CREATE POLICY
MIGRATION:0023_seed_incident_categories.sql
INSERT 0 0
MIGRATION:0024_ampid1_boundary.sql
UPDATE 0
MIGRATION:0025_incident_management.sql
CREATE TRIGGER
INSERT 0 1
CREATE POLICY
CREATE POLICY
CREATE POLICY
CREATE TABLE
CREATE INDEX
ALTER TABLE
CREATE POLICY
CREATE POLICY
CREATE POLICY
CREATE FUNCTION
COMMENT
CREATE FUNCTION
COMMENT
CREATE FUNCTION
COMMENT
MIGRATION:0026_incident_report_workflow.sql
ALTER TABLE
ALTER TABLE
CREATE FUNCTION
COMMENT
CREATE FUNCTION
COMMENT
CREATE POLICY
MIGRATION:0027_incidents_realtime.sql
ALTER PUBLICATION
MIGRATION:0029_drop_diag_temp.sql
DROP FUNCTION
MIGRATION:0030_diag_temp2.sql
CREATE FUNCTION
GRANT
MIGRATION:0031_drop_diag_temp2.sql
DROP FUNCTION
MIGRATION:0032_withdraw_incident_rpc.sql
CREATE FUNCTION
COMMENT
MIGRATION:0033_diag_temp3.sql
CREATE FUNCTION
GRANT
MIGRATION:0034_drop_diag_temp3.sql
DROP FUNCTION
MIGRATION:0035_medical_drives.sql
CREATE TYPE
CREATE TYPE
CREATE TABLE
COMMENT
CREATE INDEX
CREATE INDEX
CREATE TRIGGER
CREATE TABLE
COMMENT
CREATE INDEX
CREATE INDEX
CREATE TRIGGER
ALTER TABLE
ALTER TABLE
CREATE POLICY
CREATE POLICY
CREATE POLICY
CREATE FUNCTION
MIGRATION:0036_medical_drives_admin_rls.sql
CREATE POLICY
CREATE POLICY
CREATE POLICY
MIGRATION:0037_profile_birth_date.sql
ALTER TABLE
COMMENT
MIGRATION:0038_health_realtime.sql
ALTER PUBLICATION
ALTER PUBLICATION
MIGRATION:0039_profile_extended_fields.sql
ALTER TABLE
UPDATE 0
COMMENT
COMMENT
COMMENT
COMMENT
CREATE FUNCTION
COMMENT
MIGRATION:0040_profile_avatar.sql
ALTER TABLE
COMMENT
INSERT 0 1
CREATE POLICY
CREATE POLICY
CREATE POLICY
CREATE POLICY
MIGRATION:0041_id_verification_status.sql
ALTER TABLE
COMMENT
CREATE FUNCTION
COMMENT
DROP TRIGGER
CREATE TRIGGER
MIGRATION:0042_id_documents_public_bucket.sql
UPDATE 1
UPDATE 1
CREATE POLICY
CREATE POLICY
CREATE POLICY
MIGRATION:0043_emergency_content.sql
MIGRATION:0044_evacuation_centers_verified.sql
ALTER TABLE
COMMENT
DO
MIGRATION:0045_evacuation_center_checkins.sql
CREATE TABLE
CREATE INDEX
CREATE INDEX
CREATE INDEX
CREATE INDEX
ALTER TABLE
CREATE POLICY
CREATE POLICY
CREATE POLICY
MIGRATION:0046_household_members.sql
CREATE TABLE
CREATE INDEX
CREATE INDEX
ALTER TABLE
CREATE POLICY
CREATE POLICY
CREATE FUNCTION
CREATE TRIGGER
MIGRATION:0047_emergency_information.sql
CREATE TABLE
CREATE INDEX
CREATE INDEX
CREATE INDEX
ALTER TABLE
CREATE POLICY
CREATE POLICY
MIGRATION:0048_realtime_publications.sql
ALTER PUBLICATION
ALTER PUBLICATION
ALTER PUBLICATION
ALTER PUBLICATION
MIGRATION:0049_seed_empty_tables.sql
DO
MIGRATION:0050_create_emergency_qr_tables.sql
CREATE TABLE
CREATE TABLE
CREATE INDEX
CREATE INDEX
CREATE FUNCTION
CREATE TRIGGER
CREATE TRIGGER
ALTER TABLE
ALTER TABLE
CREATE POLICY
CREATE POLICY
CREATE POLICY
CREATE POLICY
ALTER TABLE
ALTER TABLE
DO
MIGRATION:0051_waste_management.sql
CREATE TABLE
CREATE TABLE
CREATE INDEX
CREATE INDEX
CREATE INDEX
CREATE FUNCTION
CREATE TRIGGER
CREATE TRIGGER
ALTER TABLE
ALTER TABLE
CREATE POLICY
CREATE POLICY
ALTER TABLE
ALTER TABLE
DO
MIGRATION:0052_household_admin_management.sql
DROP POLICY
CREATE POLICY
CREATE FUNCTION
CREATE FUNCTION
CREATE FUNCTION
CREATE FUNCTION
DROP TRIGGER
CREATE TRIGGER
DO
MIGRATION:0053_faq.sql
CREATE TABLE
CREATE INDEX
CREATE INDEX
CREATE INDEX
CREATE INDEX
ALTER TABLE
CREATE POLICY
CREATE POLICY
CREATE FUNCTION
CREATE TRIGGER
ALTER TABLE
DO
DO
MIGRATION:0054_barangay_settings.sql
ALTER TABLE
DROP TRIGGER
CREATE TRIGGER
DROP POLICY
CREATE POLICY
DO
MIGRATION:0055_grant_guest_read_access.sql
DROP POLICY
CREATE POLICY
DROP POLICY
CREATE POLICY
DROP POLICY
CREATE POLICY
DROP POLICY
CREATE POLICY
MIGRATION:0056_admin_staff_management.sql
ALTER TABLE
ALTER TABLE
DROP POLICY
DROP POLICY
CREATE POLICY
DROP POLICY
DROP POLICY
CREATE POLICY
CREATE FUNCTION
DROP TRIGGER
CREATE TRIGGER
MIGRATION:0057_barangay_officials.sql
CREATE TABLE
CREATE INDEX
ALTER TABLE
CREATE FUNCTION
DROP TRIGGER
CREATE TRIGGER
DROP POLICY
CREATE POLICY
DROP POLICY
CREATE POLICY
DROP POLICY
CREATE POLICY
DROP POLICY
CREATE POLICY
CREATE FUNCTION
DROP TRIGGER
CREATE TRIGGER
INSERT 0 0
MIGRATION:0058_admin_audit_log.sql
DROP VIEW
CREATE TABLE
CREATE INDEX
CREATE INDEX
ALTER TABLE
CREATE POLICY
CREATE POLICY
CREATE POLICY
ALTER PUBLICATION
MIGRATION:0059_site_content_and_about_us.sql
CREATE TABLE
CREATE INDEX
CREATE INDEX
CREATE TABLE
CREATE INDEX
CREATE INDEX
CREATE TABLE
CREATE INDEX
CREATE INDEX
CREATE TRIGGER
CREATE TRIGGER
CREATE TRIGGER
ALTER TABLE
ALTER TABLE
ALTER TABLE
CREATE POLICY
CREATE POLICY
CREATE POLICY
CREATE POLICY
CREATE POLICY
CREATE POLICY
CREATE POLICY
CREATE POLICY
CREATE POLICY
ALTER TABLE
ALTER TABLE
ALTER TABLE
DO
INSERT 0 0
INSERT 0 0
MIGRATION:0060_storage_site_content.sql
INSERT 0 1
CREATE POLICY
CREATE POLICY
CREATE POLICY
CREATE POLICY
MIGRATION:0061_save_about_us_rpc.sql
CREATE FUNCTION
GRANT
MIGRATION:0062_seed_site_content_and_about_us.sql
INSERT 0 0
INSERT 0 0
INSERT 0 0
DELETE 0
INSERT 0 0
MIGRATION:0063_push_notifications.sql
ALTER TABLE
COMMENT
CREATE TABLE
COMMENT
ALTER TABLE
CREATE POLICY
CREATE FUNCTION
MIGRATION:0064_qrph_instant_payment_and_refunds.sql
ALTER TABLE
ALTER TABLE
ALTER TABLE
ALTER TABLE
ALTER TABLE
CREATE FUNCTION
COMMENT
COMMENT
ALTER TABLE
COMMENT
ALTER TABLE
COMMENT
COMMENT
MIGRATION:0065_qrph_payment_intents.sql
ALTER TABLE
COMMENT
ALTER TABLE
COMMENT
DO
ALTER TABLE
MIGRATION:0066_qrph_persistent_qr_and_resident_cancel.sql
ALTER TABLE
CREATE FUNCTION
GRANT
MIGRATION:0067_fix_household_members_uuid_sync.sql
CREATE FUNCTION
COMMENT
MIGRATION:0068_signup_birth_date.sql
CREATE FUNCTION
COMMENT
MIGRATION:0069_fix_emergency_information_tenant_leak.sql
DROP POLICY
CREATE POLICY
CREATE POLICY
MIGRATION:0070_waste_management_resident_read.sql
CREATE POLICY
CREATE POLICY
MIGRATION:0071_add_missing_fk_indexes.sql
CREATE INDEX
CREATE INDEX
CREATE INDEX
CREATE INDEX
CREATE INDEX
CREATE INDEX
CREATE INDEX
CREATE INDEX
CREATE INDEX
CREATE INDEX
CREATE INDEX
MIGRATION:0072_admin_register_for_drive.sql
CREATE FUNCTION
MIGRATION:0073_id_documents_private_again.sql
UPDATE 1
MIGRATION:0074_account_deletion.sql
ALTER TABLE
COMMENT
CREATE INDEX
CREATE FUNCTION
COMMENT
DROP POLICY
CREATE POLICY
MIGRATION:0075_profile_theme_customization.sql
ALTER TABLE
MIGRATION:0076_placeholder.sql
MIGRATION:0077_waste_zone_cron_scoring.sql
ALTER TABLE
CREATE INDEX
ALTER TABLE
COMMENT
CREATE FUNCTION
COMMENT
DO
DO

MIGRATION:0078_registration_location_verification.sql
ALTER TABLE
COMMENT
COMMENT
CREATE FUNCTION
COMMENT
MIGRATION:0079_export_rate_limit.sql
ALTER TABLE
COMMENT
MIGRATION:0080_reports_unread_counts.sql
ALTER TABLE
CREATE TABLE
ALTER TABLE
CREATE POLICY
ALTER PUBLICATION
MIGRATION:0081_resident_profile_field_split.sql
ALTER TABLE
COMMENT
COMMENT
COMMENT
COMMENT
COMMENT
COMMENT
COMMENT
COMMENT
COMMENT
COMMENT
CREATE FUNCTION
COMMENT
DROP TRIGGER
CREATE TRIGGER
CREATE FUNCTION
COMMENT
MIGRATION:0082_remove_delivery_add_pickup.sql
ALTER TABLE
ALTER TABLE
UPDATE 0
UPDATE 0
ALTER TABLE
ALTER TABLE
CREATE FUNCTION
DROP FUNCTION
CREATE FUNCTION
CREATE FUNCTION
DO
DO
UPDATE 0
UPDATE 0
ALTER TABLE
ALTER TABLE
CREATE FUNCTION
ALTER TABLE
ALTER TABLE
COMMENT
MIGRATION:0083_incident_location_details.sql
ALTER TABLE
COMMENT
COMMENT
MIGRATION:0084_announcement_detailed_description.sql
ALTER TABLE
COMMENT
MIGRATION:0085_resident_mark_resolved_incident_read.sql
CREATE POLICY
MIGRATION:0086_about_us_logo_size.sql
ALTER TABLE
CREATE FUNCTION
GRANT
MIGRATION:0087_about_us_title.sql
ALTER TABLE
CREATE FUNCTION
GRANT
MIGRATION:0088_faq_articles_guest_read.sql
CREATE POLICY
MIGRATION:0089_id_verification_failed_status.sql
ALTER TABLE
ALTER TABLE
COMMENT
CREATE FUNCTION
COMMENT
MIGRATION:0090_location_verification.sql
ALTER TABLE
COMMENT
COMMENT
MIGRATION:0091_verified_location_address.sql
ALTER TABLE
COMMENT
MIGRATION:0092_drive_registrations_admin_update.sql
CREATE POLICY
MIGRATION:0093_resident_ios_backend_safety.sql
CREATE FUNCTION
DROP TRIGGER
CREATE TRIGGER
CREATE FUNCTION
CREATE FUNCTION
CREATE FUNCTION
REVOKE
REVOKE
REVOKE
GRANT
GRANT
GRANT
DROP POLICY
CREATE POLICY
ALTER TABLE
CREATE INDEX
COMMENT
MIGRATION:0094_resident_ios_tenant_write_guards.sql
CREATE FUNCTION
DROP TRIGGER
CREATE TRIGGER
CREATE FUNCTION
DROP TRIGGER
CREATE TRIGGER
COMMENT
COMMENT
BASELINE:{"payments": [], "profiles": [], "barangays": [], "document_types": [], "medical_drives": [], "service_requests": [], "household_members": [], "drive_registrations": []}
MIGRATION:0095_phase1_shared_foundations.sql
BEGIN
CREATE SCHEMA
REVOKE
GRANT
CREATE TABLE
INSERT 0 0
ALTER TABLE
REVOKE
GRANT
CREATE POLICY
ALTER TABLE
CREATE TABLE
ALTER TABLE
REVOKE
GRANT
CREATE POLICY
ALTER TABLE
ALTER TABLE
CREATE INDEX
CREATE INDEX
CREATE INDEX
CREATE INDEX
CREATE INDEX
CREATE TABLE
CREATE INDEX
CREATE INDEX
CREATE INDEX
ALTER TABLE
REVOKE
GRANT
CREATE POLICY
CREATE TABLE
CREATE INDEX
ALTER TABLE
REVOKE
GRANT
CREATE POLICY
INSERT 0 1
CREATE POLICY
CREATE POLICY
CREATE POLICY
ALTER POLICY
ALTER POLICY
CREATE POLICY
CREATE FUNCTION
CREATE FUNCTION
CREATE FUNCTION
CREATE FUNCTION
CREATE FUNCTION
CREATE TRIGGER
CREATE FUNCTION
CREATE TRIGGER
CREATE FUNCTION
CREATE TRIGGER
DROP TRIGGER
CREATE TRIGGER
CREATE FUNCTION
CREATE FUNCTION
CREATE FUNCTION
CREATE FUNCTION
CREATE FUNCTION
CREATE FUNCTION
CREATE FUNCTION
CREATE FUNCTION
CREATE FUNCTION
CREATE TRIGGER
CREATE FUNCTION
CREATE FUNCTION
CREATE FUNCTION
CREATE FUNCTION
CREATE FUNCTION
CREATE FUNCTION
REVOKE
GRANT
REVOKE
GRANT
REVOKE
GRANT
GRANT
COMMENT
COMMENT
COMMENT
COMMIT
MIGRATION:0096_phase2_trusted_evidence_locality.sql
BEGIN
ALTER TABLE
DO
ALTER TABLE
DO
CREATE POLICY
CREATE POLICY
CREATE FUNCTION
REVOKE
CREATE TRIGGER
CREATE FUNCTION
UPDATE 0
CREATE FUNCTION
REVOKE
CREATE TRIGGER
CREATE FUNCTION
REVOKE
CREATE TRIGGER
COMMIT
MIGRATION:0097_phase3_catalog_staff_workflows.sql
BEGIN
ALTER TABLE
ALTER TABLE
UPDATE 0
ALTER TABLE
CREATE FUNCTION
CREATE FUNCTION
REVOKE
GRANT
CREATE FUNCTION
REVOKE

CREATE FUNCTION
CREATE FUNCTION
CREATE FUNCTION
CREATE INDEX
CREATE FUNCTION
REVOKE
CREATE TRIGGER
COMMIT
MIGRATION:0098_phase4_resident_submission_payment.sql
BEGIN
CREATE TABLE
ALTER TABLE
REVOKE
CREATE FUNCTION
CREATE FUNCTION
REVOKE
GRANT
CREATE FUNCTION
CREATE FUNCTION
CREATE FUNCTION
REVOKE
GRANT
CREATE FUNCTION
CREATE FUNCTION
COMMIT
MIGRATION:0099_phase5_sla_engine_reporting.sql
BEGIN
ALTER TABLE
CREATE FUNCTION
CREATE TRIGGER
CREATE FUNCTION
REVOKE
GRANT
CREATE FUNCTION
REVOKE
GRANT
CREATE TABLE
ALTER TABLE
REVOKE
GRANT
CREATE POLICY
CREATE FUNCTION
REVOKE
GRANT
CREATE FUNCTION
CREATE FUNCTION
REVOKE
GRANT
NOTICE:  policy "residents can read announcements from their barangay" for relation "public.announcements" does not exist, skipping
NOTICE:  policy "guests can read all announcements" for relation "public.announcements" does not exist, skipping
NOTICE:  trigger "on_auth_user_created" for relation "auth.users" does not exist, skipping
NOTICE:  trigger "guard_verification_fields" for relation "public.profiles" does not exist, skipping
NOTICE:  trigger "guard_service_request_completion" for relation "public.service_requests" does not exist, skipping
NOTICE:  function public.__diag_soft_delete_incident_def() does not exist, skipping
NOTICE:  trigger "trg_guard_id_verification_status" for relation "public.profiles" does not exist, skipping
NOTICE:  identifier "Allow read access to emergency_qr_content for authenticated users" will be truncated to "Allow read access to emergency_qr_content for authenticated use"
NOTICE:  identifier "Allow read access to evacuation_center_qr_codes for authenticated users" will be truncated to "Allow read access to evacuation_center_qr_codes for authenticat"
NOTICE:  identifier "Allow full access to evacuation_center_qr_codes for barangay admins" will be truncated to "Allow full access to evacuation_center_qr_codes for barangay ad"
NOTICE:  policy "admins manage barangay household members" for relation "public.household_members" does not exist, skipping
NOTICE:  trigger "sync_household_members_from_jsonb" for relation "public.profiles" does not exist, skipping
NOTICE:  trigger "barangays_set_updated_at" for relation "public.barangays" does not exist, skipping
NOTICE:  policy "admins can update barangay config in their barangay" for relation "public.barangays" does not exist, skipping
NOTICE:  identifier "Allow read access to emergency_qr_content for authenticated users" will be truncated to "Allow read access to emergency_qr_content for authenticated use"
NOTICE:  identifier "Allow read access to evacuation_center_qr_codes for authenticated users" will be truncated to "Allow read access to evacuation_center_qr_codes for authenticat"
NOTICE:  policy "admins can read admin and staff profiles in their barangay" for relation "public.profiles" does not exist, skipping
NOTICE:  policy "admins can read admin profiles in their barangay" for relation "public.profiles" does not exist, skipping
NOTICE:  policy "admins can update admin and staff profiles in their barangay" for relation "public.profiles" does not exist, skipping
NOTICE:  policy "admins can update admin profiles in their barangay" for relation "public.profiles" does not exist, skipping
NOTICE:  trigger "trg_guard_role_escalation" for relation "public.profiles" does not exist, skipping
NOTICE:  trigger "trg_barangay_officials_updated_at" for relation "public.barangay_officials" does not exist, skipping
NOTICE:  policy "admins read barangay officials in their barangay" for relation "public.barangay_officials" does not exist, skipping
NOTICE:  policy "admins insert barangay officials in their barangay" for relation "public.barangay_officials" does not exist, skipping
NOTICE:  policy "admins update barangay officials in their barangay" for relation "public.barangay_officials" does not exist, skipping
NOTICE:  policy "admins delete barangay officials in their barangay" for relation "public.barangay_officials" does not exist, skipping
NOTICE:  trigger "trg_sync_barangay_official" for relation "public.profiles" does not exist, skipping
NOTICE:  column "deleted_at" of relation "profiles" already exists, skipping
NOTICE:  pg_cron extension unavailable in this environment — skipping scheduled job (recompute_waste_zone_scores() can still be called manually).
NOTICE:  trigger "compose_profiles_display_fields" for relation "public.profiles" does not exist, skipping
NOTICE:  trigger "guard_drive_registration_tenant" for relation "public.drive_registrations" does not exist, skipping
NOTICE:  trigger "guard_evacuation_checkin_tenant" for relation "public.evacuation_center_checkins" does not exist, skipping
ERROR:  can only create extension in database postgres
DETAIL:  Jobs must be scheduled from the database configured in cron.database_name, since the pg_cron background worker reads job descriptions from this database.
HINT:  Add cron.database_name = 'phase9_empty' in postgresql.conf to use the current database.
CONTEXT:  PL/pgSQL function inline_code_block line 4 at RAISE
SQL statement "create extension if not exists pg_cron with schema extensions"
PL/pgSQL function inline_code_block line 3 at SQL statement
