
> @barangayan/web@0.1.0 lint
> eslint


C:\Users\User\barangayan\apps\admin-web\.next-phase5\dev\build\chunks\[root-of-the-server]__04ix_pw._.js
   2:73  warning  'exports' is defined but never used                                                                                  @typescript-eslint/no-unused-vars
   4:47  error    A `require()` style import is forbidden                                                                              @typescript-eslint/no-require-imports
   8:77  warning  'exports' is defined but never used                                                                                  @typescript-eslint/no-unused-vars
  10:49  error    A `require()` style import is forbidden                                                                              @typescript-eslint/no-require-imports
  14:75  warning  'exports' is defined but never used                                                                                  @typescript-eslint/no-unused-vars
  16:48  error    A `require()` style import is forbidden                                                                              @typescript-eslint/no-require-imports
  43:1   error    Use "@ts-expect-error" instead of "@ts-ignore", as "@ts-ignore" will do nothing if the following line is error-free  @typescript-eslint/ban-ts-comment
  45:1   error    Use "@ts-expect-error" instead of "@ts-ignore", as "@ts-ignore" will do nothing if the following line is error-free  @typescript-eslint/ban-ts-comment
  52:21  warning  'ipc' is defined but never used                                                                                      @typescript-eslint/no-unused-vars
  86:33  error    A `require()` style import is forbidden                                                                              @typescript-eslint/no-require-imports

C:\Users\User\barangayan\apps\admin-web\.next-phase5\dev\build\chunks\[root-of-the-server]__0woas2d._.js
    2:85   warning  'exports' is defined but never used                                                                                  @typescript-eslint/no-unused-vars
    4:53   error    A `require()` style import is forbidden                                                                              @typescript-eslint/no-require-imports
    8:91   warning  'exports' is defined but never used                                                                                  @typescript-eslint/no-unused-vars
   10:56   error    A `require()` style import is forbidden                                                                              @typescript-eslint/no-require-imports
   57:9    error    Do not assign to the variable `module`. See: https://nextjs.org/docs/messages/no-assign-module-variable              @next/next/no-assign-module-variable
  128:71   warning  '__turbopack_context__' is defined but never used                                                                    @typescript-eslint/no-unused-vars
  128:94   warning  'module' is defined but never used                                                                                   @typescript-eslint/no-unused-vars
  128:102  warning  'exports' is defined but never used                                                                                  @typescript-eslint/no-unused-vars
  130:1    error    Use "@ts-expect-error" instead of "@ts-ignore", as "@ts-ignore" will do nothing if the following line is error-free  @typescript-eslint/ban-ts-comment
  299:5    error    Use "@ts-expect-error" instead of "@ts-ignore", as "@ts-ignore" will do nothing if the following line is error-free  @typescript-eslint/ban-ts-comment
  301:5    error    Use "@ts-expect-error" instead of "@ts-ignore", as "@ts-ignore" will do nothing if the following line is error-free  @typescript-eslint/ban-ts-comment
  303:5    error    Use "@ts-expect-error" instead of "@ts-ignore", as "@ts-ignore" will do nothing if the following line is error-free  @typescript-eslint/ban-ts-comment

C:\Users\User\barangayan\apps\admin-web\.next-phase5\dev\build\chunks\[turbopack]_runtime.js
    58:5   error    Do not assign to the variable `module`. See: https://nextjs.org/docs/messages/no-assign-module-variable              @next/next/no-assign-module-variable
   143:5   error    Do not assign to the variable `module`. See: https://nextjs.org/docs/messages/no-assign-module-variable              @next/next/no-assign-module-variable
   251:5   error    Do not assign to the variable `module`. See: https://nextjs.org/docs/messages/no-assign-module-variable              @next/next/no-assign-module-variable
   267:5   error    Do not assign to the variable `module`. See: https://nextjs.org/docs/messages/no-assign-module-variable              @next/next/no-assign-module-variable
   277:5   error    Do not assign to the variable `module`. See: https://nextjs.org/docs/messages/no-assign-module-variable              @next/next/no-assign-module-variable
   339:5   error    Do not assign to the variable `module`. See: https://nextjs.org/docs/messages/no-assign-module-variable              @next/next/no-assign-module-variable
   354:24  error    Use "@ts-expect-error" instead of "@ts-ignore", as "@ts-ignore" will do nothing if the following line is error-free  @typescript-eslint/ban-ts-comment
   598:5   error    Do not assign to the variable `module`. See: https://nextjs.org/docs/messages/no-assign-module-variable              @next/next/no-assign-module-variable
   607:13  warning  Expected an assignment or function call and instead saw an expression                                                @typescript-eslint/no-unused-expressions
   702:1   warning  Unused eslint-disable directive (no problems were reported from '@typescript-eslint/no-unused-vars')
   702:69  error    A `require()` style import is forbidden                                                                              @typescript-eslint/no-require-imports
   730:12  error    A `require()` style import is forbidden                                                                              @typescript-eslint/no-require-imports
   741:13  error    A `require()` style import is forbidden                                                                              @typescript-eslint/no-require-imports
   787:30  error    A `require()` style import is forbidden                                                                              @typescript-eslint/no-require-imports
   816:34  error    A `require()` style import is forbidden                                                                              @typescript-eslint/no-require-imports
   888:5   warning  Unused eslint-disable directive (no problems were reported from '@typescript-eslint/no-unused-vars')
   946:9   error    Do not assign to the variable `module`. See: https://nextjs.org/docs/messages/no-assign-module-variable              @next/next/no-assign-module-variable
  1173:9   error    Do not assign to the variable `module`. See: https://nextjs.org/docs/messages/no-assign-module-variable              @next/next/no-assign-module-variable
  1191:5   error    Do not assign to the variable `module`. See: https://nextjs.org/docs/messages/no-assign-module-variable              @next/next/no-assign-module-variable
  1259:9   error    Do not assign to the variable `module`. See: https://nextjs.org/docs/messages/no-assign-module-variable              @next/next/no-assign-module-variable
  1273:1   warning  Unused eslint-disable directive (no problems were reported from '@typescript-eslint/no-unused-vars')
  1306:5   error    Do not assign to the variable `module`. See: https://nextjs.org/docs/messages/no-assign-module-variable              @next/next/no-assign-module-variable
  1445:9   error    Do not assign to the variable `module`. See: https://nextjs.org/docs/messages/no-assign-module-variable              @next/next/no-assign-module-variable
  1593:5   error    Use "@ts-expect-
[Full output in admin-web-lint.log.gz]
         @typescript-eslint/no-unused-vars
  271:3    error    Use "@ts-expect-error" instead of "@ts-ignore", as "@ts-ignore" will do nothing if the following line is error-free  @typescript-eslint/ban-ts-comment
  272:8    warning  '__Unused' is defined but never used                                                                                 @typescript-eslint/no-unused-vars
  278:9    warning  'handler' is assigned a value but only used as a type                                                                @typescript-eslint/no-unused-vars
  280:3    error    Use "@ts-expect-error" instead of "@ts-ignore", as "@ts-ignore" will do nothing if the following line is error-free  @typescript-eslint/ban-ts-comment
  281:8    warning  '__Unused' is defined but never used                                                                                 @typescript-eslint/no-unused-vars
  287:9    warning  'handler' is assigned a value but only used as a type                                                                @typescript-eslint/no-unused-vars
  289:3    error    Use "@ts-expect-error" instead of "@ts-ignore", as "@ts-ignore" will do nothing if the following line is error-free  @typescript-eslint/ban-ts-comment
  290:8    warning  '__Unused' is defined but never used                                                                                 @typescript-eslint/no-unused-vars
  296:9    warning  'handler' is assigned a value but only used as a type                                                                @typescript-eslint/no-unused-vars
  298:3    error    Use "@ts-expect-error" instead of "@ts-ignore", as "@ts-ignore" will do nothing if the following line is error-free  @typescript-eslint/ban-ts-comment
  299:8    warning  '__Unused' is defined but never used                                                                                 @typescript-eslint/no-unused-vars
  305:9    warning  'handler' is assigned a value but only used as a type                                                                @typescript-eslint/no-unused-vars
  307:3    error    Use "@ts-expect-error" instead of "@ts-ignore", as "@ts-ignore" will do nothing if the following line is error-free  @typescript-eslint/ban-ts-comment
  308:8    warning  '__Unused' is defined but never used                                                                                 @typescript-eslint/no-unused-vars
  314:9    warning  'handler' is assigned a value but only used as a type                                                                @typescript-eslint/no-unused-vars
  316:3    error    Use "@ts-expect-error" instead of "@ts-ignore", as "@ts-ignore" will do nothing if the following line is error-free  @typescript-eslint/ban-ts-comment
  317:8    warning  '__Unused' is defined but never used                                                                                 @typescript-eslint/no-unused-vars
  323:9    warning  'handler' is assigned a value but only used as a type                                                                @typescript-eslint/no-unused-vars
  325:3    error    Use "@ts-expect-error" instead of "@ts-ignore", as "@ts-ignore" will do nothing if the following line is error-free  @typescript-eslint/ban-ts-comment
  326:8    warning  '__Unused' is defined but never used                                                                                 @typescript-eslint/no-unused-vars
  332:9    warning  'handler' is assigned a value but only used as a type                                                                @typescript-eslint/no-unused-vars
  334:3    error    Use "@ts-expect-error" instead of "@ts-ignore", as "@ts-ignore" will do nothing if the following line is error-free  @typescript-eslint/ban-ts-comment
  335:8    warning  '__Unused' is defined but never used                                                                                 @typescript-eslint/no-unused-vars
  341:9    warning  'handler' is assigned a value but only used as a type                                                                @typescript-eslint/no-unused-vars
  343:3    error    Use "@ts-expect-error" instead of "@ts-ignore", as "@ts-ignore" will do nothing if the following line is error-free  @typescript-eslint/ban-ts-comment
  344:8    warning  '__Unused' is defined but never used                                                                                 @typescript-eslint/no-unused-vars
  350:9    warning  'handler' is assigned a value but only used as a type                                                                @typescript-eslint/no-unused-vars
  352:3    error    Use "@ts-expect-error" instead of "@ts-ignore", as "@ts-ignore" will do nothing if the following line is error-free  @typescript-eslint/ban-ts-comment
  353:8    warning  '__Unused' is defined but never used                                                                                 @typescript-eslint/no-unused-vars
  359:9    warning  'handler' is assigned a value but only used as a type                                                                @typescript-eslint/no-unused-vars
  361:3    error    Use "@ts-expect-error" instead of "@ts-ignore", as "@ts-ignore" will do nothing if the following line is error-free  @typescript-eslint/ban-ts-comment
  362:8    warning  '__Unused' is defined but never used                                                                                 @typescript-eslint/no-unused-vars
  368:9    warning  'handler' is assigned a value but only used as a type                                                                @typescript-eslint/no-unused-vars
  370:3    error    Use "@ts-expect-error" instead of "@ts-ignore", as "@ts-ignore" will do nothing if the following line is error-free  @typescript-eslint/ban-ts-comment
  371:8    warning  '__Unused' is defined but never used                                                                                 @typescript-eslint/no-unused-vars
  381:9    warning  'handler' is assigned a value but only used as a type                                                                @typescript-eslint/no-unused-vars
  383:3    error    Use "@ts-expect-error" instead of "@ts-ignore", as "@ts-ignore" will do nothing if the following line is error-free  @typescript-eslint/ban-ts-comment
  384:8    warning  '__Unused' is defined but never used                                                                                 @typescript-eslint/no-unused-vars
  390:9    warning  'handler' is assigned a value but only used as a type                                                                @typescript-eslint/no-unused-vars
  392:3    error    Use "@ts-expect-error" instead of "@ts-ignore", as "@ts-ignore" will do nothing if the following line is error-free  @typescript-eslint/ban-ts-comment
  393:8    warning  '__Unused' is defined but never used                                                                                 @typescript-eslint/no-unused-vars
  399:9    warning  'handler' is assigned a value but only used as a type                                                                @typescript-eslint/no-unused-vars
  401:3    error    Use "@ts-expect-error" instead of "@ts-ignore", as "@ts-ignore" will do nothing if the following line is error-free  @typescript-eslint/ban-ts-comment
  402:8    warning  '__Unused' is defined but never used                                                                                 @typescript-eslint/no-unused-vars

✖ 7060 problems (750 errors, 6310 warnings)
  4 errors and 73 warnings potentially fixable with the `--fix` option.

npm error Lifecycle script `lint` failed with error:
npm error code 1
npm error path C:\Users\User\barangayan\apps\admin-web
npm error workspace @barangayan/web@0.1.0
npm error location C:\Users\User\barangayan\apps\admin-web
npm error command failed
npm error command C:\WINDOWS\system32\cmd.exe /d /s /c eslint
