DESCRIPTION
  Start containers for Supabase local development.

USAGE
  supabase start [flags]

FLAGS
  --exclude, -x string     Names of containers to not start. [gotrue,realtime,storage-api,imgproxy,kong,mailpit,postgrest,postgres-meta,studio,edge-runtime,logflare,vector,supavisor]
  --ignore-health-check    Ignore unhealthy services and exit 0

GLOBAL FLAGS
  --help, -h                                                          Show help information
  --version, -v                                                       Show version information
  --wizard                                                            Start wizard mode for a command
  --completions <bash|zsh|fish|sh>                                    Print shell completion script (choices: bash, zsh, fish, sh)
  --log-level <all|trace|debug|info|warn|warning|error|fatal|none>    Sets the minimum log level (choices: all, trace, debug, info, warn, warning, error, fatal, none)
  --output-format choice                                              Output format: text (default), json, or stream-json (NDJSON) (choices: text, json, stream-json)
  --output, -o choice                                                 output format of status variables (choices: env, pretty, json, toml, yaml, table, csv)
  --profile string                                                    use a specific profile for connecting to Supabase API
  --debug                                                             output debug logs to stderr
  --workdir string                                                    path to the directory containing your supabase/ folder; used exactly as given, with no ancestor directory search (defaults to searching upward from the current directory)
  --experimental                                                      enable experimental features
  --network-id string                                                 use the specified docker network instead of a generated one
  --yes                                                               answer yes to all prompts
  --dns-resolver choice                                               lookup domain names using the specified resolver (choices: native, https)
  --create-ticket                                                     create a support ticket for any CLI error
  --agent choice                                                      Override agent detection: yes, no, or auto (default auto) (choices: auto, yes, no)
A new version of Supabase CLI is available: v2.119.0 (currently installed v2.118.0)
We recommend updating regularly for new features and bug fixes: https://supabase.com/docs/guides/cli/getting-started#updating-the-supabase-cli
