warning: in the working copy of 'AGENTS.md', LF will be replaced by CRLF the next time Git touches it
warning: in the working copy of 'apps/admin-web/src/app/(admin)/dashboard/page.tsx', LF will be replaced by CRLF the next time Git touches it
warning: in the working copy of 'apps/admin-web/src/app/(admin)/requests/[requestId]/page.tsx', LF will be replaced by CRLF the next time Git touches it
warning: in the working copy of 'apps/admin-web/src/app/(admin)/services/document-type-form.tsx', LF will be replaced by CRLF the next time Git touches it
warning: in the working copy of 'apps/admin-web/src/app/(admin)/services/document-type-row.tsx', LF will be replaced by CRLF the next time Git touches it
warning: in the working copy of 'apps/admin-web/src/app/resident/profile/page.tsx', LF will be replaced by CRLF the next time Git touches it
warning: in the working copy of 'apps/admin-web/src/app/resident/requests/[requestId]/page.tsx', LF will be replaced by CRLF the next time Git touches it
warning: in the working copy of 'apps/admin-web/src/app/resident/requests/new/new-request-form.tsx', LF will be replaced by CRLF the next time Git touches it
warning: in the working copy of 'apps/admin-web/src/app/resident/requests/page.tsx', LF will be replaced by CRLF the next time Git touches it
warning: in the working copy of 'apps/admin-web/src/lib/payments.ts', LF will be replaced by CRLF the next time Git touches it
warning: in the working copy of 'apps/resident-android-mobile/src/app/(app)/services/[documentId].tsx', LF will be replaced by CRLF the next time Git touches it
warning: in the working copy of 'apps/resident-android-mobile/src/app/(app)/services/index.tsx', LF will be replaced by CRLF the next time Git touches it
warning: in the working copy of 'apps/resident-android-mobile/src/app/(app)/services/payment/[requestId].tsx', LF will be replaced by CRLF the next time Git touches it
warning: in the working copy of 'apps/resident-android-mobile/src/app/(app)/services/payment/pickup/[requestId].tsx', LF will be replaced by CRLF the next time Git touches it
warning: in the working copy of 'apps/resident-android-mobile/src/app/(app)/services/payment/qrph/[requestId].tsx', LF will be replaced by CRLF the next time Git touches it
warning: in the working copy of 'apps/resident-android-mobile/src/app/(app)/services/request/[documentId].tsx', LF will be replaced by CRLF the next time Git touches it
warning: in the working copy of 'apps/resident-android-mobile/src/app/(app)/services/requests/[requestId].tsx', LF will be replaced by CRLF the next time Git touches it
warning: in the working copy of 'apps/resident-android-mobile/src/app/(app)/settings/profile.tsx', LF will be replaced by CRLF the next time Git touches it
warning: in the working copy of 'apps/resident-android-mobile/src/components/services/documents-list.tsx', LF will be replaced by CRLF the next time Git touches it
warning: in the working copy of 'apps/resident-android-mobile/src/components/services/requests-list.tsx', LF will be replaced by CRLF the next time Git touches it
warning: in the working copy of 'apps/resident-android-mobile/src/hooks/use-profile.ts', LF will be replaced by CRLF the next time Git touches it
warning: in the working copy of 'apps/resident-web/eslint.config.mjs', LF will be replaced by CRLF the next time Git touches it
warning: in the working copy of 'apps/resident-web/next.config.ts', LF will be replaced by CRLF the next time Git touches it
warning: in the working copy of 'apps/resident-web/src/app/(auth)/layout.tsx', LF will be replaced by CRLF the next time Git touches it
warning: in the working copy of 'apps/resident-web/src/app/(resident)/services/[documentId]/page.tsx', LF will be replaced by CRLF the next time Git touches it
warning: in the working copy of 'apps/resident-web/src/app/(resident)/services/layout.tsx', LF will be replaced by CRLF the next time Git touches it
warning: in the working copy of 'apps/resident-web/src/app/(resident)/services/logs/page.tsx', LF will be replaced by CRLF the next time Git touches it
warning: in the working copy of 'apps/resident-web/src/app/(resident)/services/payment/[requestId]/page.tsx', LF will be replaced by CRLF the next time Git touches it
warning: in the working copy of 'apps/resident-web/src/app/(resident)/services/payment/pickup/[requestId]/page.tsx', LF will be replaced by CRLF the next time Git touches it
warning: in the working copy of 'apps/resident-web/src/app/(resident)/services/payment/qrph/[requestId]/page.tsx', LF will be replaced by CRLF the next time Git touches it
warning: in the working copy of 'apps/resident-web/src/app/(resident)/services/payment/success/page.tsx', LF will be replaced by CRLF the next time Git touches it
warning: in the working copy of 'apps/resident-web/src/app/(resident)/services/requests/[requestId]/page.tsx', LF will be replaced by CRLF the next time Git touches it
warning: in the working copy of 'apps/resident-web/src/app/(resident)/services/requests/[requestId]/request-tracking.tsx', LF will be replaced by CRLF the next time Git touches it
warning: in the working copy of 'apps/resident-web/src/app/(resident)/services/requests/new/[documentId]/new-request-form.tsx', LF will be replaced by CRLF the next time Git touches it
warning: in the working copy of 'apps/resident-web/src/app/(resident)/services/requests/page.tsx', LF will be replaced by CRLF the next time Git touches it
warning: in the working copy of 'apps/resident-web/src/app/(resident)/services/requests/request-drawer.tsx', LF will be replaced by CRLF the next time Git touches it
warning: in the working copy of 'apps/resident-web/src/app/(resident)/services/requests/requests-list.tsx', LF will be replaced by CRLF the next time Git touches it
warning: in the working copy of 'apps/resident-web/src/app/(resident)/settings/profile/profile-form.tsx', LF will be replaced by CRLF the next time Git touches it
warning: in the working copy of 'apps/resident-web/src/components/services/document-request-modal/details-step.tsx', LF will be replaced by CRLF the next time Git touches it
warning: in the working copy of 'apps/resident-web/src/components/services/document-request-modal/document-request-modal.tsx', LF will be replaced by CRLF the next time Git touches it
warning: in the working copy of 'apps/resident-web/src/components/services/document-request-modal/pickup-step.tsx', LF will be replaced by CRLF the next time Git touches it
warning: in the working copy of 'apps/resident-web/src/components/services/document-request-modal/request-form-step.tsx', LF will be replaced by CRLF the next time Git touches it
warning: in the working copy of 'apps/resident-web/src/components/services/document-request-modal/success-step.tsx', LF will be replaced by CRLF the next time Git touches it
warning: in the working copy of 'apps/resident-web/src/components/services/documents-list.tsx', LF will be replaced by CRLF the next time Git touches it
warning: in the working copy of 'apps/resident-web/src/hooks/use-profile.ts', LF will be replaced by CRLF the next time Git touches it
warning: in the working copy of 'apps/resident-web/src/lib/supabase/client.ts', LF will be replaced by CRLF the next time Git touches it
warning: in the working copy of 'apps/resident-web/src/lib/supabase/server.ts', LF will be replaced by CRLF the next time Git touches it
warning: in the working copy of 'apps/resident-web/src/proxy.ts', LF will be replaced by CRLF the next time Git touches it
warning: in the working copy of 'eslint.config.js', LF will be replaced by CRLF the next time Git touches it
warning: in the working copy of 'packages/shared/src/types/map-bridge.ts', LF will be replaced by CRLF the next time Git touches it
warning: in the working copy of 'supabase/functions/create-payment-source/index.ts', LF will be replaced by CRLF the next time Git touches it
warning: in the working copy of 'supabase/tests/rls_isolation.test.sql', LF will be replaced by CRLF the next time Git touches it
