CREATE ROLE
CREATE ROLE
CREATE ROLE
CREATE SCHEMA
CREATE SCHEMA
CREATE SCHEMA
CREATE EXTENSION
CREATE TABLE
CREATE TABLE
CREATE FUNCTION
CREATE FUNCTION
CREATE FUNCTION
CREATE TABLE
CREATE TABLE
ALTER TABLE
CREATE FUNCTION
CREATE PUBLICATION
GRANT
GRANT
GRANT
ALTER DEFAULT PRIVILEGES
ALTER DEFAULT PRIVILEGES
ALTER DEFAULT PRIVILEGES
SET
MIGRATION:0001_barangays_and_profiles.sql
CREATE TABLE
COMMENT
ALTER TABLE
CREATE POLICY
CREATE TABLE
COMMENT
ALTER TABLE
CREATE POLICY
CREATE POLICY
CREATE POLICY
CREATE FUNCTION
CREATE TRIGGER
CREATE FUNCTION
CREATE FUNCTION
COMMENT
MIGRATION:0002_document_types_and_service_requests.sql
CREATE TABLE
ALTER TABLE
CREATE POLICY
CREATE TABLE
ALTER TABLE
CREATE POLICY
CREATE POLICY
CREATE TRIGGER
CREATE SEQUENCE
CREATE FUNCTION
CREATE TRIGGER
CREATE FUNCTION
CREATE TRIGGER
ALTER PUBLICATION
MIGRATION:0003_announcements.sql
CREATE TABLE
ALTER TABLE
CREATE POLICY
ALTER PUBLICATION
MIGRATION:0004_service_request_reference_default.sql
ALTER TABLE
DROP TRIGGER
DROP FUNCTION
MIGRATION:0005_guest_readable_public_content.sql
CREATE POLICY
CREATE POLICY
MIGRATION:0006_profile_theme_preference.sql
ALTER TABLE
MIGRATION:0007_payments_and_admin_access.sql
ALTER TABLE
CREATE TABLE
ALTER TABLE
CREATE POLICY
CREATE POLICY
CREATE POLICY
CREATE POLICY
CREATE TRIGGER
ALTER PUBLICATION
CREATE FUNCTION
CREATE TRIGGER
CREATE POLICY
CREATE POLICY
CREATE FUNCTION
CREATE FUNCTION
CREATE POLICY
MIGRATION:0008_resident_directory_access.sql
CREATE POLICY
CREATE VIEW
ALTER PUBLICATION
MIGRATION:0009_admin_crud_and_soft_delete.sql
ALTER TABLE
ALTER TABLE
ALTER TABLE
ALTER TABLE
CREATE POLICY
CREATE POLICY
CREATE POLICY
CREATE POLICY
MIGRATION:0010_resident_set_payment_method.sql
CREATE FUNCTION
GRANT
MIGRATION:0011_announcements_admin_write.sql
ALTER TABLE
DROP POLICY
DROP POLICY
CREATE POLICY
CREATE POLICY
CREATE POLICY
MIGRATION:0012_profile_trigger_and_verification_status.sql
ALTER TABLE
COMMENT
CREATE FUNCTION
COMMENT
DROP TRIGGER
CREATE TRIGGER
MIGRATION:0013_protect_verification_fields.sql
CREATE FUNCTION
COMMENT
DROP TRIGGER
CREATE TRIGGER
MIGRATION:0014_request_delivery_workflow.sql
ALTER TABLE
ALTER TABLE
ALTER TABLE
UPDATE 0
ALTER TABLE
CREATE FUNCTION
DROP TRIGGER
CREATE TRIGGER
CREATE FUNCTION
MIGRATION:0015_request_delivery_transition_rpc.sql
CREATE FUNCTION
MIGRATION:0017_harden_payments_rls.sql
ALTER TABLE
DROP POLICY
ALTER TABLE
MIGRATION:0018_begin_processing_rpc.sql
CREATE FUNCTION
COMMENT
MIGRATION:0019_fix_announcement_soft_delete.sql
DROP POLICY
DROP POLICY
MIGRATION:0020_id_documents_storage.sql
ALTER TABLE
INSERT 0 1
CREATE POLICY
CREATE POLICY
CREATE POLICY
MIGRATION:0021_enable_pgtap.sql
CREATE EXTENSION
MIGRATION:0022_maps_tables.sql
CREATE TABLE
ALTER TABLE
CREATE POLICY
CREATE POLICY
CREATE TABLE
CREATE INDEX
CREATE INDEX
CREATE INDEX
CREATE INDEX
ALTER TABLE
CREATE POLICY
CREATE POLICY
CREATE POLICY
CREATE TABLE
CREATE INDEX
CREATE INDEX
ALTER TABLE
CREATE POLICY
CREATE POLICY
MIGRATION:0023_seed_incident_categories.sql
INSERT 0 0
MIGRATION:0024_ampid1_boundary.sql
UPDATE 0
MIGRATION:0025_incident_management.sql
CREATE TRIGGER
INSERT 0 1
CREATE POLICY
CREATE POLICY
CREATE POLICY
CREATE TABLE
CREATE INDEX
ALTER TABLE
CREATE POLICY
CREATE POLICY
CREATE POLICY
CREATE FUNCTION
COMMENT
CREATE FUNCTION
COMMENT
CREATE FUNCTION
COMMENT
MIGRATION:0026_incident_report_workflow.sql
ALTER TABLE
ALTER TABLE
CREATE FUNCTION
COMMENT
CREATE FUNCTION
COMMENT
CREATE POLICY
MIGRATION:0027_incidents_realtime.sql
ALTER PUBLICATION
MIGRATION:0029_drop_diag_temp.sql
DROP FUNCTION
MIGRATION:0030_diag_temp2.sql
CREATE FUNCTION
GRANT
MIGRATION:0031_drop_diag_temp2.sql
DROP FUNCTION
MIGRATION:0032_withdraw_incident_rpc.sql
CREATE FUNCTION
COMMENT
MIGRATION:0033_diag_temp3.sql
CREATE FUNCTION
GRANT
MIGRATION:0034_drop_diag_temp3.sql
DROP FUNCTION
MIGRATION:0035_medical_drives.sql
CREATE TYPE
CREATE TYPE
CREATE TABLE
COMMENT
CREATE INDEX
CREATE INDEX
CREATE TRIGGER
CREATE TABLE
COMMENT
CREATE INDEX
CREATE INDEX
CREATE TRIGGER
ALTER TABLE
ALTER TABLE
CREATE POLICY
CREATE POLICY
CREATE POLICY
CREATE FUNCTION
MIGRATION:0036_medical_drives_admin_rls.sql
CREATE POLICY
CREATE POLICY
CREATE POLICY
MIGRATION:0037_profile_birth_date.sql
ALTER TABLE
COMMENT
MIGRATION:0038_health_realtime.sql
ALTER PUBLICATION
ALTER PUBLICATION
MIGRATION:0039_profile_extended_fields.sql
ALTER TABLE
UPDATE 0
COMMENT
COMMENT
COMMENT
COMMENT
CREATE FUNCTION
COMMENT
MIGRATION:0040_profile_avatar.sql
ALTER TABLE
COMMENT
INSERT 0 1
CREATE POLICY
CREATE POLICY
CREATE POLICY
CREATE POLICY
MIGRATION:0041_id_verification_status.sql
ALTER TABLE
COMMENT
CREATE FUNCTION
COMMENT
DROP TRIGGER
CREATE TRIGGER
MIGRATION:0042_id_documents_public_bucket.sql
UPDATE 1
UPDATE 1
CREATE POLICY
CREATE POLICY
CREATE POLICY
MIGRATION:0043_emergency_content.sql
MIGRATION:0044_evacuation_centers_verified.sql
ALTER TABLE
COMMENT
DO
MIGRATION:0045_evacuation_center_checkins.sql
CREATE TABLE
CREATE INDEX
CREATE INDEX
CREATE INDEX
CREATE INDEX
ALTER TABLE
CREATE POLICY
CREATE POLICY
CREATE POLICY
MIGRATION:0046_household_members.sql
CREATE TABLE
CREATE INDEX
CREATE INDEX
ALTER TABLE
CREATE POLICY
CREATE POLICY
CREATE FUNCTION
CREATE TRIGGER
MIGRATION:0047_emergency_information.sql
CREATE TABLE
CREATE INDEX
CREATE INDEX
CREATE INDEX
ALTER TABLE
CREATE POLICY
CREATE POLICY
MIGRATION:0048_realtime_publications.sql
ALTER PUBLICATION
ALTER PUBLICATION
ALTER PUBLICATION
ALTER PUBLICATION
MIGRATION:0049_seed_empty_tables.sql
DO
MIGRATION:0050_create_emergency_qr_tables.sql
CREATE TABLE
CREATE TABLE
CREATE INDEX
CREATE INDEX
CREATE FUNCTION
CREATE TRIGGER
CREATE TRIGGER
ALTER TABLE
ALTER TABLE
CREATE POLICY
CREATE POLICY
CREATE POLICY
CREATE POLICY
ALTER TABLE
ALTER TABLE
DO
MIGRATION:0051_waste_management.sql
CREATE TABLE
CREATE TABLE
CREATE INDEX
CREATE INDEX
CREATE INDEX
CREATE FUNCTION
CREATE TRIGGER
CREATE TRIGGER
ALTER TABLE
ALTER TABLE
CREATE POLICY
CREATE POLICY
ALTER TABLE
ALTER TABLE
DO
MIGRATION:0052_household_admin_management.sql
DROP POLICY
CREATE POLICY
CREATE FUNCTION
CREATE FUNCTION
CREATE FUNCTION
CREATE FUNCTION
DROP TRIGGER
CREATE TRIGGER
DO
MIGRATION:0053_faq.sql
CREATE TABLE
CREATE INDEX
CREATE INDEX
CREATE INDEX
CREATE INDEX
ALTER TABLE
CREATE POLICY
CREATE POLICY
CREATE FUNCTION
CREATE TRIGGER
ALTER TABLE
DO
DO
MIGRATION:0054_barangay_settings.sql
ALTER TABLE
DROP TRIGGER
CREATE TRIGGER
DROP POLICY
CREATE POLICY
DO
MIGRATION:0055_grant_guest_read_access.sql
DROP POLICY
CREATE POLICY
DROP POLICY
CREATE POLICY
DROP POLICY
CREATE POLICY
DROP POLICY
CREATE POLICY
MIGRATION:0056_admin_staff_management.sql
ALTER TABLE
ALTER TABLE
DROP POLICY
DROP POLICY
CREATE POLICY
DROP POLICY
DROP POLICY
CREATE POLICY
CREATE FUNCTION
DROP TRIGGER
CREATE TRIGGER
MIGRATION:0057_barangay_officials.sql
CREATE TABLE
CREATE INDEX
ALTER TABLE
CREATE FUNCTION
DROP TRIGGER
CREATE TRIGGER
DROP POLICY
CREATE POLICY
DROP POLICY
CREATE POLICY
DROP POLICY
CREATE POLICY
DROP POLICY
CREATE POLICY
CREATE FUNCTION
DROP TRIGGER
CREATE TRIGGER
INSERT 0 0
MIGRATION:0058_admin_audit_log.sql
DROP VIEW
CREATE TABLE
CREATE INDEX
CREATE INDEX
ALTER TABLE
CREATE POLICY
CREATE POLICY
CREATE POLICY
ALTER PUBLICATION
MIGRATION:0059_site_content_and_about_us.sql
CREATE TABLE
CREATE INDEX
CREATE INDEX
CREATE TABLE
CREATE INDEX
CREATE INDEX
CREATE TABLE
CREATE INDEX
CREATE INDEX
CREATE TRIGGER
CREATE TRIGGER
CREATE TRIGGER
ALTER TABLE
ALTER TABLE
ALTER TABLE
CREATE POLICY
CREATE POLICY
CREATE POLICY
CREATE POLICY
CREATE POLICY
CREATE POLICY
CREATE POLICY
CREATE POLICY
CREATE POLICY
ALTER TABLE
ALTER TABLE
ALTER TABLE
DO
INSERT 0 0
INSERT 0 0
MIGRATION:0060_storage_site_content.sql
INSERT 0 1
CREATE POLICY
CREATE POLICY
CREATE POLICY
CREATE POLICY
MIGRATION:0061_save_about_us_rpc.sql
CREATE FUNCTION
GRANT
MIGRATION:0062_seed_site_content_and_about_us.sql
INSERT 0 0
INSERT 0 0
INSERT 0 0
DELETE 0
INSERT 0 0
MIGRATION:0063_push_notifications.sql
ALTER TABLE
COMMENT
CREATE TABLE
COMMENT
ALTER TABLE
CREATE POLICY
CREATE FUNCTION
MIGRATION:0064_qrph_instant_payment_and_refunds.sql
ALTER TABLE
ALTER TABLE
ALTER TABLE
ALTER TABLE
ALTER TABLE
CREATE FUNCTION
COMMENT
COMMENT
ALTER TABLE
COMMENT
ALTER TABLE
COMMENT
COMMENT
MIGRATION:0065_qrph_payment_intents.sql
ALTER TABLE
COMMENT
ALTER TABLE
COMMENT
DO
ALTER TABLE
MIGRATION:0066_qrph_persistent_qr_and_resident_cancel.sql
ALTER TABLE
CREATE FUNCTION
GRANT
MIGRATION:0067_fix_household_members_uuid_sync.sql
CREATE FUNCTION
COMMENT
MIGRATION:0068_signup_birth_date.sql
CREATE FUNCTION
COMMENT
MIGRATION:0069_fix_emergency_information_tenant_leak.sql
DROP POLICY
CREATE POLICY
CREATE POLICY
MIGRATION:0070_waste_management_resident_read.sql
CREATE POLICY
CREATE POLICY
MIGRATION:0071_add_missing_fk_indexes.sql
CREATE INDEX
CREATE INDEX
CREATE INDEX
CREATE INDEX
CREATE INDEX
CREATE INDEX
CREATE INDEX
CREATE INDEX
CREATE INDEX
CREATE INDEX
CREATE INDEX
MIGRATION:0072_admin_register_for_drive.sql
CREATE FUNCTION
MIGRATION:0073_id_documents_private_again.sql
UPDATE 1
MIGRATION:0074_account_deletion.sql
ALTER TABLE
COMMENT
CREATE INDEX
CREATE FUNCTION
COMMENT
DROP POLICY
CREATE POLICY
MIGRATION:0075_profile_theme_customization.sql
ALTER TABLE
MIGRATION:0076_placeholder.sql
MIGRATION:0077_waste_zone_cron_scoring.sql
ALTER TABLE
CREATE INDEX
ALTER TABLE
COMMENT
CREATE FUNCTION
COMMENT
DO
DO

MIGRATION:0078_registration_location_verification.sql
ALTER TABLE
COMMENT
COMMENT
CREATE FUNCTION
COMMENT
MIGRATION:0079_export_rate_limit.sql
ALTER TABLE
COMMENT
MIGRATION:0080_reports_unread_counts.sql
ALTER TABLE
CREATE TABLE
ALTER TABLE
CREATE POLICY
ALTER PUBLICATION
MIGRATION:0081_resident_profile_field_split.sql
ALTER TABLE
COMMENT
COMMENT
COMMENT
COMMENT
COMMENT
COMMENT
COMMENT
COMMENT
COMMENT
COMMENT
CREATE FUNCTION
COMMENT
DROP TRIGGER
CREATE TRIGGER
CREATE FUNCTION
COMMENT
MIGRATION:0082_remove_delivery_add_pickup.sql
ALTER TABLE
ALTER TABLE
UPDATE 0
UPDATE 0
ALTER TABLE
ALTER TABLE
CREATE FUNCTION
DROP FUNCTION
CREATE FUNCTION
CREATE FUNCTION
DO
DO
UPDATE 0
UPDATE 0
ALTER TABLE
ALTER TABLE
CREATE FUNCTION
ALTER TABLE
ALTER TABLE
COMMENT
MIGRATION:0083_incident_location_details.sql
ALTER TABLE
COMMENT
COMMENT
MIGRATION:0084_announcement_detailed_description.sql
ALTER TABLE
COMMENT
MIGRATION:0085_resident_mark_resolved_incident_read.sql
CREATE POLICY
MIGRATION:0086_about_us_logo_size.sql
ALTER TABLE
CREATE FUNCTION
GRANT
MIGRATION:0087_about_us_title.sql
ALTER TABLE
CREATE FUNCTION
GRANT
MIGRATION:0088_faq_articles_guest_read.sql
CREATE POLICY
MIGRATION:0089_id_verification_failed_status.sql
ALTER TABLE
ALTER TABLE
COMMENT
CREATE FUNCTION
COMMENT
MIGRATION:0090_location_verification.sql
ALTER TABLE
COMMENT
COMMENT
MIGRATION:0091_verified_location_address.sql
ALTER TABLE
COMMENT
MIGRATION:0092_drive_registrations_admin_update.sql
CREATE POLICY
MIGRATION:0093_resident_ios_backend_safety.sql
CREATE FUNCTION
DROP TRIGGER
CREATE TRIGGER
CREATE FUNCTION
CREATE FUNCTION
CREATE FUNCTION
REVOKE
REVOKE
REVOKE
GRANT
GRANT
GRANT
DROP POLICY
CREATE POLICY
ALTER TABLE
CREATE INDEX
COMMENT
MIGRATION:0094_resident_ios_tenant_write_guards.sql
CREATE FUNCTION
DROP TRIGGER
CREATE TRIGGER
CREATE FUNCTION
DROP TRIGGER
CREATE TRIGGER
COMMENT
COMMENT
INSERT 0 1
INSERT 0 2
INSERT 0 2
INSERT 0 2
INSERT 0 1
INSERT 0 2
true
UPDATE 1
UPDATE 1
INSERT 0 2
UPDATE 1
INSERT 0 1
INSERT 0 1
BASELINE:{"payments": [{"id": "e3000000-0000-0000-0000-000000000001", "method": "pickup", "status": "paid", "paid_at": null, "created_at": "2026-10-06T08:30:28.972403+00:00", "deleted_at": null, "expires_at": null, "updated_at": "2026-10-06T08:30:28.972403+00:00", "barangay_id": "a3000000-0000-0000-0000-000000000001", "refunded_at": null, "refunded_by": null, "collected_by": null, "qr_image_url": null, "refund_reason": null, "refund_status": "none", "amount_centavos": 12500, "qrph_creation_key": null, "paymongo_source_id": null, "service_request_id": "c3000000-0000-0000-0000-000000000001", "paymongo_payment_id": null, "refund_transfer_link": null, "document_fee_centavos": 12500, "refund_amount_centavos": null, "paymongo_payment_intent_id": null}, {"id": "e3000000-0000-0000-0000-000000000002", "method": "qrph", "status": "refunded", "paid_at": null, "created_at": "2026-10-06T08:30:28.972403+00:00", "deleted_at": null, "expires_at": null, "updated_at": "2026-10-06T08:30:28.972403+00:00", "barangay_id": "a3000000-0000-0000-0000-000000000001", "refunded_at": null, "refunded_by": null, "collected_by": null, "qr_image_url": null, "refund_reason": null, "refund_status": "none", "amount_centavos": 12500, "qrph_creation_key": null, "paymongo_source_id": null, "service_request_id": "c3000000-0000-0000-0000-000000000002", "paymongo_payment_id": null, "refund_transfer_link": null, "document_fee_centavos": 12500, "refund_amount_centavos": null, "paymongo_payment_intent_id": null}], "profiles": [{"id": "b3000000-0000-0000-0000-000000000001", "sex": null, "city": null, "role": "resident", "email": null, "street": null, "suffix": null, "id_type": "Passport", "house_no": null, "full_name": "Unsplit Historical Name", "last_name": null, "avatar_url": null, "birth_date": null, "created_at": "2026-10-06T08:30:28.961818+00:00", "deleted_at": null, "first_name": null, "occupation": null, "updated_at": "2026-10-06T08:30:28.961818+00:00", "barangay_id": "a3000000-0000-0000-0000-000000000001", "middle_name": null, "accent_color": "#0F6E5B", "home_address": "Unstructured address, preserved verbatim", "id_photo_urls": ["b3000000-0000-0000-0000-000000000001/old-front.jpg", "b3000000-0000-0000-0000-000000000001/old-back.jpg"], "mobile_number": null, "font_preference": "system", "theme_preference": "system", "email_verified_at": null, "employment_status": null, "household_members": [], "location_verified": null, "verified_location": null, "last_data_export_at": null, "custom_accent_colors": [], "location_verified_at": null, "registration_location": null, "id_verification_status": "verified", "email_verification_status": "unavailable", "verified_location_address": null, "push_notifications_enabled": true, "email_verification_requested_at": null}, {"id": "b3000000-0000-0000-0000-000000000002", "sex": null, "city": null, "role": "admin", "email": null, "street": null, "suffix": null, "id_type": null, "house_no": null, "full_name": "Historical Administrator", "last_name": null, "avatar_url": null, "birth_date": null, "created_at": "2026-10-06T08:30:28.961818+00:00", "deleted_at": null, "first_name": null, "occupation": null, "updated_at": "2026-10-06T08:30:28.961818+00:00", "barangay_id": "a3000000-0000-0000-0000-000000000001", "middle_name": null, "accent_color": "#0F6E5B", "home_address": null, "id_photo_urls": [], "mobile_number": null, "font_preference": "system", "theme_preference": "system", "email_verified_at": null, "employment_status": null, "household_members": [], "location_verified": null, "verified_location": null, "last_data_export_at": null, "custom_accent_colors": [], "location_verified_at": null, "registration_location": null, "id_verification_status": null, "email_verification_status": "unavailable", "verified_location_address": null, "push_notifications_enabled": true, "email_verification_requested_at": null}], "barangays": [{"id": "a3000000-0000-0000-0000-000000000001", "name": "Historical Other Tenant", "config": {"keep": "unchanged"}, "boundary": null, "created_at": "2026-10-06T08:30:28.959125+00:00", "updated_at": "2026-10-06T08:30:28.959125+00:00"}], "document_types": [{"id": "d3000000-0000-0000-0000-000000000001", "name": "Historical inactive service", "is_active": false, "created_at": "2026-10-06T08:30:28.966185+00:00", "deleted_at": null, "barangay_id": "a3000000-0000-0000-0000-000000000001", "description": null, "fee_centavos": 12500, "requirements": [], "processing_target_hours": 48}], "medical_drives": [{"id": "f3000000-0000-0000-0000-000000000001", "type": "vaccination", "title": "Historical drive", "location": "Barangay Health Center", "time_end": "12:00:00", "is_active": true, "created_at": "2026-10-06T08:30:28.975356+00:00", "deleted_at": null, "drive_date": "2024-01-01", "stock_unit": "slots", "time_start": "08:00:00", "updated_at": "2026-10-06T08:30:28.975356+00:00", "barangay_id": "a3000000-0000-0000-0000-000000000001", "stock_label": "Remaining Slots", "stock_total": 10, "stock_remaining": 9, "eligible_criteria": "Residents"}], "service_requests": [{"id": "c3000000-0000-0000-0000-000000000001", "status": "completed", "created_at": "2024-01-01T00:00:00+00:00", "deleted_at": null, "updated_at": "2026-10-06T08:30:28.972403+00:00", "barangay_id": "a3000000-0000-0000-0000-000000000001", "resident_id": "b3000000-0000-0000-0000-000000000001", "payment_method": null, "payment_status": "paid", "status_history": [{"at": "2026-10-06T08:30:28.967552+00:00", "note": "Request submitted", "status": "submitted"}, {"at": "2026-10-06T08:30:28.969936+00:00", "note": null, "status": "completed"}], "requester_notes": null, "document_type_id": "d3000000-0000-0000-0000-000000000001", "id_document_path": null, "reference_number": "REQ-2026-00001"}, {"id": "c3000000-0000-0000-0000-000000000002", "status": "cancelled", "created_at": "2024-02-01T00:00:00+00:00", "deleted_at": null, "updated_at": "2026-10-06T08:30:28.972403+00:00", "barangay_id": "a3000000-0000-0000-0000-000000000001", "resident_id": "b3000000-0000-0000-0000-000000000001", "payment_method": null, "payment_status": "refunded", "status_history": [{"at": "2026-10-06T08:30:28.967552+00:00", "note": "Request submitted", "status": "submitted"}, {"at": "2026-10-06T08:30:28.971282+00:00", "note": null, "status": "cancelled"}], "requester_notes": null, "document_type_id": "d3000000-0000-0000-0000-000000000001", "id_document_path": null, "reference_number": "REQ-2026-00002"}], "household_members": [], "drive_registrations": [{"id": "f3000000-0000-0000-0000-000000000002", "age": 70, "is_pwd": true, "status": "pending", "user_id": "b3000000-0000-0000-0000-000000000001", "drive_id": "f3000000-0000-0000-0000-000000000001", "created_at": "2026-10-06T08:30:28.976877+00:00", "updated_at": "2026-10-06T08:30:28.976877+00:00", "comorbidities": ["hypertension"], "priority_score": 90, "prior_dose_date": null, "applicant_number": "HIST-00001"}]}
MIGRATION:0095_phase1_shared_foundations.sql
BEGIN
CREATE SCHEMA
REVOKE
GRANT
CREATE TABLE
INSERT 0 0
ALTER TABLE
REVOKE
GRANT
CREATE POLICY
ALTER TABLE
CREATE TABLE
ALTER TABLE
REVOKE
GRANT
CREATE POLICY
ALTER TABLE
ALTER TABLE
CREATE INDEX
CREATE INDEX
CREATE INDEX
CREATE INDEX
CREATE INDEX
CREATE TABLE
CREATE INDEX
CREATE INDEX
CREATE INDEX
ALTER TABLE
REVOKE
GRANT
CREATE POLICY
CREATE TABLE
CREATE INDEX
ALTER TABLE
REVOKE
GRANT
CREATE POLICY
INSERT 0 1
CREATE POLICY
CREATE POLICY
CREATE POLICY
ALTER POLICY
ALTER POLICY
CREATE POLICY
CREATE FUNCTION
CREATE FUNCTION
CREATE FUNCTION
CREATE FUNCTION
CREATE FUNCTION
CREATE TRIGGER
CREATE FUNCTION
CREATE TRIGGER
CREATE FUNCTION
CREATE TRIGGER
DROP TRIGGER
CREATE TRIGGER
CREATE FUNCTION
CREATE FUNCTION
CREATE FUNCTION
CREATE FUNCTION
CREATE FUNCTION
CREATE FUNCTION
CREATE FUNCTION
CREATE FUNCTION
CREATE FUNCTION
CREATE TRIGGER
CREATE FUNCTION
CREATE FUNCTION
CREATE FUNCTION
CREATE FUNCTION
CREATE FUNCTION
CREATE FUNCTION
REVOKE
GRANT
REVOKE
GRANT
REVOKE
GRANT
GRANT
COMMENT
COMMENT
COMMENT
COMMIT
MIGRATION:0096_phase2_trusted_evidence_locality.sql
BEGIN
ALTER TABLE
DO
ALTER TABLE
DO
CREATE POLICY
CREATE POLICY
CREATE FUNCTION
REVOKE
CREATE TRIGGER
CREATE FUNCTION
UPDATE 0
CREATE FUNCTION
REVOKE
CREATE TRIGGER
CREATE FUNCTION
REVOKE
CREATE TRIGGER
COMMIT
MIGRATION:0097_phase3_catalog_staff_workflows.sql
BEGIN
ALTER TABLE
ALTER TABLE
UPDATE 0
ALTER TABLE
CREATE FUNCTION
CREATE FUNCTION
REVOKE
GRANT
CREATE FUNCTION
REVOKE

CREATE FUNCTION
CREATE FUNCTION
CREATE FUNCTION
CREATE INDEX
CREATE FUNCTION
REVOKE
CREATE TRIGGER
COMMIT
MIGRATION:0098_phase4_resident_submission_payment.sql
BEGIN
CREATE TABLE
ALTER TABLE
REVOKE
CREATE FUNCTION
CREATE FUNCTION
REVOKE
GRANT
CREATE FUNCTION
CREATE FUNCTION
CREATE FUNCTION
REVOKE
GRANT
CREATE FUNCTION
CREATE FUNCTION
COMMIT
MIGRATION:0099_phase5_sla_engine_reporting.sql
BEGIN
ALTER TABLE
CREATE FUNCTION
CREATE TRIGGER
CREATE FUNCTION
REVOKE
GRANT
CREATE FUNCTION
REVOKE
GRANT
CREATE TABLE
ALTER TABLE
REVOKE
GRANT
CREATE POLICY
CREATE FUNCTION
REVOKE
GRANT
CREATE FUNCTION
CREATE FUNCTION
REVOKE
GRANT
DO
REVOKE
COMMIT
MIGRATION:0100_restore_admin_document_type_creation.sql
BEGIN
DROP TRIGGER
DROP FUNCTION
COMMIT
MIGRATION:0101_unified_document_type_charter_forms.sql
BEGIN
ALTER TABLE
ALTER TABLE
DROP INDEX
CREATE INDEX
CREATE FUNCTION
CREATE FUNCTION
CREATE FUNCTION
REVOKE
CREATE TRIGGER
COMMENT
COMMENT
COMMIT
MIGRATION:0102_phase6_registration_maps_auth.sql
BEGIN
ALTER TABLE
CREATE FUNCTION
CREATE FUNCTION
CREATE FUNCTION
CREATE FUNCTION
CREATE TRIGGER
ALTER FUNCTION
CREATE FUNCTION
CREATE FUNCTION
REVOKE
REVOKE
GRANT
REVOKE
COMMIT
MIGRATION:0103_phase6_deferred_profile_completion.sql
BEGIN
CREATE FUNCTION
REVOKE
GRANT
CREATE POLICY
CREATE POLICY
CREATE POLICY
CREATE POLICY
CREATE POLICY
CREATE POLICY
CREATE POLICY
CREATE POLICY
CREATE FUNCTION
REVOKE
CREATE TRIGGER
CREATE TRIGGER
CREATE TRIGGER
COMMIT
MIGRATION:0104_google_minimal_resident_profiles.sql
BEGIN
CREATE FUNCTION
CREATE FUNCTION
CREATE FUNCTION
CREATE FUNCTION
CREATE TRIGGER
CREATE FUNCTION
CREATE FUNCTION
REVOKE
GRANT
COMMENT
NOTIFY
COMMIT
BEFORE:{"payments": [{"id": "e3000000-0000-0000-0000-000000000001", "method": "pickup", "status": "paid", "paid_at": null, "created_at": "2026-10-06T08:30:28.972403+00:00", "deleted_at": null, "expires_at": null, "updated_at": "2026-10-06T08:30:28.972403+00:00", "barangay_id": "a3000000-0000-0000-0000-000000000001", "refunded_at": null, "refunded_by": null, "collected_by": null, "qr_image_url": null, "refund_reason": null, "refund_status": "none", "amount_centavos": 12500, "qrph_creation_key": null, "paymongo_source_id": null, "service_request_id": "c3000000-0000-0000-0000-000000000001", "paymongo_payment_id": null, "refund_transfer_link": null, "document_fee_centavos": 12500, "refund_amount_centavos": null, "paymongo_payment_intent_id": null}, {"id": "e3000000-0000-0000-0000-000000000002", "method": "qrph", "status": "refunded", "paid_at": null, "created_at": "2026-10-06T08:30:28.972403+00:00", "deleted_at": null, "expires_at": null, "updated_at": "2026-10-06T08:30:28.972403+00:00", "barangay_id": "a3000000-0000-0000-0000-000000000001", "refunded_at": null, "refunded_by": null, "collected_by": null, "qr_image_url": null, "refund_reason": null, "refund_status": "none", "amount_centavos": 12500, "qrph_creation_key": null, "paymongo_source_id": null, "service_request_id": "c3000000-0000-0000-0000-000000000002", "paymongo_payment_id": null, "refund_transfer_link": null, "document_fee_centavos": 12500, "refund_amount_centavos": null, "paymongo_payment_intent_id": null}], "profiles": [{"id": "b3000000-0000-0000-0000-000000000001", "sex": null, "city": null, "role": "resident", "email": null, "street": null, "suffix": null, "id_type": "Passport", "house_no": null, "province": null, "full_name": "Unsplit Historical Name", "last_name": null, "avatar_url": null, "birth_date": null, "created_at": "2026-10-06T08:30:28.961818+00:00", "deleted_at": null, "first_name": null, "occupation": null, "updated_at": "2026-10-06T08:30:28.961818+00:00", "barangay_id": "a3000000-0000-0000-0000-000000000001", "middle_name": null, "accent_color": "#0F6E5B", "home_address": "Unstructured address, preserved verbatim", "id_photo_urls": ["b3000000-0000-0000-0000-000000000001/old-front.jpg", "b3000000-0000-0000-0000-000000000001/old-back.jpg"], "mobile_number": null, "font_preference": "system", "theme_preference": "system", "email_verified_at": null, "employment_status": null, "household_members": [], "location_verified": null, "verified_location": null, "id_repair_required": false, "last_data_export_at": null, "custom_accent_colors": [], "location_verified_at": null, "profile_completed_at": null, "registration_location": null, "id_verification_status": "verified", "current_id_submission_id": null, "approved_id_submission_id": null, "email_verification_status": "unavailable", "verified_location_address": null, "push_notifications_enabled": true, "registration_home_location": null, "email_verification_requested_at": null}, {"id": "b3000000-0000-0000-0000-000000000002", "sex": null, "city": null, "role": "admin", "email": null, "street": null, "suffix": null, "id_type": null, "house_no": null, "province": null, "full_name": "Historical Administrator", "last_name": null, "avatar_url": null, "birth_date": null, "created_at": "2026-10-06T08:30:28.961818+00:00", "deleted_at": null, "first_name": null, "occupation": null, "updated_at": "2026-10-06T08:30:28.961818+00:00", "barangay_id": "a3000000-0000-0000-0000-000000000001", "middle_name": null, "accent_color": "#0F6E5B", "home_address": null, "id_photo_urls": [], "mobile_number": null, "font_preference": "system", "theme_preference": "system", "email_verified_at": null, "employment_status": null, "household_members": [], "location_verified": null, "verified_location": null, "id_repair_required": false, "last_data_export_at": null, "custom_accent_colors": [], "location_verified_at": null, "profile_completed_at": null, "registration_location": null, "id_verification_status": null, "current_id_submission_id": null, "approved_id_submission_id": null, "email_verification_status": "unavailable", "verified_location_address": null, "push_notifications_enabled": true, "registration_home_location": null, "email_verification_requested_at": null}], "barangays": [{"id": "a3000000-0000-0000-0000-000000000001", "name": "Historical Other Tenant", "config": {"keep": "unchanged"}, "boundary": null, "created_at": "2026-10-06T08:30:28.959125+00:00", "updated_at": "2026-10-06T08:30:28.959125+00:00"}], "document_types": [{"id": "d3000000-0000-0000-0000-000000000001", "name": "Historical inactive service", "charter": null, "purposes": [], "is_active": false, "created_at": "2026-10-06T08:30:28.966185+00:00", "deleted_at": null, "barangay_id": "a3000000-0000-0000-0000-000000000001", "description": null, "fee_centavos": 12500, "pricing_mode": "fixed", "requirements": [], "service_kind": null, "contract_version": 1, "requirement_rules": {}, "processing_target_hours": 48, "processing_target_minutes": null}], "id_submissions": [], "medical_drives": [{"id": "f3000000-0000-0000-0000-000000000001", "type": "vaccination", "title": "Historical drive", "location": "Barangay Health Center", "time_end": "12:00:00", "is_active": true, "created_at": "2026-10-06T08:30:28.975356+00:00", "deleted_at": null, "drive_date": "2024-01-01", "stock_unit": "slots", "time_start": "08:00:00", "updated_at": "2026-10-06T08:30:28.975356+00:00", "barangay_id": "a3000000-0000-0000-0000-000000000001", "stock_label": "Remaining Slots", "stock_total": 10, "stock_remaining": 9, "eligible_criteria": "Residents"}], "service_requests": [{"id": "c3000000-0000-0000-0000-000000000001", "status": "completed", "ready_at": null, "fee_basis": null, "sla_state": "legacy", "created_at": "2024-01-01T00:00:00+00:00", "deleted_at": null, "updated_at": "2026-10-06T08:30:28.972403+00:00", "accepted_at": null, "barangay_id": "a3000000-0000-0000-0000-000000000001", "released_at": null, "resident_id": "b3000000-0000-0000-0000-000000000001", "cancelled_at": null, "purpose_code": null, "timing_model": "legacy_hours", "purpose_label": null, "billable_pages": null, "payment_method": null, "payment_status": "paid", "status_history": [{"at": "2026-10-06T08:30:28.967552+00:00", "note": "Request submitted", "status": "submitted"}, {"at": "2026-10-06T08:30:28.969936+00:00", "note": null, "status": "completed"}], "fee_assessed_at": null, "fee_assessed_by": null, "idempotency_key": null, "requester_notes": null, "contract_version": 1, "document_type_id": "d3000000-0000-0000-0000-000000000001", "id_document_path": null, "reference_number": "REQ-2026-00001", "eligibility_state": "pending", "submission_payload": null, "supporting_details": null, "legacy_fee_centavos": null, "purpose_explanation": null, "fee_assessment_state": "legacy", "pricing_mode_snapshot": null, "personal_appearance_at": null, "target_minutes_snapshot": null, "assessed_amount_centavos": null, "requirements_review_note": null, "requirements_reviewed_at": null, "requirements_reviewed_by": null, "approved_id_submission_id": null, "requirements_review_state": "legacy", "personal_appearance_required": false, "personal_appearance_recorded_by": null}, {"id": "c3000000-0000-0000-0000-000000000002", "status": "cancelled", "ready_at": null, "fee_basis": null, "sla_state": "legacy", "created_at": "2024-02-01T00:00:00+00:00", "deleted_at": null, "updated_at": "2026-10-06T08:30:28.972403+00:00", "accepted_at": null, "barangay_id": "a3000000-0000-0000-0000-000000000001", "released_at": null, "resident_id": "b3000000-0000-0000-0000-000000000001", "cancelled_at": null, "purpose_code": null, "timing_model": "legacy_hours", "purpose_label": null, "billable_pages": null, "payment_method": null, "payment_status": "refunded", "status_history": [{"at": "2026-10-06T08:30:28.967552+00:00", "note": "Request submitted", "status": "submitted"}, {"at": "2026-10-06T08:30:28.971282+00:00", "note": null, "status": "cancelled"}], "fee_assessed_at": null, "fee_assessed_by": null, "idempotency_key": null, "requester_notes": null, "contract_version": 1, "document_type_id": "d3000000-0000-0000-0000-000000000001", "id_document_path": null, "reference_number": "REQ-2026-00002", "eligibility_state": "pending", "submission_payload": null, "supporting_details": null, "legacy_fee_centavos": null, "purpose_explanation": null, "fee_assessment_state": "legacy", "pricing_mode_snapshot": null, "personal_appearance_at": null, "target_minutes_snapshot": null, "assessed_amount_centavos": null, "requirements_review_note": null, "requirements_reviewed_at": null, "requirements_reviewed_by": null, "approved_id_submission_id": null, "requirements_review_state": "legacy", "personal_appearance_required": false, "personal_appearance_recorded_by": null}], "household_members": [], "drive_registrations": [{"id": "f3000000-0000-0000-0000-000000000002", "age": 70, "is_pwd": true, "status": "pending", "user_id": "b3000000-0000-0000-0000-000000000001", "drive_id": "f3000000-0000-0000-0000-000000000001", "created_at": "2026-10-06T08:30:28.976877+00:00", "updated_at": "2026-10-06T08:30:28.976877+00:00", "comorbidities": ["hypertension"], "priority_score": 90, "prior_dose_date": null, "applicant_number": "HIST-00001"}]}
MIGRATION:0105_phase7_administrator_only_scores.sql
BEGIN
LOCK TABLE
CREATE TABLE
ALTER TABLE
REVOKE
GRANT
GRANT
CREATE POLICY
INSERT 0 1
DO
ALTER TABLE
ALTER TABLE
ALTER TABLE
UPDATE 1
ALTER TABLE
ALTER TABLE
COMMENT
ALTER POLICY
CREATE FUNCTION
REVOKE
CREATE TRIGGER
CREATE FUNCTION
REVOKE
CREATE TRIGGER
CREATE FUNCTION
CREATE FUNCTION
REVOKE
GRANT
REVOKE
GRANT
NOTIFY
COMMIT
CHECKPOINT:{"constrained": true, "nullMirrors": true}
MIGRATION:0106_remove_obsolete_registration_score.sql
BEGIN
ALTER TABLE
NOTIFY
COMMIT
AFTER:{"payments": [{"id": "e3000000-0000-0000-0000-000000000001", "method": "pickup", "status": "paid", "paid_at": null, "created_at": "2026-10-06T08:30:28.972403+00:00", "deleted_at": null, "expires_at": null, "updated_at": "2026-10-06T08:30:28.972403+00:00", "barangay_id": "a3000000-0000-0000-0000-000000000001", "refunded_at": null, "refunded_by": null, "collected_by": null, "qr_image_url": null, "refund_reason": null, "refund_status": "none", "amount_centavos": 12500, "qrph_creation_key": null, "paymongo_source_id": null, "service_request_id": "c3000000-0000-0000-0000-000000000001", "paymongo_payment_id": null, "refund_transfer_link": null, "document_fee_centavos": 12500, "refund_amount_centavos": null, "paymongo_payment_intent_id": null}, {"id": "e3000000-0000-0000-0000-000000000002", "method": "qrph", "status": "refunded", "paid_at": null, "created_at": "2026-10-06T08:30:28.972403+00:00", "deleted_at": null, "expires_at": null, "updated_at": "2026-10-06T08:30:28.972403+00:00", "barangay_id": "a3000000-0000-0000-0000-000000000001", "refunded_at": null, "refunded_by": null, "collected_by": null, "qr_image_url": null, "refund_reason": null, "refund_status": "none", "amount_centavos": 12500, "qrph_creation_key": null, "paymongo_source_id": null, "service_request_id": "c3000000-0000-0000-0000-000000000002", "paymongo_payment_id": null, "refund_transfer_link": null, "document_fee_centavos": 12500, "refund_amount_centavos": null, "paymongo_payment_intent_id": null}], "profiles": [{"id": "b3000000-0000-0000-0000-000000000001", "sex": null, "city": null, "role": "resident", "email": null, "street": null, "suffix": null, "id_type": "Passport", "house_no": null, "province": null, "full_name": "Unsplit Historical Name", "last_name": null, "avatar_url": null, "birth_date": null, "created_at": "2026-10-06T08:30:28.961818+00:00", "deleted_at": null, "first_name": null, "occupation": null, "updated_at": "2026-10-06T08:30:28.961818+00:00", "barangay_id": "a3000000-0000-0000-0000-000000000001", "middle_name": null, "accent_color": "#0F6E5B", "home_address": "Unstructured address, preserved verbatim", "id_photo_urls": ["b3000000-0000-0000-0000-000000000001/old-front.jpg", "b3000000-0000-0000-0000-000000000001/old-back.jpg"], "mobile_number": null, "font_preference": "system", "theme_preference": "system", "email_verified_at": null, "employment_status": null, "household_members": [], "location_verified": null, "verified_location": null, "id_repair_required": false, "last_data_export_at": null, "custom_accent_colors": [], "location_verified_at": null, "profile_completed_at": null, "registration_location": null, "id_verification_status": "verified", "current_id_submission_id": null, "approved_id_submission_id": null, "email_verification_status": "unavailable", "verified_location_address": null, "push_notifications_enabled": true, "registration_home_location": null, "email_verification_requested_at": null}, {"id": "b3000000-0000-0000-0000-000000000002", "sex": null, "city": null, "role": "admin", "email": null, "street": null, "suffix": null, "id_type": null, "house_no": null, "province": null, "full_name": "Historical Administrator", "last_name": null, "avatar_url": null, "birth_date": null, "created_at": "2026-10-06T08:30:28.961818+00:00", "deleted_at": null, "first_name": null, "occupation": null, "updated_at": "2026-10-06T08:30:28.961818+00:00", "barangay_id": "a3000000-0000-0000-0000-000000000001", "middle_name": null, "accent_color": "#0F6E5B", "home_address": null, "id_photo_urls": [], "mobile_number": null, "font_preference": "system", "theme_preference": "system", "email_verified_at": null, "employment_status": null, "household_members": [], "location_verified": null, "verified_location": null, "id_repair_required": false, "last_data_export_at": null, "custom_accent_colors": [], "location_verified_at": null, "profile_completed_at": null, "registration_location": null, "id_verification_status": null, "current_id_submission_id": null, "approved_id_submission_id": null, "email_verification_status": "unavailable", "verified_location_address": null, "push_notifications_enabled": true, "registration_home_location": null, "email_verification_requested_at": null}], "barangays": [{"id": "a3000000-0000-0000-0000-000000000001", "name": "Historical Other Tenant", "config": {"keep": "unchanged"}, "boundary": null, "created_at": "2026-10-06T08:30:28.959125+00:00", "updated_at": "2026-10-06T08:30:28.959125+00:00"}], "document_types": [{"id": "d3000000-0000-0000-0000-000000000001", "name": "Historical inactive service", "charter": null, "purposes": [], "is_active": false, "created_at": "2026-10-06T08:30:28.966185+00:00", "deleted_at": null, "barangay_id": "a3000000-0000-0000-0000-000000000001", "description": null, "fee_centavos": 12500, "pricing_mode": "fixed", "requirements": [], "service_kind": null, "contract_version": 1, "requirement_rules": {}, "processing_target_hours": 48, "processing_target_minutes": null}], "id_submissions": [], "medical_drives": [{"id": "f3000000-0000-0000-0000-000000000001", "type": "vaccination", "title": "Historical drive", "location": "Barangay Health Center", "time_end": "12:00:00", "is_active": true, "created_at": "2026-10-06T08:30:28.975356+00:00", "deleted_at": null, "drive_date": "2024-01-01", "stock_unit": "slots", "time_start": "08:00:00", "updated_at": "2026-10-06T08:30:28.975356+00:00", "barangay_id": "a3000000-0000-0000-0000-000000000001", "stock_label": "Remaining Slots", "stock_total": 10, "stock_remaining": 9, "eligible_criteria": "Residents"}], "service_requests": [{"id": "c3000000-0000-0000-0000-000000000001", "status": "completed", "ready_at": null, "fee_basis": null, "sla_state": "legacy", "created_at": "2024-01-01T00:00:00+00:00", "deleted_at": null, "updated_at": "2026-10-06T08:30:28.972403+00:00", "accepted_at": null, "barangay_id": "a3000000-0000-0000-0000-000000000001", "released_at": null, "resident_id": "b3000000-0000-0000-0000-000000000001", "cancelled_at": null, "purpose_code": null, "timing_model": "legacy_hours", "purpose_label": null, "billable_pages": null, "payment_method": null, "payment_status": "paid", "status_history": [{"at": "2026-10-06T08:30:28.967552+00:00", "note": "Request submitted", "status": "submitted"}, {"at": "2026-10-06T08:30:28.969936+00:00", "note": null, "status": "completed"}], "fee_assessed_at": null, "fee_assessed_by": null, "idempotency_key": null, "requester_notes": null, "contract_version": 1, "document_type_id": "d3000000-0000-0000-0000-000000000001", "id_document_path": null, "reference_number": "REQ-2026-00001", "eligibility_state": "pending", "submission_payload": null, "supporting_details": null, "legacy_fee_centavos": null, "purpose_explanation": null, "fee_assessment_state": "legacy", "pricing_mode_snapshot": null, "personal_appearance_at": null, "target_minutes_snapshot": null, "assessed_amount_centavos": null, "requirements_review_note": null, "requirements_reviewed_at": null, "requirements_reviewed_by": null, "approved_id_submission_id": null, "requirements_review_state": "legacy", "personal_appearance_required": false, "personal_appearance_recorded_by": null}, {"id": "c3000000-0000-0000-0000-000000000002", "status": "cancelled", "ready_at": null, "fee_basis": null, "sla_state": "legacy", "created_at": "2024-02-01T00:00:00+00:00", "deleted_at": null, "updated_at": "2026-10-06T08:30:28.972403+00:00", "accepted_at": null, "barangay_id": "a3000000-0000-0000-0000-000000000001", "released_at": null, "resident_id": "b3000000-0000-0000-0000-000000000001", "cancelled_at": null, "purpose_code": null, "timing_model": "legacy_hours", "purpose_label": null, "billable_pages": null, "payment_method": null, "payment_status": "refunded", "status_history": [{"at": "2026-10-06T08:30:28.967552+00:00", "note": "Request submitted", "status": "submitted"}, {"at": "2026-10-06T08:30:28.971282+00:00", "note": null, "status": "cancelled"}], "fee_assessed_at": null, "fee_assessed_by": null, "idempotency_key": null, "requester_notes": null, "contract_version": 1, "document_type_id": "d3000000-0000-0000-0000-000000000001", "id_document_path": null, "reference_number": "REQ-2026-00002", "eligibility_state": "pending", "submission_payload": null, "supporting_details": null, "legacy_fee_centavos": null, "purpose_explanation": null, "fee_assessment_state": "legacy", "pricing_mode_snapshot": null, "personal_appearance_at": null, "target_minutes_snapshot": null, "assessed_amount_centavos": null, "requirements_review_note": null, "requirements_reviewed_at": null, "requirements_reviewed_by": null, "approved_id_submission_id": null, "requirements_review_state": "legacy", "personal_appearance_required": false, "personal_appearance_recorded_by": null}], "household_members": [], "drive_registrations": [{"id": "f3000000-0000-0000-0000-000000000002", "age": 70, "is_pwd": true, "status": "pending", "user_id": "b3000000-0000-0000-0000-000000000001", "drive_id": "f3000000-0000-0000-0000-000000000001", "created_at": "2026-10-06T08:30:28.976877+00:00", "updated_at": "2026-10-06T08:30:28.976877+00:00", "comorbidities": ["hypertension"], "prior_dose_date": null, "applicant_number": "HIST-00001"}]}
SCORES:[{"priority_score": 90, "registration_id": "f3000000-0000-0000-0000-000000000002"}]
