Download https://jsr.io/@supabase/supabase-js/meta.json
Download https://jsr.io/@supabase/supabase-js/2.117.2_meta.json
Download https://jsr.io/@supabase/supabase-js/2.117.2/src/index.ts
Download https://jsr.io/@supabase/supabase-js/2.117.2/src/SupabaseClient.ts
Download https://jsr.io/@supabase/supabase-js/2.117.2/src/lib/types.ts
Download https://jsr.io/@supabase/supabase-js/2.117.2/src/lib/constants.ts
Download https://jsr.io/@supabase/supabase-js/2.117.2/src/lib/fetch.ts
Download https://jsr.io/@supabase/supabase-js/2.117.2/src/lib/helpers.ts
Download https://jsr.io/@supabase/supabase-js/2.117.2/src/lib/SupabaseAuthClient.ts
Download https://jsr.io/@supabase/supabase-js/2.117.2/src/lib/rest/types/common/rpc.ts
Download https://jsr.io/@supabase/supabase-js/2.117.2/src/lib/rest/types/common/common.ts
Download https://jsr.io/@supabase/supabase-js/2.117.2/src/lib/version.ts
Download https://jsr.io/@supabase/supabase-js/2.117.2/src/_internal/tracing/index.ts
Download https://jsr.io/@supabase/supabase-js/2.117.2/src/lib/tracingRegistry.ts
Download https://jsr.io/@supabase/supabase-js/2.117.2/src/_internal/tracing/types.ts
Download https://jsr.io/@supabase/supabase-js/2.117.2/src/_internal/tracing/create-extractor.ts
Download https://jsr.io/@supabase/supabase-js/2.117.2/src/_internal/tracing/parse.ts
Download https://jsr.io/@supabase/supabase-js/2.117.2/src/_internal/tracing/validate.ts
Download https://jsr.io/@supabase/supabase-js/2.117.2/src/_internal/tracing/defaults.ts
Download https://registry.npmjs.org/@supabase%2fauth-js
Download https://registry.npmjs.org/@supabase%2fpostgrest-js
Download https://registry.npmjs.org/@supabase%2fstorage-js
Download https://registry.npmjs.org/@supabase%2ffunctions-js
Download https://registry.npmjs.org/@supabase%2frealtime-js
Download https://registry.npmjs.org/tslib
Download https://registry.npmjs.org/iceberg-js
Download https://registry.npmjs.org/@supabase%2fphoenix
Download https://registry.npmjs.org/@supabase/postgrest-js/-/postgrest-js-2.117.2.tgz
Download https://registry.npmjs.org/@supabase/realtime-js/-/realtime-js-2.117.2.tgz
Download https://registry.npmjs.org/@supabase/storage-js/-/storage-js-2.117.2.tgz
Download https://registry.npmjs.org/@supabase/functions-js/-/functions-js-2.117.2.tgz
Download https://registry.npmjs.org/@supabase/auth-js/-/auth-js-2.117.2.tgz
Download https://registry.npmjs.org/tslib/-/tslib-2.8.1.tgz
Download https://registry.npmjs.org/@supabase/phoenix/-/phoenix-0.4.5.tgz
Download https://registry.npmjs.org/iceberg-js/-/iceberg-js-0.8.1.tgz
Check supabase/functions/delete-my-account/index.ts
