env: load .env
env: export EXPO_PUBLIC_PAYMONGO_PUBLIC_KEY EXPO_PUBLIC_QRPH_SETTLEMENT_READY EXPO_PUBLIC_SUPABASE_ANON_KEY EXPO_PUBLIC_SUPABASE_URL
Using src/app as the root directory for Expo Router.
React Compiler enabled
Expo Autolinking module resolution enabled
Starting Metro Bundler

| (node:9944) Warning: The 'NO_COLOR' env is ignored due to the 'FORCE_COLOR' env being set.
| (Use `node --trace-warnings ...` to show where the warning was created)
Android Bundled 32648ms node_modules\expo-router\entry.js (2454 modules)

› Assets (50):
..\..\node_modules\@expo-google-fonts\material-symbols\400Regular\MaterialSymbols_400Regular.ttf (962KB)
..\..\node_modules\@expo\vector-icons\build\vendor\react-native-vector-icons\Fonts\AntDesign.ttf (130KB)
..\..\node_modules\@expo\vector-icons\build\vendor\react-native-vector-icons\Fonts\Entypo.ttf (66KB)
..\..\node_modules\@expo\vector-icons\build\vendor\react-native-vector-icons\Fonts\EvilIcons.ttf (13KB)
..\..\node_modules\@expo\vector-icons\build\vendor\react-native-vector-icons\Fonts\Feather.ttf (56KB)
..\..\node_modules\@expo\vector-icons\build\vendor\react-native-vector-icons\Fonts\FontAwesome.ttf (166KB)
..\..\node_modules\@expo\vector-icons\build\vendor\react-native-vector-icons\Fonts\FontAwesome5_Brands.ttf (134KB)
..\..\node_modules\@expo\vector-icons\build\vendor\react-native-vector-icons\Fonts\FontAwesome5_Regular.ttf (34KB)
..\..\node_modules\@expo\vector-icons\build\vendor\react-native-vector-icons\Fonts\FontAwesome5_Solid.ttf (203KB)
..\..\node_modules\@expo\vector-icons\build\vendor\react-native-vector-icons\Fonts\FontAwesome6_Brands.ttf (209KB)
..\..\node_modules\@expo\vector-icons\build\vendor\react-native-vector-icons\Fonts\FontAwesome6_Regular.ttf (68KB)
..\..\node_modules\@expo\vector-icons\build\vendor\react-native-vector-icons\Fonts\FontAwesome6_Solid.ttf (424KB)
..\..\node_modules\@expo\vector-icons\build\vendor\react-native-vector-icons\Fonts\Fontisto.ttf (314KB)
..\..\node_modules\@expo\vector-icons\build\vendor\react-native-vector-icons\Fonts\Foundation.ttf (57KB)
..\..\node_modules\@expo\vector-icons\build\vendor\react-native-vector-icons\Fonts\Ionicons.ttf (390KB)
..\..\node_modules\@expo\vector-icons\build\vendor\react-native-vector-icons\Fonts\MaterialCommunityIcons.ttf (1.3MB)
..\..\node_modules\@expo\vector-icons\build\vendor\react-native-vector-icons\Fonts\MaterialIcons.ttf (357KB)
..\..\node_modules\@expo\vector-icons\build\vendor\react-native-vector-icons\Fonts\Octicons.ttf (69KB)
..\..\node_modules\@expo\vector-icons\build\vendor\react-native-vector-icons\Fonts\SimpleLineIcons.ttf (54KB)
..\..\node_modules\@expo\vector-icons\build\vendor\react-native-vector-icons\Fonts\Zocial.ttf (26KB)
..\..\node_modules\expo-router\assets\arrow_down.png (9.5KB)
..\..\node_modules\expo-router\assets\arrow_right.xml (307B)
..\..\node_modules\expo-router\assets\checkmark.xml (312B)
..\..\node_modules\expo-router\assets\error.png (469B)
..\..\node_modules\expo-router\assets\file.png (138B)
..\..\node_modules\expo-router\assets\forward.png (188B)
..\..\node_modules\expo-router\assets\pkg.png (364B)
..\..\node_modules\expo-router\assets\react-navigation\elements\back-icon-mask.png (653B)
..\..\node_modules\expo-router\assets\react-navigation\elements\back-icon.png (4 variations | 152B)
..\..\node_modules\expo-router\assets\react-navigation\elements\clear-icon.png (4 variations | 425B)
..\..\node_modules\expo-router\assets\react-navigation\elements\close-icon.png (4 variations | 235B)
..\..\node_modules\expo-router\assets\react-navigation\elements\search-icon.png (4 variations | 599B)
..\..\node_modules\expo-router\assets\sitemap.png (465B)
..\..\node_modules\expo-router\assets\unmatched.png (4.8KB)
assets\fonts\GideonRoman-Regular.ttf (109KB)
assets\images\expo-logo.png (3.3KB)
assets\images\logo-glow.png (332KB)
assets\logo\barangayan-logo-1024.png (927KB)

› android bundles (1):
_expo/static/js/android/entry-5a2d766c45b00aa2bb575fe187968f42.hbc (7.1MB)

› Files (1):
metadata.json (3.3KB)

Exported: dist/phase0-android
