10-04 19:56:32.610 12703 12703 I AccessibilityNodeInfoDumper: Skipping invisible child: android.view.accessibility.AccessibilityNodeInfo@ed04; boundsInParent: Rect(0, 0 - 1080, 1848); boundsInScreen: Rect(0, 72 - 0, 1920); packageName: host.exp.exponent; className: android.widget.RelativeLayout; text: null; error: null; maxTextLength: -1; contentDescription: null; tooltipText: null; viewIdResName: null; checkable: false; checked: false; focusable: false; focused: false; selected: false; clickable: false; longClickable: false; contextClickable: false; enabled: true; password: false; scrollable: false; importantForAccessibility: false; visible: false; actions: [AccessibilityAction: ACTION_SELECT - null, AccessibilityAction: ACTION_CLEAR_SELECTION - null, AccessibilityAction: ACTION_ACCESSIBILITY_FOCUS - null, AccessibilityAction: ACTION_SHOW_ON_SCREEN - null]
10-04 19:56:32.611 12703 12703 I AccessibilityNodeInfoDumper: Skipping invisible child: android.view.accessibility.AccessibilityNodeInfo@1128e; boundsInParent: Rect(0, 0 - 0, 57); boundsInScreen: Rect(30, 376 - 30, 433); packageName: host.exp.exponent; className: android.widget.TextView; text: null; error: null; maxTextLength: -1; contentDescription: null; tooltipText: null; viewIdResName: host.exp.exponent:id/error_console_item_stack_preview; checkable: false; checked: false; focusable: false; focused: false; selected: false; clickable: false; longClickable: false; contextClickable: false; enabled: true; password: false; scrollable: false; importantForAccessibility: true; visible: false; actions: [AccessibilityAction: ACTION_SELECT - null, AccessibilityAction: ACTION_CLEAR_SELECTION - null, AccessibilityAction: ACTION_ACCESSIBILITY_FOCUS - null, AccessibilityAction: ACTION_SHOW_ON_SCREEN - null]
10-04 19:57:00.168  1639  2429 D ActivityManager: Task: host.exp.exponent.experience.ErrorActivity, ID: 18, Base: host.exp.exponent.experience.ExperienceActivity, packageName: host.exp.exponent
10-04 19:57:00.168  1639  2429 I ActivityManager: Force stopping host.exp.exponent appid=10073 user=0: from pid 12721
10-04 19:57:00.168  1639  2429 I ActivityManager: Killing 10362:host.exp.exponent/u0a73 (adj 0): stop host.exp.exponent
10-04 19:57:00.169  1639  2429 W ActivityManager: Force removing ActivityRecord{a399ed7 u0 host.exp.exponent/.experience.ErrorActivity t21}: app died, no saved state
10-04 19:57:00.191  1639  1727 W InputDispatcher: channel '80d6f08 host.exp.exponent/host.exp.exponent.experience.ErrorActivity (server)' ~ Consumer closed input channel or an error occurred.  events=0x9
10-04 19:57:00.191  1639  1727 E InputDispatcher: channel '80d6f08 host.exp.exponent/host.exp.exponent.experience.ErrorActivity (server)' ~ Channel is unrecoverably broken and will be disposed!
10-04 19:57:00.191  1639  1727 W InputDispatcher: channel '56634ce host.exp.exponent/host.exp.exponent.experience.ExperienceActivity (server)' ~ Consumer closed input channel or an error occurred.  events=0x9
10-04 19:57:00.191  1639  1727 E InputDispatcher: channel '56634ce host.exp.exponent/host.exp.exponent.experience.ExperienceActivity (server)' ~ Channel is unrecoverably broken and will be disposed!
10-04 19:57:00.191  1639  1727 W InputDispatcher: channel '45723df host.exp.exponent/host.exp.exponent.experience.ExperienceActivity (server)' ~ Consumer closed input channel or an error occurred.  events=0x9
10-04 19:57:00.191  1639  1727 E InputDispatcher: channel '45723df host.exp.exponent/host.exp.exponent.experience.ExperienceActivity (server)' ~ Channel is unrecoverably broken and will be disposed!
10-04 19:57:00.191  1639  1727 W InputDispatcher: channel '817af44 host.exp.exponent/host.exp.exponent.experience.ExperienceActivity (server)' ~ Consumer closed input channel or an error occurred.  events=0x9
10-04 19:57:00.191  1639  1727 E InputDispatcher: channel '817af44 host.exp.exponent/host.exp.exponent.experience.ExperienceActivity (server)' ~ Channel is unrecoverably broken and will be disposed!
10-04 19:57:00.191  1639  1727 W InputDispatcher: channel 'b92e4c5 host.exp.exponent/host.exp.exponent.experience.ErrorActivity (server)' ~ Consumer closed input channel or an error occurred.  events=0x9
10-04 19:57:00.191  1639  1727 E InputDispatcher: channel 'b92e4c5 host.exp.exponent/host.exp.exponent.experience.ErrorActivity (server)' ~ Channel is unrecoverably broken and will be disposed!
10-04 19:57:00.212  1639  3455 I WindowManager: WIN DEATH: Window{b92e4c5 u0 host.exp.exponent/host.exp.exponent.experience.ErrorActivity}
10-04 19:57:00.219  1639  3455 W InputDispatcher: Attempted to unregister already unregistered input channel 'b92e4c5 host.exp.exponent/host.exp.exponent.experience.ErrorActivity (server)'
10-04 19:57:00.220  1639  3445 I WindowManager: WIN DEATH: Window{80d6f08 u0 host.exp.exponent/host.exp.exponent.experience.ErrorActivity}
10-04 19:57:00.220  1639  3445 W InputDispatcher: Attempted to unregister already unregistered input channel '80d6f08 host.exp.exponent/host.exp.exponent.experience.ErrorActivity (server)'
10-04 19:57:00.221  1639  1934 I WindowManager: WIN DEATH: Window{817af44 u0 host.exp.exponent/host.exp.exponent.experience.ExperienceActivity}
10-04 19:57:00.221  1639  1934 W InputDispatcher: Attempted to unregister already unregistered input channel '817af44 host.exp.exponent/host.exp.exponent.experience.ExperienceActivity (server)'
10-04 19:57:00.222  1639  1691 I WindowManager: WIN DEATH: Window{45723df u0 host.exp.exponent/host.exp.exponent.experience.ExperienceActivity}
10-04 19:57:00.222  1639  1691 W InputDispatcher: Attempted to unregister already unregistered input channel '45723df host.exp.exponent/host.exp.exponent.experience.ExperienceActivity (server)'
10-04 19:57:00.224  1639  1926 I WindowManager: WIN DEATH: Window{56634ce u0 host.exp.exponent/host.exp.exponent.experience.ExperienceActivity}
10-04 19:57:00.224  1639  1926 W InputDispatcher: Attempted to unregister already unregistered input channel '56634ce host.exp.exponent/host.exp.exponent.experience.ExperienceActivity (server)'
10-04 19:57:00.264  1639  2429 I ActivityManager:   Force finishing activity ActivityRecord{27b7b96 u0 host.exp.exponent/.experience.ExperienceActivity t21}
10-04 19:57:00.271  1639  2429 I ActivityManager:   Force finishing activity ActivityRecord{27b7b96 u0 host.exp.exponent/.experience.ExperienceActivity t21 f}
10-04 19:57:00.271  1639  2429 W ActivityManager: Duplicate finish request for ActivityRecord{27b7b96 u0 host.exp.exponent/.experience.ExperienceActivity t21 f}
10-04 19:57:00.271  1639  2429 I ActivityManager:   Force finishing activity ActivityRecord{e10e85d u0 host.exp.exponent/.experience.ExperienceActivity t18}
10-04 19:57:00.281  1639  2429 I ActivityManager:   Force finishing activity ActivityRecord{cd4bda2 u0 host.exp.exponent/.experience.ErrorActivity t18}
10-04 19:57:00.282  1639  2429 I ActivityManager:   Force finishing activity ActivityRecord{3f98723 u0 host.exp.exponent/.experience.ExperienceActivity t16}
10-04 19:57:00.283  1639  2429 I ActivityManager:   Force finishing activity ActivityRecord{c3da10d u0 host.exp.exponent/.experience.ErrorActivity t16}
10-04 19:57:00.306  1502  2251 W SurfaceFlinger: Attempting to destroy on removed layer: AppWindowToken{96d56a3 token=Token{8ed75d2 ActivityRecord{e10e85d u0 host.exp.exponent/.experience.ExperienceActivity t18}}}#0
10-04 19:57:00.319  1502  2251 W SurfaceFlinger: Attempting to destroy on removed layer: AppWindowToken{3ef6d3 token=Token{a5db8c2 ActivityRecord{c3da10d u0 host.exp.exponent/.experience.ErrorActivity t16}}}#0
10-04 19:57:00.367  1639  1655 I ActivityManager: Start proc 12725:host.exp.exponent/u0a73 for activity host.exp.exponent/.experience.ExperienceActivity
10-04 19:57:00.415 12725 12725 I st.exp.exponent: type=1400 audit(0.0:2683): avc: denied { open } for path="/data/local/cfg-azynz/app_device" dev="sdb2" ino=524430 scontext=u:r:untrusted_app:s0:c73,c256,c512,c768 tcontext=u:object_r:system_data_file:s0 tclass=file permissive=1
10-04 19:57:00.415 12725 12725 E st.exp.exponen: Not starting debugger since process cannot load the jdwp agent.
10-04 19:57:00.427  2280  2280 I CoreService: notifyClosing notify tab closed still exist packageName:host.exp.exponent
10-04 19:57:00.472  2280  2280 I CoreService: notifyClosing notify tab closed still exist packageName:host.exp.exponent
10-04 19:57:00.537  1639  3448 I ActivityManager: START u0 {act=android.intent.action.VIEW dat=exp://192.168.254.131:8087/--/login flg=0x10000000 cmp=host.exp.exponent/.LauncherActivity} from uid 2000
10-04 19:57:00.544  1499  1499 D ldinit  : ld_exec_cmd am broadcast -a com.ldmnq.APP_KILL -p com.android.ld.appstore -f 32 --es package host.exp.exponent --es pos pc
10-04 19:57:00.581  2280  2280 I CoreService: notifyClosing notify tab closed taskPackageName:host.exp.exponent
10-04 19:57:00.626 12725 12725 I st.exp.exponen: The ClassLoaderContext is a special shared library.
10-04 19:57:00.690 10557 12266 I AppStartReceiver: onReceive, action = com.ldmnq.APP_KILL, extras = Bundle[{package=host.exp.exponent, pos=pc}]
10-04 19:57:00.698  1499  1499 D ldinit  : ld_exec_cmd am broadcast -a com.ldmnq.APP_KILL -p com.ldmnq.launcher3 -f 32 --es package host.exp.exponent --es pos pc
10-04 19:57:00.768  2348  3515 D AppStartReceiver: action = com.ldmnq.APP_KILL, packageName = host.exp.exponent, pos = pc
10-04 19:57:00.838 12725 12725 I FirebaseCrashlytics: Initializing Firebase Crashlytics 19.3.0 for host.exp.exponent
10-04 19:57:00.945  1499  1499 D ldinit  : ld_exec_cmd am broadcast -a com.ldmnq.APP_FOREGROUND -p com.android.ld.appstore -f 32 --es package host.exp.exponent --es pos pc
10-04 19:57:00.963 10557 12266 I AppStartReceiver: onReceive, action = com.ldmnq.APP_FOREGROUND, extras = Bundle[{package=host.exp.exponent, pos=pc}]
10-04 19:57:00.966  1499  1499 D ldinit  : ld_exec_cmd am broadcast -a com.ldmnq.APP_FOREGROUND -p com.ldmnq.launcher3 -f 32 --es package host.exp.exponent --es pos pc
10-04 19:57:00.979 12725 12767 W st.exp.exponen: Unsupported class loader
10-04 19:57:00.985 12725 12767 W st.exp.exponen: Skipping duplicate class check due to unsupported classloader
10-04 19:57:01.050 12725 12767 W st.exp.exponen: Unknown chunk type '200'.
10-04 19:57:01.052 12725 12767 I chatty  : uid=10073(host.exp.exponent) identical 7 lines
10-04 19:57:01.052 12725 12767 W st.exp.exponen: Unknown chunk type '200'.
10-04 19:57:01.059  2348  3516 D AppStartReceiver: action = com.ldmnq.APP_FOREGROUND, packageName = host.exp.exponent, pos = pc
10-04 19:57:01.060 12725 12767 W st.exp.exponen: Unsupported class loader
10-04 19:57:01.063 12725 12767 W st.exp.exponen: Skipping duplicate class check due to unsupported classloader
10-04 19:57:01.121  1499  1499 D ldinit  : ld_exec_cmd am broadcast -a com.ldmnq.APP_FOREGROUND -p com.android.ld.appstore -f 32 --es package host.exp.exponent --es pos pc
10-04 19:57:01.141 10557 10623 I AppStartReceiver: onReceive, action = com.ldmnq.APP_FOREGROUND, extras = Bundle[{package=host.exp.exponent, pos=pc}]
10-04 19:57:01.176  1499  1499 D ldinit  : ld_exec_cmd am broadcast -a com.ldmnq.APP_FOREGROUND -p com.ldmnq.launcher3 -f 32 --es package host.exp.exponent --es pos pc
10-04 19:57:01.193 12725 12799 I FA      :   adb shell setprop debug.firebase.analytics.app host.exp.exponent
10-04 19:57:01.196  2348  3517 D AppStartReceiver: action = com.ldmnq.APP_FOREGROUND, packageName = host.exp.exponent, pos = pc
10-04 19:57:01.222 12725 12725 W SoLoader: Recording new base apk path: /data/app/host.exp.exponent-K0BtQrMR7IAq731AEkkk1w==/base.apk
10-04 19:57:01.223 12725 12725 I SoLoader: Preparing SO source: DirectApkSoSource[root = [/data/app/host.exp.exponent-K0BtQrMR7IAq731AEkkk1w==/base.apk!/lib/x86_64]]
10-04 19:57:01.236 12725 12725 I SoLoader: Preparing SO source: ApplicationSoSource[DirectorySoSource[root = /data/app/host.exp.exponent-K0BtQrMR7IAq731AEkkk1w==/lib/x86_64 flags = 0]]
10-04 19:57:01.347 12725 12725 D i       : Using embedded Expo kernel manifest: {"id":"5794490b-0131-4e99-8dbf-e3f5af2ddb45","createdAt":"2025-09-11T14:44:21.297Z","runtimeVersion":"54.0.0","launchAsset":{"hash":"D5YHlJs3a8Wv88j4JfIU0y1pW4a0baEK4bPPqfGmazY","key":"22de04e436f2b16d15457417a5402153","contentType":"application\/javascript","url":"https:\/\/assets.eascdn.net\/GyTRSsdZ8sGAHTJoZUy0GRqHqRPlKjf4mIDoq3KMb7w?project=6b6c6660-df76-11e6-b9b4-59d1587e6774"},"assets":[{"hash":"YeirpaTpgf4iz3yOi82-oAR251xiw38Bv37jM2HWhCg","key":"6e435534bd35da5fef04168860a9b8fa","contentType":"font\/ttf","fileExtension":".ttf","url":"https:\/\/assets.eascdn.net\/DHrVvHO_E3UMRekAVSe2Zlq8s_atMSwFl9Atq2aTy8w?project=6b6c6660-df76-11e6-b9b4-59d1587e6774"},{"hash":"-iq30lV4GbK_5QCeRoRO-nFwzxd753NdQ6oqwSlfHVQ","key":"b4eb097d35f44ed943676fd56f6bdc51","contentType":"font\/ttf","fileExtension":".ttf","url":"https:\/\/assets.eascdn.net\/XnOBVccehfKLW9rMBYUCc-VhyHZzTI1ycP3XlCspgcE?project=6b6c6660-df76-11e6-b9b4-59d1587e6774"},{"hash":"7xSfCL3S_wmk4shXNHa3sPP7sVtiOVSt5ZiZ5xdb7do","key":"4e85bc9ebe07e0340c9c4fc2f6c38908","contentType":"font\/ttf","fileExtension":".ttf","url":"https:\/\/assets.eascdn.net\/iIxOYwe_3gl5flQPjaaNzvd8vR7QAtWGZOunEfTbUnk?project=6b6c6660-df76-11e6-b9b4-59d1587e6774"},{"hash":"i2Gkx-9w3JJ1PwSUl2SC9m_UFQ7CPfx3KrZeEDc6-lU","key":"778ffc9fe8773a878e9c30a6304784de","contentType":"image\/png","fileExtension":".png","url":"https:\/\/assets.eascdn.net\/idnX8z03q4vGLzhYMPaQGBADjhqvWe67_afPqJ1vGzM?project=6b6c6660-df76-11e6-b9b4-59d1587e6774"},{"hash":"kGZm3WiTRq2iMs42ia3vkHtCV_obWT8DY40rlJf2SIQ","key":"c79c3606a1cf168006ad3979763c7e0c","contentType":"image\/png","fileExtension":".png","url":"https:\/\/assets.eascdn.net\/k-3xHp3vP8mR36WdccUZVPTRJKpP-zlyboWdkXCIQpQ?project=6b6c6660-df76-11e6-b9b4-59d1587e6774"},{"hash":"_6fuRbdkBbpzkhSVAI99aMneY5X0tpQdsGNGX244IyA","key":"02bc1fa7c0313217bde2d65ccbff40c9","contentType":"image\/png","fileExtension":".png","url":"https:\/\/assets.eascdn.net\/lfqeUjiWFXwowhxVDBEzxsbTOEzYxMLebljy5Bh1mpU?project=6b6c6660-df76-11e6-b9b4-59d1587e6774"},{"hash":"hM9es7ICUPaeDkczvrTaX0F_BoKJKlrRteYlcHU8IbE","key":"35ba0eaec5a4f5ed12ca16fabeae451d","contentType":"image\/png","fileExtension":".png","url":"https:\/\/assets.eascdn.net\/fMoMrsUeB5xWw_Ugn8FqGJf-M2pld2hkXKR704z0MM8?project=6b6c6660-df76-11e6-b9b4-59d1587e6774"},{"hash":"mtuMXvypMuK3MrKT2oE70uMZUiYwVrzp4lF_7A8LanY","key":"0a328cd9c1afd0afe8e3b1ec5165b1b4","contentType":"image\/png","fileExtension":".png","url":"https:\/\/assets.eascdn.net\/LM4SxB4vhDe2iN4tYT0dAlPP_dsY-Zme_H-JpULtHa8?project=6b6c6660-df76-11e6-b9b4-59d1587e6774"},{"hash":"yGu0he7mh-BsUA_EI09RpnhLRTDCrhHQx2SBEQvOMQU","key":"3cd68ccdb8938e3711da2e8831b85493","contentType":"image\/png","fileExtension":".png","url":"https:\/\/assets.eascdn.net\/A08F4i_QzJW79C3BCIZYmmpH_p2FkQbdTQZ_2hVWDeg?project=6b6c6660-df76-11e6-b9b4-59d1587e6774"},{"hash":"0Dpc16Zu8QxRR5FvnVh4stCgpa1G9AWjHNmWfvqlWv0","key":"61ca7e64b7d605716c57706cef640b9a","contentType":"image\/png","fileExtension":".png","url":"https:\/\/assets.eascdn.net\/04lOdmTXc1loPyqacYwao1j0xlM34n0vGxtIFY7ETTs?project=6b6c6660-df76-11e6-b9b4-59d1587e6774"},{"hash":"q1YT0s5w-mfFkm6DE1NmSUUZn8GV-m_nbF_jzsRS4xo","key":"aff2c65b39a296d4f7e96d0f58169170","contentType":"image\/png","fileExtension":".png","url":"https:\/\/assets.eascdn.net\/4s0taS6e9_zozzhgsa6FogUB4b0LQc1LMNbBLkxlIz0?project=6b6c6660-df76-11e6-b9b4-59d1587e6774"},{"hash":"xOVOagp95jaqFTN4-8YupKQWlb_t-Af5Dfexj_1zP2c","key":"d8e7601e3df962f83c62371ac14964d8","contentType":"image\/png","fileExtension":".png","url":"https:\/\/assets.eascdn.net\/g6PisuFJa8j79kTi3ZKboB3DcerIBZXujlFBVhXkh1s?project=6b6c6660-df76-11e6-b9b4-59d1587e6774"},{"hash":"yGu0he7mh-BsUA_EI09RpnhLRTDCrhHQx2SBEQvOMQU","key":"3cd68ccdb8938e3711da2e8831b85493","contentType":"image\/png","fileExtension":".png","url":"https:\/\/assets.eascdn.net\/A08F4i_QzJW79C3BCIZYmmpH_p2FkQbdTQZ_2hVWDeg?project=6b6c6660-df76-11e6-b9b4-59d1587e6774"},{"hash":"IyXFOnPlTEOMu8YN_92LUT1HG6QuL1ZxPvQEuV4Mofw","key":"0747a1317bbe9c6fc340b889ef8ab3ae","co
10-04 19:57:01.354  1639  2429 I ActivityManager: START u0 {flg=0x1c180000 cmp=host.exp.exponent/.experience.ExperienceActivity (has extras)} from uid 10073
10-04 19:57:01.374  1499  1499 D ldinit  : ld_exec_cmd am broadcast -a com.ldmnq.APP_FOREGROUND -p com.android.ld.appstore -f 32 --es package host.exp.exponent --es pos pc
10-04 19:57:01.404 10557 11043 I AppStartReceiver: onReceive, action = com.ldmnq.APP_FOREGROUND, extras = Bundle[{package=host.exp.exponent, pos=pc}]
10-04 19:57:01.407  1499  1499 D ldinit  : ld_exec_cmd am broadcast -a com.ldmnq.APP_FOREGROUND -p com.ldmnq.launcher3 -f 32 --es package host.exp.exponent --es pos pc
10-04 19:57:01.433  2348  3516 D AppStartReceiver: action = com.ldmnq.APP_FOREGROUND, packageName = host.exp.exponent, pos = pc
10-04 19:57:01.454  1499  1499 D ldinit  : ld_exec_cmd am broadcast -a com.ldmnq.APP_START -p com.android.ld.appstore -f 32 --es package host.exp.exponent --es pos pc
10-04 19:57:01.470 10557 12443 I AppStartReceiver: onReceive, action = com.ldmnq.APP_START, extras = Bundle[{package=host.exp.exponent, pos=pc}]
10-04 19:57:01.488  1499  1499 D ldinit  : ld_exec_cmd am broadcast -a com.ldmnq.APP_START -p com.ldmnq.launcher3 -f 32 --es package host.exp.exponent --es pos pc
10-04 19:57:01.514  2348  3517 D AppStartReceiver: action = com.ldmnq.APP_START, packageName = host.exp.exponent, pos = pc
10-04 19:57:01.516  2070 12668 I PhenotypeResourceReader: unable to find any Phenotype resource metadata for host.exp.exponent
10-04 19:57:01.526  1499  1499 D ldinit  : ld_exec_cmd am broadcast -a com.ldmnq.APP_START -p com.android.ld.appstore -f 32 --es package host.exp.exponent --es pos pc
10-04 19:57:01.574 10557 11043 I AppStartReceiver: onReceive, action = com.ldmnq.APP_START, extras = Bundle[{package=host.exp.exponent, pos=pc}]
10-04 19:57:01.592  1499  1499 D ldinit  : ld_exec_cmd am broadcast -a com.ldmnq.APP_START -p com.ldmnq.launcher3 -f 32 --es package host.exp.exponent --es pos pc
10-04 19:57:01.601 12725 12823 D HostConnection: HostRPC::connect sucess: app=host.exp.exponent, pid=12725, tid=12823, this=0x7638888dc600
10-04 19:57:01.604 12725 12823 D HostConnection: queryAndSetGLESMaxVersion select gles-version: 3.1 hostGLVersion:46 process:host.exp.exponent
10-04 19:57:01.625  2348  3515 D AppStartReceiver: action = com.ldmnq.APP_START, packageName = host.exp.exponent, pos = pc
10-04 19:57:01.638 12725 12725 W dev.expo.updates: {"timestamp":1791115021638,"message":"The expo-updates system is disabled due to an invalid configuration. Ensure a valid URL is supplied.","code":"InitializationError","level":"warn"}
10-04 19:57:01.648 10557 10623 I LDShopManager: tryShowLDShopRechargePopup success, packageName = host.exp.exponent, canPopup = false
10-04 19:57:01.665  1639  1652 I ActivityManager: Displayed host.exp.exponent/.experience.ExperienceActivity: +441ms
10-04 19:57:01.691 10557 12267 I LDShopManager: tryShowLDShopRechargePopup success, packageName = host.exp.exponent, canPopup = false
10-04 19:57:01.943  2280  2280 I CoreService: notifyClosing notify tab closed still exist packageName:host.exp.exponent
10-04 19:57:01.953  1502  1725 W SurfaceFlinger: Attempting to destroy on removed layer: AppWindowToken{e3f9827 token=Token{2697ae6 ActivityRecord{81c4541 u0 host.exp.exponent/.LauncherActivity t23}}}#0
10-04 19:57:02.066  1502  1578 W SurfaceFlinger: Attempting to set client state on removed layer: Splash Screen host.exp.exponent#0
10-04 19:57:02.066  1502  1578 W SurfaceFlinger: Attempting to destroy on removed layer: Splash Screen host.exp.exponent#0
10-04 19:57:07.228 12725 12867 D ProfileInstaller: Skipping profile installation for host.exp.exponent