Inspect fixture roles
postgres
pg_database_owner
pg_read_all_data
pg_write_all_data
pg_monitor
pg_read_all_settings
pg_read_all_stats
pg_stat_scan_tables
pg_read_server_files
pg_write_server_files
pg_execute_server_program
pg_signal_backend
pg_checkpoint
pg_maintain
pg_use_reserved_connections
pg_create_subscription
anon
authenticated
service_role

Reset phase2_empty
NOTICE:  database "phase2_empty" does not exist, skipping

Create phase2_empty

phase2_empty: Infrastructure fixture
CREATE SCHEMA
CREATE SCHEMA
CREATE SCHEMA
CREATE EXTENSION
CREATE TABLE
CREATE TABLE
CREATE FUNCTION
CREATE FUNCTION
CREATE FUNCTION
CREATE TABLE
CREATE TABLE
ALTER TABLE
CREATE FUNCTION
CREATE PUBLICATION
GRANT
GRANT
GRANT
ALTER DEFAULT PRIVILEGES
ALTER DEFAULT PRIVILEGES
ALTER DEFAULT PRIVILEGES
SET
psql:C:/Users/User/barangayan/plans/evidence/phase2/database-rehearsal-1/bootstrap.sql:42: WARNING:  "wal_level" is insufficient to publish logical changes
HINT:  Set "wal_level" to "logical" before creating subscriptions.

phase2_empty: 0001_barangays_and_profiles.sql
CREATE TABLE
COMMENT
ALTER TABLE
CREATE POLICY
CREATE TABLE
COMMENT
ALTER TABLE
CREATE POLICY
CREATE POLICY
CREATE POLICY
CREATE FUNCTION
CREATE TRIGGER
CREATE FUNCTION
CREATE FUNCTION
COMMENT

phase2_empty: 0002_document_types_and_service_requests.sql
CREATE TABLE
ALTER TABLE
CREATE POLICY
CREATE TABLE
ALTER TABLE
CREATE POLICY
CREATE POLICY
CREATE TRIGGER
CREATE SEQUENCE
CREATE FUNCTION
CREATE TRIGGER
CREATE FUNCTION
CREATE TRIGGER
ALTER PUBLICATION

phase2_empty: 0003_announcements.sql
CREATE TABLE
ALTER TABLE
CREATE POLICY
ALTER PUBLICATION

phase2_empty: 0004_service_request_reference_default.sql
ALTER TABLE
DROP TRIGGER
DROP FUNCTION

phase2_empty: 0005_guest_readable_public_content.sql
CREATE POLICY
CREATE POLICY

phase2_empty: 0006_profile_theme_preference.sql
ALTER TABLE

phase2_empty: 0007_payments_and_admin_access.sql
ALTER TABLE
CREATE TABLE
ALTER TABLE
CREATE POLICY
CREATE POLICY
CREATE POLICY
CREATE POLICY
CREATE TRIGGER
ALTER PUBLICATION
CREATE FUNCTION
CREATE TRIGGER
CREATE POLICY
CREATE POLICY
CREATE FUNCTION
CREATE FUNCTION
CREATE POLICY

phase2_empty: 0008_resident_directory_access.sql
CREATE POLICY
CREATE VIEW
ALTER PUBLICATION

phase2_empty: 0009_admin_crud_and_soft_delete.sql
ALTER TABLE
ALTER TABLE
ALTER TABLE
ALTER TABLE
CREATE POLICY
CREATE POLICY
CREATE POLICY
CREATE POLICY

phase2_empty: 0010_resident_set_payment_method.sql
CREATE FUNCTION
GRANT

phase2_empty: 0011_announcements_admin_write.sql
ALTER TABLE
DROP POLICY
DROP POLICY
CREATE POLICY
CREATE POLICY
CREATE POLICY
psql:C:/Users/User/barangayan/supabase/migrations/0011_announcements_admin_write.sql:17: NOTICE:  policy "residents can read announcements from their barangay" for relation "public.announcements" does not exist, skipping
psql:C:/Users/User/barangayan/supabase/migrations/0011_announcements_admin_write.sql:18: NOTICE:  policy "guests can read all announcements" for relation "public.announcements" does not exist, skipping

phase2_empty: 0012_profile_trigger_and_verification_status.sql
ALTER TABLE
COMMENT
CREATE FUNCTION
COMMENT
DROP TRIGGER
CREATE TRIGGER
psql:C:/Users/User/barangayan/supabase/migrations/0012_profile_trigger_and_verification_status.sql:94: NOTICE:  trigger "on_auth_user_created" for relation "auth.users" does not exist, skipping

phase2_empty: 0013_protect_verification_fields.sql
CREATE FUNCTION
COMMENT
DROP TRIGGER
CREATE TRIGGER
psql:C:/Users/User/barangayan/supabase/migrations/0013_protect_verification_fields.sql:44: NOTICE:  trigger "guard_verification_fields" for relation "public.profiles" does not exist, skipping

phase2_empty: 0014_request_delivery_workflow.sql
ALTER TABLE
ALTER TABLE
ALTER TABLE
UPDATE 0
ALTER TABLE
CREATE FUNCTION
DROP TRIGGER
CREATE TRIGGER
CREATE FUNCTION
psql:C:/Users/User/barangayan/supabase/migrations/0014_request_delivery_workflow.sql:51: NOTICE:  trigger "guard_service_request_completion" for relation "public.service_requests" does not exist, skipping

phase2_empty: 0015_request_delivery_transition_rpc.sql
CREATE FUNCTION

phase2_empty: 0017_harden_payments_rls.sql
ALTER TABLE
DROP POLICY
ALTER TABLE

phase2_empty: 0018_begin_processing_rpc.sql
CREATE FUNCTION
COMMENT

phase2_empty: 0019_fix_announcement_soft_delete.sql
DROP POLICY
DROP POLICY

phase2_empty: 0020_id_documents_storage.sql
ALTER TABLE
INSERT 0 1
CREATE POLICY
CREATE POLICY
CREATE POLICY

phase2_empty: 0021_enable_pgtap.sql
CREATE EXTENSION

phase2_empty: 0022_maps_tables.sql
CREATE TABLE
ALTER TABLE
CREATE POLICY
CREATE POLICY
CREATE TABLE
CREATE INDEX
CREATE INDEX
CREATE INDEX
CREATE INDEX
ALTER TABLE
CREATE POLICY
CREATE POLICY
CREATE POLICY
CREATE TABLE
CREATE INDEX
CREATE INDEX
ALTER TABLE
CREATE POLICY
CREATE POLICY

phase2_empty: 0023_seed_incident_categories.sql
INSERT 0 0

phase2_empty: 0024_ampid1_boundary.sql
UPDATE 0

phase2_empty: 0025_incident_management.sql
CREATE TRIGGER
INSERT 0 1
CREATE POLICY
CREATE POLICY
CREATE POLICY
CREATE TABLE
CREATE INDEX
ALTER TABLE
CREATE POLICY
CREATE POLICY
CREATE POLICY
CREATE FUNCTION
COMMENT
CREATE FUNCTION
COMMENT
CREATE FUNCTION
COMMENT

phase2_empty: 0026_incident_report_workflow.sql
ALTER TABLE
ALTER TABLE
CREATE FUNCTION
COMMENT
CREATE FUNCTION
COMMENT
CREATE POLICY

phase2_empty: 0027_incidents_realtime.sql
ALTER PUBLICATION

phase2_empty: 0029_drop_diag_temp.sql
DROP FUNCTION
psql:C:/Users/User/barangayan/supabase/migrations/0029_drop_diag_temp.sql:4: NOTICE:  function public.__diag_soft_delete_incident_def() does not exist, skipping

phase2_empty: 0030_diag_temp2.sql
CREATE FUNCTION
GRANT

phase2_empty: 0031_drop_diag_temp2.sql
DROP FUNCTION

phase2_empty: 0032_withdraw_incident_rpc.sql
CREATE FUNCTION
COMMENT

phase2_empty: 0033_diag_temp3.sql
CREATE FUNCTION
GRANT

phase2_empty: 0034_drop_diag_temp3.sql
DROP FUNCTION

phase2_empty: 0035_medical_drives.sql
CREATE TYPE
CREATE TYPE
CREATE TABLE
COMMENT
CREATE INDEX
CREATE INDEX
CREATE TRIGGER
CREATE TABLE
COMMENT
CREATE INDEX
CREATE INDEX
CREATE TRIGGER
ALTER TABLE
ALTER TABLE
CREATE POLICY
CREATE POLICY
CREATE POLICY
CREATE FUNCTION

phase2_empty: 0036_medical_drives_admin_rls.sql
CREATE POLICY
CREATE POLICY
CREATE POLICY

phase2_empty: 0037_profile_birth_date.sql
ALTER TABLE
COMMENT

phase2_empty: 0038_health_realtime.sql
ALTER PUBLICATION
ALTER PUBLICATION

phase2_empty: 0039_profile_extended_fields.sql
ALTER TABLE
UPDATE 0
COMMENT
COMMENT
COMMENT
COMMENT
CREATE FUNCTION
COMMENT

phase2_empty: 0040_profile_avatar.sql
ALTER TABLE
COMMENT
INSERT 0 1
CREATE POLICY
CREATE POLICY
CREATE POLICY
CREATE POLICY

phase2_empty: 0041_id_verification_status.sql
ALTER TABLE
COMMENT
CREATE FUNCTION
COMMENT
DROP TRIGGER
CREATE TRIGGER
psql:C:/Users/User/barangayan/supabase/migrations/0041_id_verification_status.sql:61: NOTICE:  trigger "trg_guard_id_verification_status" for relation "public.profiles" does not exist, skipping

phase2_empty: 0042_id_documents_public_bucket.sql
UPDATE 1
UPDATE 1
CREATE POLICY
CREATE POLICY
CREATE POLICY

phase2_empty: 0043_emergency_content.sql

phase2_empty: 0044_evacuation_centers_verified.sql
ALTER TABLE
COMMENT
DO

phase2_empty: 0045_evacuation_center_checkins.sql
CREATE TABLE
CREATE INDEX
CREATE INDEX
CREATE INDEX
CREATE INDEX
ALTER TABLE
CREATE POLICY
CREATE POLICY
CREATE POLICY

phase2_empty: 0046_household_members.sql
CREATE TABLE
CREATE INDEX
CREATE INDEX
ALTER TABLE
CREATE POLICY
CREATE POLICY
CREATE FUNCTION
CREATE TRIGGER

phase2_empty: 0047_emergency_information.sql
CREATE TABLE
CREATE INDEX
CREATE INDEX
CREATE INDEX
ALTER TABLE
CREATE POLICY
CREATE POLICY

phase2_empty: 0048_realtime_publications.sql
ALTER PUBLICATION
ALTER PUBLICATION
ALTER PUBLICATION
ALTER PUBLICATION

phase2_empty: 0049_seed_empty_tables.sql
DO

phase2_empty: 0050_create_emergency_qr_tables.sql
CREATE TABLE
CREATE TABLE
CREATE INDEX
CREATE INDEX
CREATE FUNCTION
CREATE TRIGGER
CREATE TRIGGER
ALTER TABLE
ALTER TABLE
CREATE POLICY
CREATE POLICY
CREATE POLICY
CREATE POLICY
ALTER TABLE
ALTER TABLE
DO
psql:C:/Users/User/barangayan/supabase/migrations/0050_create_emergency_qr_tables.sql:78: NOTICE:  identifier "Allow read access to emergency_qr_content for authenticated users" will be truncated to "Allow read access to emergency_qr_content for authenticated use"
psql:C:/Users/User/barangayan/supabase/migrations/0050_create_emergency_qr_tables.sql:84: NOTICE:  identifier "Allow read access to evacuation_center_qr_codes for authenticated users" will be truncated to "Allow read access to evacuation_center_qr_codes for authenticat"
psql:C:/Users/User/barangayan/supabase/migrations/0050_create_emergency_qr_tables.sql:112: NOTICE:  identifier "Allow full access to evacuation_center_qr_codes for barangay admins" will be truncated to "Allow full access to evacuation_center_qr_codes for barangay ad"

phase2_empty: 0051_waste_management.sql
CREATE TABLE
CREATE TABLE
CREATE INDEX
CREATE INDEX
CREATE INDEX
CREATE FUNCTION
CREATE TRIGGER
CREATE TRIGGER
ALTER TABLE
ALTER TABLE
CREATE POLICY
CREATE POLICY
ALTER TABLE
ALTER TABLE
DO

phase2_empty: 0052_household_admin_management.sql
DROP POLICY
CREATE POLICY
CREATE FUNCTION
CREATE FUNCTION
CREATE FUNCTION
CREATE FUNCTION
DROP TRIGGER
CREATE TRIGGER
DO
psql:C:/Users/User/barangayan/supabase/migrations/0052_household_admin_management.sql:14: NOTICE:  policy "admins manage barangay household members" for relation "public.household_members" does not exist, skipping
psql:C:/Users/User/barangayan/supabase/migrations/0052_household_admin_management.sql:191: NOTICE:  trigger "sync_household_members_from_jsonb" for relation "public.profiles" does not exist, skipping

phase2_empty: 0053_faq.sql
CREATE TABLE
CREATE INDEX
CREATE INDEX
CREATE INDEX
CREATE INDEX
ALTER TABLE
CREATE POLICY
CREATE POLICY
CREATE FUNCTION
CREATE TRIGGER
ALTER TABLE
DO
DO

phase2_empty: 0054_barangay_settings.sql
ALTER TABLE
DROP TRIGGER
CREATE TRIGGER
DROP POLICY
CREATE POLICY
DO
psql:C:/Users/User/barangayan/supabase/migrations/0054_barangay_settings.sql:16: NOTICE:  trigger "barangays_set_updated_at" for relation "public.barangays" does not exist, skipping
psql:C:/Users/User/barangayan/supabase/migrations/0054_barangay_settings.sql:25: NOTICE:  policy "admins can update barangay config in their barangay" for relation "public.barangays" does not exist, skipping

phase2_empty: 0055_grant_guest_read_access.sql
DROP POLICY
CREATE POLICY
DROP POLICY
CREATE POLICY
DROP POLICY
CREATE POLICY
DROP POLICY
CREATE POLICY
psql:C:/Users/User/barangayan/supabase/migrations/0055_grant_guest_read_access.sql:26: NOTICE:  identifier "Allow read access to emergency_qr_content for authenticated users" will be truncated to "Allow read access to emergency_qr_content for authenticated use"
psql:C:/Users/User/barangayan/supabase/migrations/0055_grant_guest_read_access.sql:34: NOTICE:  identifier "Allow read access to evacuation_center_qr_codes for authenticated users" will be truncated to "Allow read access to evacuation_center_qr_codes for authenticat"

phase2_empty: 0056_admin_staff_management.sql
ALTER TABLE
ALTER TABLE
DROP POLICY
DROP POLICY
CREATE POLICY
DROP POLICY
DROP POLICY
CREATE POLICY
CREATE FUNCTION
DROP TRIGGER
CREATE TRIGGER
psql:C:/Users/User/barangayan/supabase/migrations/0056_admin_staff_management.sql:25: NOTICE:  policy "admins can read admin and staff profiles in their barangay" for relation "public.profiles" does not exist, skipping
psql:C:/Users/User/barangayan/supabase/migrations/0056_admin_staff_management.sql:26: NOTICE:  policy "admins can read admin profiles in their barangay" for relation "public.profiles" does not exist, skipping
psql:C:/Users/User/barangayan/supabase/migrations/0056_admin_staff_management.sql:41: NOTICE:  policy "admins can update admin and staff profiles in their barangay" for relation "public.profiles" does not exist, skipping
psql:C:/Users/User/barangayan/supabase/migrations/0056_admin_staff_management.sql:42: NOTICE:  policy "admins can update admin profiles in their barangay" for relation "public.profiles" does not exist, skipping
psql:C:/Users/User/barangayan/supabase/migrations/0056_admin_staff_management.sql:78: NOTICE:  trigger "trg_guard_role_escalation" for relation "public.profiles" does not exist, skipping

phase2_empty: 0057_barangay_officials.sql
CREATE TABLE
CREATE INDEX
ALTER TABLE
CREATE FUNCTION
DROP TRIGGER
CREATE TRIGGER
DROP POLICY
CREATE POLICY
DROP POLICY
CREATE POLICY
DROP POLICY
CREATE POLICY
DROP POLICY
CREATE POLICY
CREATE FUNCTION
DROP TRIGGER
CREATE TRIGGER
INSERT 0 0
psql:C:/Users/User/barangayan/supabase/migrations/0057_barangay_officials.sql:65: NOTICE:  trigger "trg_barangay_officials_updated_at" for relation "public.barangay_officials" does not exist, skipping
psql:C:/Users/User/barangayan/supabase/migrations/0057_barangay_officials.sql:75: NOTICE:  policy "admins read barangay officials in their barangay" for relation "public.barangay_officials" does not exist, skipping
psql:C:/Users/User/barangayan/supabase/migrations/0057_barangay_officials.sql:85: NOTICE:  policy "admins insert barangay officials in their barangay" for relation "public.barangay_officials" does not exist, skipping
psql:C:/Users/User/barangayan/supabase/migrations/0057_barangay_officials.sql:95: NOTICE:  policy "admins update barangay officials in their barangay" for relation "public.barangay_officials" does not exist, skipping
psql:C:/Users/User/barangayan/supabase/migrations/0057_barangay_officials.sql:109: NOTICE:  policy "admins delete barangay officials in their barangay" for relation "public.barangay_officials" does not exist, skipping
psql:C:/Users/User/barangayan/supabase/migrations/0057_barangay_officials.sql:153: NOTICE:  trigger "trg_sync_barangay_official" for relation "public.profiles" does not exist, skipping

phase2_empty: 0058_admin_audit_log.sql
DROP VIEW
CREATE TABLE
CREATE INDEX
CREATE INDEX
ALTER TABLE
CREATE POLICY
CREATE POLICY
CREATE POLICY
ALTER PUBLICATION

phase2_empty: 0059_site_content_and_about_us.sql
CREATE TABLE
CREATE INDEX
CREATE INDEX
CREATE TABLE
CREATE INDEX
CREATE INDEX
CREATE TABLE
CREATE INDEX
CREATE INDEX
CREATE TRIGGER
CREATE TRIGGER
CREATE TRIGGER
ALTER TABLE
ALTER TABLE
ALTER TABLE
CREATE POLICY
CREATE POLICY
CREATE POLICY
CREATE POLICY
CREATE POLICY
CREATE POLICY
CREATE POLICY
CREATE POLICY
CREATE POLICY
ALTER TABLE
ALTER TABLE
ALTER TABLE
DO
INSERT 0 0
INSERT 0 0

phase2_empty: 0060_storage_site_content.sql
INSERT 0 1
CREATE POLICY
CREATE POLICY
CREATE POLICY
CREATE POLICY

phase2_empty: 0061_save_about_us_rpc.sql
CREATE FUNCTION
GRANT

phase2_empty: 0062_seed_site_content_and_about_us.sql
INSERT 0 0
INSERT 0 0
INSERT 0 0
DELETE 0
INSERT 0 0

phase2_empty: 0063_push_notifications.sql
ALTER TABLE
COMMENT
CREATE TABLE
COMMENT
ALTER TABLE
CREATE POLICY
CREATE FUNCTION

phase2_empty: 0064_qrph_instant_payment_and_refunds.sql
ALTER TABLE
ALTER TABLE
ALTER TABLE
ALTER TABLE
ALTER TABLE
CREATE FUNCTION
COMMENT
COMMENT
ALTER TABLE
COMMENT
ALTER TABLE
COMMENT
COMMENT

phase2_empty: 0065_qrph_payment_intents.sql
ALTER TABLE
COMMENT
ALTER TABLE
COMMENT
DO
ALTER TABLE

phase2_empty: 0066_qrph_persistent_qr_and_resident_cancel.sql
ALTER TABLE
CREATE FUNCTION
GRANT

phase2_empty: 0067_fix_household_members_uuid_sync.sql
CREATE FUNCTION
COMMENT

phase2_empty: 0068_signup_birth_date.sql
CREATE FUNCTION
COMMENT

phase2_empty: 0069_fix_emergency_information_tenant_leak.sql
DROP POLICY
CREATE POLICY
CREATE POLICY

phase2_empty: 0070_waste_management_resident_read.sql
CREATE POLICY
CREATE POLICY

phase2_empty: 0071_add_missing_fk_indexes.sql
CREATE INDEX
CREATE INDEX
CREATE INDEX
CREATE INDEX
CREATE INDEX
CREATE INDEX
CREATE INDEX
CREATE INDEX
CREATE INDEX
CREATE INDEX
CREATE INDEX

phase2_empty: 0072_admin_register_for_drive.sql
CREATE FUNCTION

phase2_empty: 0073_id_documents_private_again.sql
UPDATE 1

phase2_empty: 0074_account_deletion.sql
ALTER TABLE
COMMENT
CREATE INDEX
CREATE FUNCTION
COMMENT
DROP POLICY
CREATE POLICY
psql:C:/Users/User/barangayan/supabase/migrations/0074_account_deletion.sql:18: NOTICE:  column "deleted_at" of relation "profiles" already exists, skipping

phase2_empty: 0075_profile_theme_customization.sql
ALTER TABLE

phase2_empty: 0076_placeholder.sql

phase2_empty: 0077_waste_zone_cron_scoring.sql
ALTER TABLE
CREATE INDEX
ALTER TABLE
COMMENT
CREATE FUNCTION
COMMENT
DO
DO
 recompute_waste_zone_scores 
-----------------------------
 
(1 row)

psql:C:/Users/User/barangayan/supabase/migrations/0077_waste_zone_cron_scoring.sql:96: NOTICE:  pg_cron extension unavailable in this environment — skipping scheduled job (recompute_waste_zone_scores() can still be called manually).

phase2_empty: 0078_registration_location_verification.sql
ALTER TABLE
COMMENT
COMMENT
CREATE FUNCTION
COMMENT

phase2_empty: 0079_export_rate_limit.sql
ALTER TABLE
COMMENT

phase2_empty: 0080_reports_unread_counts.sql
ALTER TABLE
CREATE TABLE
ALTER TABLE
CREATE POLICY
ALTER PUBLICATION

phase2_empty: 0081_resident_profile_field_split.sql
ALTER TABLE
COMMENT
COMMENT
COMMENT
COMMENT
COMMENT
COMMENT
COMMENT
COMMENT
COMMENT
COMMENT
CREATE FUNCTION
COMMENT
DROP TRIGGER
CREATE TRIGGER
CREATE FUNCTION
COMMENT
psql:C:/Users/User/barangayan/supabase/migrations/0081_resident_profile_field_split.sql:122: NOTICE:  trigger "compose_profiles_display_fields" for relation "public.profiles" does not exist, skipping

phase2_empty: 0082_remove_delivery_add_pickup.sql
ALTER TABLE
ALTER TABLE
UPDATE 0
UPDATE 0
ALTER TABLE
ALTER TABLE
CREATE FUNCTION
DROP FUNCTION
CREATE FUNCTION
CREATE FUNCTION
DO
DO
UPDATE 0
UPDATE 0
ALTER TABLE
ALTER TABLE
CREATE FUNCTION
ALTER TABLE
ALTER TABLE
COMMENT

phase2_empty: 0083_incident_location_details.sql
ALTER TABLE
COMMENT
COMMENT

phase2_empty: 0084_announcement_detailed_description.sql
ALTER TABLE
COMMENT

phase2_empty: 0085_resident_mark_resolved_incident_read.sql
CREATE POLICY

phase2_empty: 0086_about_us_logo_size.sql
ALTER TABLE
CREATE FUNCTION
GRANT

phase2_empty: 0087_about_us_title.sql
ALTER TABLE
CREATE FUNCTION
GRANT

phase2_empty: 0088_faq_articles_guest_read.sql
CREATE POLICY

phase2_empty: 0089_id_verification_failed_status.sql
ALTER TABLE
ALTER TABLE
COMMENT
CREATE FUNCTION
COMMENT

phase2_empty: 0090_location_verification.sql
ALTER TABLE
COMMENT
COMMENT

phase2_empty: 0091_verified_location_address.sql
ALTER TABLE
COMMENT

phase2_empty: 0092_drive_registrations_admin_update.sql
CREATE POLICY

phase2_empty: 0093_resident_ios_backend_safety.sql
CREATE FUNCTION
DROP TRIGGER
CREATE TRIGGER
CREATE FUNCTION
CREATE FUNCTION
CREATE FUNCTION
REVOKE
REVOKE
REVOKE
GRANT
GRANT
GRANT
DROP POLICY
CREATE POLICY
ALTER TABLE
CREATE INDEX
COMMENT

phase2_empty: 0094_resident_ios_tenant_write_guards.sql
CREATE FUNCTION
DROP TRIGGER
CREATE TRIGGER
CREATE FUNCTION
DROP TRIGGER
CREATE TRIGGER
COMMENT
COMMENT
psql:C:/Users/User/barangayan/supabase/migrations/0094_resident_ios_tenant_write_guards.sql:32: NOTICE:  trigger "guard_drive_registration_tenant" for relation "public.drive_registrations" does not exist, skipping
psql:C:/Users/User/barangayan/supabase/migrations/0094_resident_ios_tenant_write_guards.sql:66: NOTICE:  trigger "guard_evacuation_checkin_tenant" for relation "public.evacuation_center_checkins" does not exist, skipping

phase2_empty: 20261001030133_phase1_shared_foundations.sql
BEGIN
CREATE SCHEMA
REVOKE
GRANT
CREATE TABLE
INSERT 0 0
ALTER TABLE
REVOKE
GRANT
CREATE POLICY
ALTER TABLE
CREATE TABLE
ALTER TABLE
REVOKE
GRANT
CREATE POLICY
ALTER TABLE
ALTER TABLE
CREATE INDEX
CREATE INDEX
CREATE INDEX
CREATE INDEX
CREATE INDEX
CREATE TABLE
CREATE INDEX
CREATE INDEX
CREATE INDEX
ALTER TABLE
REVOKE
GRANT
CREATE POLICY
CREATE TABLE
CREATE INDEX
ALTER TABLE
REVOKE
GRANT
CREATE POLICY
INSERT 0 1
CREATE POLICY
CREATE POLICY
CREATE POLICY
ALTER POLICY
ALTER POLICY
CREATE POLICY
CREATE FUNCTION
CREATE FUNCTION
CREATE FUNCTION
CREATE FUNCTION
CREATE FUNCTION
CREATE TRIGGER
CREATE FUNCTION
CREATE TRIGGER
CREATE FUNCTION
CREATE TRIGGER
DROP TRIGGER
CREATE TRIGGER
CREATE FUNCTION
CREATE FUNCTION
CREATE FUNCTION
CREATE FUNCTION
CREATE FUNCTION
CREATE FUNCTION
CREATE FUNCTION
CREATE FUNCTION
CREATE FUNCTION
CREATE TRIGGER
CREATE FUNCTION
CREATE FUNCTION
CREATE FUNCTION
CREATE FUNCTION
CREATE FUNCTION
CREATE FUNCTION
REVOKE
GRANT
REVOKE
GRANT
REVOKE
GRANT
GRANT
COMMENT
COMMENT
COMMENT
COMMIT

phase2_empty: 20261001145422_phase2_trusted_evidence_locality.sql
BEGIN
ALTER TABLE
DO
ALTER TABLE
DO
CREATE POLICY
CREATE POLICY
CREATE FUNCTION
REVOKE
CREATE TRIGGER
CREATE FUNCTION
UPDATE 0
CREATE FUNCTION
ALTER FUNCTION
REVOKE
CREATE TRIGGER
CREATE FUNCTION
REVOKE
CREATE TRIGGER
COMMIT

phase2_empty: Phase 2 database acceptance
BEGIN
psql:C:/Users/User/barangayan/supabase/tests/trusted_evidence_locality.test.sql:2: ERROR:  function no_plan() does not exist
LINE 1: select no_plan();
               ^
HINT:  No function matches the given name and argument types. You might need to add explicit type casts.

