Inspect fixture roles
postgres
pg_database_owner
pg_read_all_data
pg_write_all_data
pg_monitor
pg_read_all_settings
pg_read_all_stats
pg_stat_scan_tables
pg_read_server_files
pg_write_server_files
pg_execute_server_program
pg_signal_backend
pg_checkpoint
pg_maintain
pg_use_reserved_connections
pg_create_subscription
anon
authenticated
service_role

Reset phase6_empty

Create phase6_empty

phase6_empty: Infrastructure fixture
SET
CREATE SCHEMA
CREATE SCHEMA
CREATE SCHEMA
CREATE EXTENSION
CREATE TABLE
CREATE TABLE
CREATE FUNCTION
CREATE FUNCTION
CREATE FUNCTION
CREATE TABLE
CREATE TABLE
ALTER TABLE
CREATE FUNCTION
CREATE PUBLICATION
GRANT
GRANT
GRANT
ALTER DEFAULT PRIVILEGES
ALTER DEFAULT PRIVILEGES
ALTER DEFAULT PRIVILEGES
SET
psql:C:/Users/User/barangayan/plans/evidence/phase6/acceptance-final/bootstrap.sql:42: WARNING:  "wal_level" is insufficient to publish logical changes
HINT:  Set "wal_level" to "logical" before creating subscriptions.

phase6_empty: 0001_barangays_and_profiles.sql
SET
CREATE TABLE
COMMENT
ALTER TABLE
CREATE POLICY
CREATE TABLE
COMMENT
ALTER TABLE
CREATE POLICY
CREATE POLICY
CREATE POLICY
CREATE FUNCTION
CREATE TRIGGER
CREATE FUNCTION
CREATE FUNCTION
COMMENT

phase6_empty: 0002_document_types_and_service_requests.sql
SET
CREATE TABLE
ALTER TABLE
CREATE POLICY
CREATE TABLE
ALTER TABLE
CREATE POLICY
CREATE POLICY
CREATE TRIGGER
CREATE SEQUENCE
CREATE FUNCTION
CREATE TRIGGER
CREATE FUNCTION
CREATE TRIGGER
ALTER PUBLICATION

phase6_empty: 0003_announcements.sql
SET
CREATE TABLE
ALTER TABLE
CREATE POLICY
ALTER PUBLICATION

phase6_empty: 0004_service_request_reference_default.sql
SET
ALTER TABLE
DROP TRIGGER
DROP FUNCTION

phase6_empty: 0005_guest_readable_public_content.sql
SET
CREATE POLICY
CREATE POLICY

phase6_empty: 0006_profile_theme_preference.sql
SET
ALTER TABLE

phase6_empty: 0007_payments_and_admin_access.sql
SET
ALTER TABLE
CREATE TABLE
ALTER TABLE
CREATE POLICY
CREATE POLICY
CREATE POLICY
CREATE POLICY
CREATE TRIGGER
ALTER PUBLICATION
CREATE FUNCTION
CREATE TRIGGER
CREATE POLICY
CREATE POLICY
CREATE FUNCTION
CREATE FUNCTION
CREATE POLICY

phase6_empty: 0008_resident_directory_access.sql
SET
CREATE POLICY
CREATE VIEW
ALTER PUBLICATION

phase6_empty: 0009_admin_crud_and_soft_delete.sql
SET
ALTER TABLE
ALTER TABLE
ALTER TABLE
ALTER TABLE
CREATE POLICY
CREATE POLICY
CREATE POLICY
CREATE POLICY

phase6_empty: 0010_resident_set_payment_method.sql
SET
CREATE FUNCTION
GRANT

phase6_empty: 0011_announcements_admin_write.sql
SET
ALTER TABLE
DROP POLICY
DROP POLICY
CREATE POLICY
CREATE POLICY
CREATE POLICY
psql:C:/Users/User/barangayan/supabase/migrations/0011_announcements_admin_write.sql:17: NOTICE:  policy "residents can read announcements from their barangay" for relation "public.announcements" does not exist, skipping
psql:C:/Users/User/barangayan/supabase/migrations/0011_announcements_admin_write.sql:18: NOTICE:  policy "guests can read all announcements" for relation "public.announcements" does not exist, skipping

phase6_empty: 0012_profile_trigger_and_verification_status.sql
SET
ALTER TABLE
COMMENT
CREATE FUNCTION
COMMENT
DROP TRIGGER
CREATE TRIGGER
psql:C:/Users/User/barangayan/supabase/migrations/0012_profile_trigger_and_verification_status.sql:94: NOTICE:  trigger "on_auth_user_created" for relation "auth.users" does not exist, skipping

phase6_empty: 0013_protect_verification_fields.sql
SET
CREATE FUNCTION
COMMENT
DROP TRIGGER
CREATE TRIGGER
psql:C:/Users/User/barangayan/supabase/migrations/0013_protect_verification_fields.sql:44: NOTICE:  trigger "guard_verification_fields" for relation "public.profiles" does not exist, skipping

phase6_empty: 0014_request_delivery_workflow.sql
SET
ALTER TABLE
ALTER TABLE
ALTER TABLE
UPDATE 0
ALTER TABLE
CREATE FUNCTION
DROP TRIGGER
CREATE TRIGGER
CREATE FUNCTION
psql:C:/Users/User/barangayan/supabase/migrations/0014_request_delivery_workflow.sql:51: NOTICE:  trigger "guard_service_request_completion" for relation "public.service_requests" does not exist, skipping

phase6_empty: 0015_request_delivery_transition_rpc.sql
SET
CREATE FUNCTION

phase6_empty: 0017_harden_payments_rls.sql
SET
ALTER TABLE
DROP POLICY
ALTER TABLE

phase6_empty: 0018_begin_processing_rpc.sql
SET
CREATE FUNCTION
COMMENT

phase6_empty: 0019_fix_announcement_soft_delete.sql
SET
DROP POLICY
DROP POLICY

phase6_empty: 0020_id_documents_storage.sql
SET
ALTER TABLE
INSERT 0 1
CREATE POLICY
CREATE POLICY
CREATE POLICY

phase6_empty: 0021_enable_pgtap.sql
SET
CREATE EXTENSION

phase6_empty: 0022_maps_tables.sql
SET
CREATE TABLE
ALTER TABLE
CREATE POLICY
CREATE POLICY
CREATE TABLE
CREATE INDEX
CREATE INDEX
CREATE INDEX
CREATE INDEX
ALTER TABLE
CREATE POLICY
CREATE POLICY
CREATE POLICY
CREATE TABLE
CREATE INDEX
CREATE INDEX
ALTER TABLE
CREATE POLICY
CREATE POLICY

phase6_empty: 0023_seed_incident_categories.sql
SET
INSERT 0 0

phase6_empty: 0024_ampid1_boundary.sql
SET
UPDATE 0

phase6_empty: 0025_incident_management.sql
SET
CREATE TRIGGER
INSERT 0 1
CREATE POLICY
CREATE POLICY
CREATE POLICY
CREATE TABLE
CREATE INDEX
ALTER TABLE
CREATE POLICY
CREATE POLICY
CREATE POLICY
CREATE FUNCTION
COMMENT
CREATE FUNCTION
COMMENT
CREATE FUNCTION
COMMENT

phase6_empty: 0026_incident_report_workflow.sql
SET
ALTER TABLE
ALTER TABLE
CREATE FUNCTION
COMMENT
CREATE FUNCTION
COMMENT
CREATE POLICY

phase6_empty: 0027_incidents_realtime.sql
SET
ALTER PUBLICATION

phase6_empty: 0029_drop_diag_temp.sql
SET
DROP FUNCTION
psql:C:/Users/User/barangayan/supabase/migrations/0029_drop_diag_temp.sql:4: NOTICE:  function public.__diag_soft_delete_incident_def() does not exist, skipping

phase6_empty: 0030_diag_temp2.sql
SET
CREATE FUNCTION
GRANT

phase6_empty: 0031_drop_diag_temp2.sql
SET
DROP FUNCTION

phase6_empty: 0032_withdraw_incident_rpc.sql
SET
CREATE FUNCTION
COMMENT

phase6_empty: 0033_diag_temp3.sql
SET
CREATE FUNCTION
GRANT

phase6_empty: 0034_drop_diag_temp3.sql
SET
DROP FUNCTION

phase6_empty: 0035_medical_drives.sql
SET
CREATE TYPE
CREATE TYPE
CREATE TABLE
COMMENT
CREATE INDEX
CREATE INDEX
CREATE TRIGGER
CREATE TABLE
COMMENT
CREATE INDEX
CREATE INDEX
CREATE TRIGGER
ALTER TABLE
ALTER TABLE
CREATE POLICY
CREATE POLICY
CREATE POLICY
CREATE FUNCTION

phase6_empty: 0036_medical_drives_admin_rls.sql
SET
CREATE POLICY
CREATE POLICY
CREATE POLICY

phase6_empty: 0037_profile_birth_date.sql
SET
ALTER TABLE
COMMENT

phase6_empty: 0038_health_realtime.sql
SET
ALTER PUBLICATION
ALTER PUBLICATION

phase6_empty: 0039_profile_extended_fields.sql
SET
ALTER TABLE
UPDATE 0
COMMENT
COMMENT
COMMENT
COMMENT
CREATE FUNCTION
COMMENT

phase6_empty: 0040_profile_avatar.sql
SET
ALTER TABLE
COMMENT
INSERT 0 1
CREATE POLICY
CREATE POLICY
CREATE POLICY
CREATE POLICY

phase6_empty: 0041_id_verification_status.sql
SET
ALTER TABLE
COMMENT
CREATE FUNCTION
COMMENT
DROP TRIGGER
CREATE TRIGGER
psql:C:/Users/User/barangayan/supabase/migrations/0041_id_verification_status.sql:61: NOTICE:  trigger "trg_guard_id_verification_status" for relation "public.profiles" does not exist, skipping

phase6_empty: 0042_id_documents_public_bucket.sql
SET
UPDATE 1
UPDATE 1
CREATE POLICY
CREATE POLICY
CREATE POLICY

phase6_empty: 0043_emergency_content.sql
SET

phase6_empty: 0044_evacuation_centers_verified.sql
SET
ALTER TABLE
COMMENT
DO

phase6_empty: 0045_evacuation_center_checkins.sql
SET
CREATE TABLE
CREATE INDEX
CREATE INDEX
CREATE INDEX
CREATE INDEX
ALTER TABLE
CREATE POLICY
CREATE POLICY
CREATE POLICY

phase6_empty: 0046_household_members.sql
SET
CREATE TABLE
CREATE INDEX
CREATE INDEX
ALTER TABLE
CREATE POLICY
CREATE POLICY
CREATE FUNCTION
CREATE TRIGGER

phase6_empty: 0047_emergency_information.sql
SET
CREATE TABLE
CREATE INDEX
CREATE INDEX
CREATE INDEX
ALTER TABLE
CREATE POLICY
CREATE POLICY

phase6_empty: 0048_realtime_publications.sql
SET
ALTER PUBLICATION
ALTER PUBLICATION
ALTER PUBLICATION
ALTER PUBLICATION

phase6_empty: 0049_seed_empty_tables.sql
SET
DO

phase6_empty: 0050_create_emergency_qr_tables.sql
SET
CREATE TABLE
CREATE TABLE
CREATE INDEX
CREATE INDEX
CREATE FUNCTION
CREATE TRIGGER
CREATE TRIGGER
ALTER TABLE
ALTER TABLE
CREATE POLICY
CREATE POLICY
CREATE POLICY
CREATE POLICY
ALTER TABLE
ALTER TABLE
DO
psql:C:/Users/User/barangayan/supabase/migrations/0050_create_emergency_qr_tables.sql:78: NOTICE:  identifier "Allow read access to emergency_qr_content for authenticated users" will be truncated to "Allow read access to emergency_qr_content for authenticated use"
psql:C:/Users/User/barangayan/supabase/migrations/0050_create_emergency_qr_tables.sql:84: NOTICE:  identifier "Allow read access to evacuation_center_qr_codes for authenticated users" will be truncated to "Allow read access to evacuation_center_qr_codes for authenticat"
psql:C:/Users/User/barangayan/supabase/migrations/0050_create_emergency_qr_tables.sql:112: NOTICE:  identifier "Allow full access to evacuation_center_qr_codes for barangay admins" will be truncated to "Allow full access to evacuation_center_qr_codes for barangay ad"

phase6_empty: 0051_waste_management.sql
SET
CREATE TABLE
CREATE TABLE
CREATE INDEX
CREATE INDEX
CREATE INDEX
CREATE FUNCTION
CREATE TRIGGER
CREATE TRIGGER
ALTER TABLE
ALTER TABLE
CREATE POLICY
CREATE POLICY
ALTER TABLE
ALTER TABLE
DO

phase6_empty: 0052_household_admin_management.sql
SET
DROP POLICY
CREATE POLICY
CREATE FUNCTION
CREATE FUNCTION
CREATE FUNCTION
CREATE FUNCTION
DROP TRIGGER
CREATE TRIGGER
DO
psql:C:/Users/User/barangayan/supabase/migrations/0052_household_admin_management.sql:14: NOTICE:  policy "admins manage barangay household members" for relation "public.household_members" does not exist, skipping
psql:C:/Users/User/barangayan/supabase/migrations/0052_household_admin_management.sql:191: NOTICE:  trigger "sync_household_members_from_jsonb" for relation "public.profiles" does not exist, skipping

phase6_empty: 0053_faq.sql
SET
CREATE TABLE
CREATE INDEX
CREATE INDEX
CREATE INDEX
CREATE INDEX
ALTER TABLE
CREATE POLICY
CREATE POLICY
CREATE FUNCTION
CREATE TRIGGER
ALTER TABLE
DO
DO

phase6_empty: 0054_barangay_settings.sql
SET
ALTER TABLE
DROP TRIGGER
CREATE TRIGGER
DROP POLICY
CREATE POLICY
DO
psql:C:/Users/User/barangayan/supabase/migrations/0054_barangay_settings.sql:16: NOTICE:  trigger "barangays_set_updated_at" for relation "public.barangays" does not exist, skipping
psql:C:/Users/User/barangayan/supabase/migrations/0054_barangay_settings.sql:25: NOTICE:  policy "admins can update barangay config in their barangay" for relation "public.barangays" does not exist, skipping

phase6_empty: 0055_grant_guest_read_access.sql
SET
DROP POLICY
CREATE POLICY
DROP POLICY
CREATE POLICY
DROP POLICY
CREATE POLICY
DROP POLICY
CREATE POLICY
psql:C:/Users/User/barangayan/supabase/migrations/0055_grant_guest_read_access.sql:26: NOTICE:  identifier "Allow read access to emergency_qr_content for authenticated users" will be truncated to "Allow read access to emergency_qr_content for authenticated use"
psql:C:/Users/User/barangayan/supabase/migrations/0055_grant_guest_read_access.sql:34: NOTICE:  identifier "Allow read access to evacuation_center_qr_codes for authenticated users" will be truncated to "Allow read access to evacuation_center_qr_codes for authenticat"

phase6_empty: 0056_admin_staff_management.sql
SET
ALTER TABLE
ALTER TABLE
DROP POLICY
DROP POLICY
CREATE POLICY
DROP POLICY
DROP POLICY
CREATE POLICY
CREATE FUNCTION
DROP TRIGGER
CREATE TRIGGER
psql:C:/Users/User/barangayan/supabase/migrations/0056_admin_staff_management.sql:25: NOTICE:  policy "admins can read admin and staff profiles in their barangay" for relation "public.profiles" does not exist, skipping
psql:C:/Users/User/barangayan/supabase/migrations/0056_admin_staff_management.sql:26: NOTICE:  policy "admins can read admin profiles in their barangay" for relation "public.profiles" does not exist, skipping
psql:C:/Users/User/barangayan/supabase/migrations/0056_admin_staff_management.sql:41: NOTICE:  policy "admins can update admin and staff profiles in their barangay" for relation "public.profiles" does not exist, skipping
psql:C:/Users/User/barangayan/supabase/migrations/0056_admin_staff_management.sql:42: NOTICE:  policy "admins can update admin profiles in their barangay" for relation "public.profiles" does not exist, skipping
psql:C:/Users/User/barangayan/supabase/migrations/0056_admin_staff_management.sql:78: NOTICE:  trigger "trg_guard_role_escalation" for relation "public.profiles" does not exist, skipping

phase6_empty: 0057_barangay_officials.sql
SET
CREATE TABLE
CREATE INDEX
ALTER TABLE
CREATE FUNCTION
DROP TRIGGER
CREATE TRIGGER
DROP POLICY
CREATE POLICY
DROP POLICY
CREATE POLICY
DROP POLICY
CREATE POLICY
DROP POLICY
CREATE POLICY
CREATE FUNCTION
DROP TRIGGER
CREATE TRIGGER
INSERT 0 0
psql:C:/Users/User/barangayan/supabase/migrations/0057_barangay_officials.sql:65: NOTICE:  trigger "trg_barangay_officials_updated_at" for relation "public.barangay_officials" does not exist, skipping
psql:C:/Users/User/barangayan/supabase/migrations/0057_barangay_officials.sql:75: NOTICE:  policy "admins read barangay officials in their barangay" for relation "public.barangay_officials" does not exist, skipping
psql:C:/Users/User/barangayan/supabase/migrations/0057_barangay_officials.sql:85: NOTICE:  policy "admins insert barangay officials in their barangay" for relation "public.barangay_officials" does not exist, skipping
psql:C:/Users/User/barangayan/supabase/migrations/0057_barangay_officials.sql:95: NOTICE:  policy "admins update barangay officials in their barangay" for relation "public.barangay_officials" does not exist, skipping
psql:C:/Users/User/barangayan/supabase/migrations/0057_barangay_officials.sql:109: NOTICE:  policy "admins delete barangay officials in their barangay" for relation "public.barangay_officials" does not exist, skipping
psql:C:/Users/User/barangayan/supabase/migrations/0057_barangay_officials.sql:153: NOTICE:  trigger "trg_sync_barangay_official" for relation "public.profiles" does not exist, skipping

phase6_empty: 0058_admin_audit_log.sql
SET
DROP VIEW
CREATE TABLE
CREATE INDEX
CREATE INDEX
ALTER TABLE
CREATE POLICY
CREATE POLICY
CREATE POLICY
ALTER PUBLICATION

phase6_empty: 0059_site_content_and_about_us.sql
SET
CREATE TABLE
CREATE INDEX
CREATE INDEX
CREATE TABLE
CREATE INDEX
CREATE INDEX
CREATE TABLE
CREATE INDEX
CREATE INDEX
CREATE TRIGGER
CREATE TRIGGER
CREATE TRIGGER
ALTER TABLE
ALTER TABLE
ALTER TABLE
CREATE POLICY
CREATE POLICY
CREATE POLICY
CREATE POLICY
CREATE POLICY
CREATE POLICY
CREATE POLICY
CREATE POLICY
CREATE POLICY
ALTER TABLE
ALTER TABLE
ALTER TABLE
DO
INSERT 0 0
INSERT 0 0

phase6_empty: 0060_storage_site_content.sql
SET
INSERT 0 1
CREATE POLICY
CREATE POLICY
CREATE POLICY
CREATE POLICY

phase6_empty: 0061_save_about_us_rpc.sql
SET
CREATE FUNCTION
GRANT

phase6_empty: 0062_seed_site_content_and_about_us.sql
SET
INSERT 0 0
INSERT 0 0
INSERT 0 0
DELETE 0
INSERT 0 0

phase6_empty: 0063_push_notifications.sql
SET
ALTER TABLE
COMMENT
CREATE TABLE
COMMENT
ALTER TABLE
CREATE POLICY
CREATE FUNCTION

phase6_empty: 0064_qrph_instant_payment_and_refunds.sql
SET
ALTER TABLE
ALTER TABLE
ALTER TABLE
ALTER TABLE
ALTER TABLE
CREATE FUNCTION
COMMENT
COMMENT
ALTER TABLE
COMMENT
ALTER TABLE
COMMENT
COMMENT

phase6_empty: 0065_qrph_payment_intents.sql
SET
ALTER TABLE
COMMENT
ALTER TABLE
COMMENT
DO
ALTER TABLE

phase6_empty: 0066_qrph_persistent_qr_and_resident_cancel.sql
SET
ALTER TABLE
CREATE FUNCTION
GRANT

phase6_empty: 0067_fix_household_members_uuid_sync.sql
SET
CREATE FUNCTION
COMMENT

phase6_empty: 0068_signup_birth_date.sql
SET
CREATE FUNCTION
COMMENT

phase6_empty: 0069_fix_emergency_information_tenant_leak.sql
SET
DROP POLICY
CREATE POLICY
CREATE POLICY

phase6_empty: 0070_waste_management_resident_read.sql
SET
CREATE POLICY
CREATE POLICY

phase6_empty: 0071_add_missing_fk_indexes.sql
SET
CREATE INDEX
CREATE INDEX
CREATE INDEX
CREATE INDEX
CREATE INDEX
CREATE INDEX
CREATE INDEX
CREATE INDEX
CREATE INDEX
CREATE INDEX
CREATE INDEX

phase6_empty: 0072_admin_register_for_drive.sql
SET
CREATE FUNCTION

phase6_empty: 0073_id_documents_private_again.sql
SET
UPDATE 1

phase6_empty: 0074_account_deletion.sql
SET
ALTER TABLE
COMMENT
CREATE INDEX
CREATE FUNCTION
COMMENT
DROP POLICY
CREATE POLICY
psql:C:/Users/User/barangayan/supabase/migrations/0074_account_deletion.sql:18: NOTICE:  column "deleted_at" of relation "profiles" already exists, skipping

phase6_empty: 0075_profile_theme_customization.sql
SET
ALTER TABLE

phase6_empty: 0076_placeholder.sql
SET

phase6_empty: 0077_waste_zone_cron_scoring.sql
SET
ALTER TABLE
CREATE INDEX
ALTER TABLE
COMMENT
CREATE FUNCTION
COMMENT
DO
DO
 recompute_waste_zone_scores 
-----------------------------
 
(1 row)

psql:C:/Users/User/barangayan/supabase/migrations/0077_waste_zone_cron_scoring.sql:96: NOTICE:  pg_cron extension unavailable in this environment — skipping scheduled job (recompute_waste_zone_scores() can still be called manually).

phase6_empty: 0078_registration_location_verification.sql
SET
ALTER TABLE
COMMENT
COMMENT
CREATE FUNCTION
COMMENT

phase6_empty: 0079_export_rate_limit.sql
SET
ALTER TABLE
COMMENT

phase6_empty: 0080_reports_unread_counts.sql
SET
ALTER TABLE
CREATE TABLE
ALTER TABLE
CREATE POLICY
ALTER PUBLICATION

phase6_empty: 0081_resident_profile_field_split.sql
SET
ALTER TABLE
COMMENT
COMMENT
COMMENT
COMMENT
COMMENT
COMMENT
COMMENT
COMMENT
COMMENT
COMMENT
CREATE FUNCTION
COMMENT
DROP TRIGGER
CREATE TRIGGER
CREATE FUNCTION
COMMENT
psql:C:/Users/User/barangayan/supabase/migrations/0081_resident_profile_field_split.sql:122: NOTICE:  trigger "compose_profiles_display_fields" for relation "public.profiles" does not exist, skipping

phase6_empty: 0082_remove_delivery_add_pickup.sql
SET
ALTER TABLE
ALTER TABLE
UPDATE 0
UPDATE 0
ALTER TABLE
ALTER TABLE
CREATE FUNCTION
DROP FUNCTION
CREATE FUNCTION
CREATE FUNCTION
DO
DO
UPDATE 0
UPDATE 0
ALTER TABLE
ALTER TABLE
CREATE FUNCTION
ALTER TABLE
ALTER TABLE
COMMENT

phase6_empty: 0083_incident_location_details.sql
SET
ALTER TABLE
COMMENT
COMMENT

phase6_empty: 0084_announcement_detailed_description.sql
SET
ALTER TABLE
COMMENT

phase6_empty: 0085_resident_mark_resolved_incident_read.sql
SET
CREATE POLICY

phase6_empty: 0086_about_us_logo_size.sql
SET
ALTER TABLE
CREATE FUNCTION
GRANT

phase6_empty: 0087_about_us_title.sql
SET
ALTER TABLE
CREATE FUNCTION
GRANT

phase6_empty: 0088_faq_articles_guest_read.sql
SET
CREATE POLICY

phase6_empty: 0089_id_verification_failed_status.sql
SET
ALTER TABLE
ALTER TABLE
COMMENT
CREATE FUNCTION
COMMENT

phase6_empty: 0090_location_verification.sql
SET
ALTER TABLE
COMMENT
COMMENT

phase6_empty: 0091_verified_location_address.sql
SET
ALTER TABLE
COMMENT

phase6_empty: 0092_drive_registrations_admin_update.sql
SET
CREATE POLICY

phase6_empty: 0093_resident_ios_backend_safety.sql
SET
CREATE FUNCTION
DROP TRIGGER
CREATE TRIGGER
CREATE FUNCTION
CREATE FUNCTION
CREATE FUNCTION
REVOKE
REVOKE
REVOKE
GRANT
GRANT
GRANT
DROP POLICY
CREATE POLICY
ALTER TABLE
CREATE INDEX
COMMENT

phase6_empty: 0094_resident_ios_tenant_write_guards.sql
SET
CREATE FUNCTION
DROP TRIGGER
CREATE TRIGGER
CREATE FUNCTION
DROP TRIGGER
CREATE TRIGGER
COMMENT
COMMENT
psql:C:/Users/User/barangayan/supabase/migrations/0094_resident_ios_tenant_write_guards.sql:32: NOTICE:  trigger "guard_drive_registration_tenant" for relation "public.drive_registrations" does not exist, skipping
psql:C:/Users/User/barangayan/supabase/migrations/0094_resident_ios_tenant_write_guards.sql:66: NOTICE:  trigger "guard_evacuation_checkin_tenant" for relation "public.evacuation_center_checkins" does not exist, skipping

phase6_empty: 0095_phase1_shared_foundations.sql
SET
BEGIN
CREATE SCHEMA
REVOKE
GRANT
CREATE TABLE
INSERT 0 0
ALTER TABLE
REVOKE
GRANT
CREATE POLICY
ALTER TABLE
CREATE TABLE
ALTER TABLE
REVOKE
GRANT
CREATE POLICY
ALTER TABLE
ALTER TABLE
CREATE INDEX
CREATE INDEX
CREATE INDEX
CREATE INDEX
CREATE INDEX
CREATE TABLE
CREATE INDEX
CREATE INDEX
CREATE INDEX
ALTER TABLE
REVOKE
GRANT
CREATE POLICY
CREATE TABLE
CREATE INDEX
ALTER TABLE
REVOKE
GRANT
CREATE POLICY
INSERT 0 1
CREATE POLICY
CREATE POLICY
CREATE POLICY
ALTER POLICY
ALTER POLICY
CREATE POLICY
CREATE FUNCTION
CREATE FUNCTION
CREATE FUNCTION
CREATE FUNCTION
CREATE FUNCTION
CREATE TRIGGER
CREATE FUNCTION
CREATE TRIGGER
CREATE FUNCTION
CREATE TRIGGER
DROP TRIGGER
CREATE TRIGGER
CREATE FUNCTION
CREATE FUNCTION
CREATE FUNCTION
CREATE FUNCTION
CREATE FUNCTION
CREATE FUNCTION
CREATE FUNCTION
CREATE FUNCTION
CREATE FUNCTION
CREATE TRIGGER
CREATE FUNCTION
CREATE FUNCTION
CREATE FUNCTION
CREATE FUNCTION
CREATE FUNCTION
CREATE FUNCTION
REVOKE
GRANT
REVOKE
GRANT
REVOKE
GRANT
GRANT
COMMENT
COMMENT
COMMENT
COMMIT

phase6_empty: 0096_phase2_trusted_evidence_locality.sql
SET
BEGIN
ALTER TABLE
DO
ALTER TABLE
DO
CREATE POLICY
CREATE POLICY
CREATE FUNCTION
REVOKE
CREATE TRIGGER
CREATE FUNCTION
UPDATE 0
CREATE FUNCTION
REVOKE
CREATE TRIGGER
CREATE FUNCTION
REVOKE
CREATE TRIGGER
COMMIT

phase6_empty: 0097_phase3_catalog_staff_workflows.sql
SET
BEGIN
ALTER TABLE
ALTER TABLE
UPDATE 0
ALTER TABLE
CREATE FUNCTION
CREATE FUNCTION
REVOKE
GRANT
CREATE FUNCTION
REVOKE
 configure_ampid_charter 
-------------------------
 
(1 row)

CREATE FUNCTION
CREATE FUNCTION
CREATE FUNCTION
CREATE INDEX
CREATE FUNCTION
REVOKE
CREATE TRIGGER
COMMIT

phase6_empty: 0098_phase4_resident_submission_payment.sql
SET
BEGIN
CREATE TABLE
ALTER TABLE
REVOKE
CREATE FUNCTION
CREATE FUNCTION
REVOKE
GRANT
CREATE FUNCTION
CREATE FUNCTION
CREATE FUNCTION
REVOKE
GRANT
CREATE FUNCTION
CREATE FUNCTION
COMMIT

phase6_empty: 0099_phase5_sla_engine_reporting.sql
SET
BEGIN
ALTER TABLE
CREATE FUNCTION
CREATE TRIGGER
CREATE FUNCTION
REVOKE
GRANT
CREATE FUNCTION
REVOKE
GRANT
CREATE TABLE
ALTER TABLE
REVOKE
GRANT
CREATE POLICY
CREATE FUNCTION
REVOKE
GRANT
CREATE FUNCTION
CREATE FUNCTION
REVOKE
GRANT
DO
REVOKE
COMMIT
psql:C:/Users/User/barangayan/supabase/migrations/0099_phase5_sla_engine_reporting.sql:122: NOTICE:  pg_cron unavailable: SLA requires an external once-per-minute SQL scheduler before release

phase6_empty: 0100_restore_admin_document_type_creation.sql
SET
BEGIN
DROP TRIGGER
DROP FUNCTION
COMMIT

phase6_empty: 0101_unified_document_type_charter_forms.sql
SET
BEGIN
ALTER TABLE
ALTER TABLE
DROP INDEX
CREATE INDEX
CREATE FUNCTION
CREATE FUNCTION
CREATE FUNCTION
REVOKE
CREATE TRIGGER
COMMENT
COMMENT
COMMIT

phase6_empty: 0102_phase6_registration_maps_auth.sql
SET
BEGIN
ALTER TABLE
CREATE FUNCTION
CREATE FUNCTION
CREATE FUNCTION
CREATE FUNCTION
CREATE TRIGGER
ALTER FUNCTION
CREATE FUNCTION
CREATE FUNCTION
REVOKE
REVOKE
GRANT
REVOKE
COMMIT

phase6_empty: Phase 6 database acceptance
SET
BEGIN
 no_plan 
---------
(0 rows)

UPDATE 0
INSERT 0 2
INSERT 0 1
INSERT 0 2
                             is                             
------------------------------------------------------------
 ok 1 - Google identity waits for mandatory resident fields
(1 row)

                     is                      
---------------------------------------------
 ok 2 - Password signup uses server locality
(1 row)

             is              
-----------------------------
 ok 3 - Province is assigned
(1 row)

                                    is                                     
---------------------------------------------------------------------------
 ok 4 - Outside home advisory overrides forged verification and inside GPS
(1 row)

                     is                     
--------------------------------------------
 ok 5 - GPS observation retained separately
(1 row)

                       is                        
-------------------------------------------------
 ok 6 - Outside home does not block registration
(1 row)

                throws_ok                
-----------------------------------------
 ok 7 - Password tenant injection denied
(1 row)

                  throws_ok                  
---------------------------------------------
 ok 8 - Invalid coordinates cannot be stored
(1 row)

SET
              set_config              
--------------------------------------
 b6000000-0000-0000-0000-000000000001
(1 row)

             throws_ok             
-----------------------------------
 ok 9 - Completion cannot set role
(1 row)

                            lives_ok                            
----------------------------------------------------------------
 ok 10 - Metadata-free Google completion works without password
(1 row)

                  is                   
---------------------------------------
 ok 11 - Server chooses permitted role
(1 row)

                    is                    
------------------------------------------
 ok 12 - Server chooses configured tenant
(1 row)

                           is                           
--------------------------------------------------------
 ok 13 - Home classification independent of outside GPS
(1 row)

            isnt             
-----------------------------
 ok 14 - Completion recorded
(1 row)

                  throws_ok                  
---------------------------------------------
 ok 15 - Direct advisory replacement blocked
(1 row)

                    throws_ok                     
--------------------------------------------------
 ok 16 - Settings outside pin blocked server side
(1 row)

           throws_ok           
-------------------------------
 ok 17 - Polygon hole excluded
(1 row)

                lives_ok                
----------------------------------------
 ok 18 - Settings polygon edge accepted
(1 row)

                    ok                     
-------------------------------------------
 ok 19 - Settings timestamp server derived
(1 row)

                throws_ok                 
------------------------------------------
 ok 20 - Extra coordinate claims rejected
(1 row)

                    throws_ok                    
-------------------------------------------------
 ok 21 - Completion retains locality protections
(1 row)

RESET
                        is                         
---------------------------------------------------
 ok 22 - Missing boundary produces unable to check
(1 row)

               is                
---------------------------------
 ok 23 - Hole boundary inclusive
(1 row)

 finish 
--------
 1..23
(1 row)

ROLLBACK

Reset phase6_existing
NOTICE:  database "phase6_existing" does not exist, skipping

Create phase6_existing

phase6_existing: Infrastructure fixture
SET
CREATE SCHEMA
CREATE SCHEMA
CREATE SCHEMA
CREATE EXTENSION
CREATE TABLE
CREATE TABLE
CREATE FUNCTION
CREATE FUNCTION
CREATE FUNCTION
CREATE TABLE
CREATE TABLE
ALTER TABLE
CREATE FUNCTION
CREATE PUBLICATION
GRANT
GRANT
GRANT
ALTER DEFAULT PRIVILEGES
ALTER DEFAULT PRIVILEGES
ALTER DEFAULT PRIVILEGES
SET
psql:C:/Users/User/barangayan/plans/evidence/phase6/acceptance-final/bootstrap.sql:42: WARNING:  "wal_level" is insufficient to publish logical changes
HINT:  Set "wal_level" to "logical" before creating subscriptions.

phase6_existing: 0001_barangays_and_profiles.sql
SET
CREATE TABLE
COMMENT
ALTER TABLE
CREATE POLICY
CREATE TABLE
COMMENT
ALTER TABLE
CREATE POLICY
CREATE POLICY
CREATE POLICY
CREATE FUNCTION
CREATE TRIGGER
CREATE FUNCTION
CREATE FUNCTION
COMMENT

phase6_existing: 0002_document_types_and_service_requests.sql
SET
CREATE TABLE
ALTER TABLE
CREATE POLICY
CREATE TABLE
ALTER TABLE
CREATE POLICY
CREATE POLICY
CREATE TRIGGER
CREATE SEQUENCE
CREATE FUNCTION
CREATE TRIGGER
CREATE FUNCTION
CREATE TRIGGER
ALTER PUBLICATION

phase6_existing: 0003_announcements.sql
SET
CREATE TABLE
ALTER TABLE
CREATE POLICY
ALTER PUBLICATION

phase6_existing: 0004_service_request_reference_default.sql
SET
ALTER TABLE
DROP TRIGGER
DROP FUNCTION

phase6_existing: 0005_guest_readable_public_content.sql
SET
CREATE POLICY
CREATE POLICY

phase6_existing: 0006_profile_theme_preference.sql
SET
ALTER TABLE

phase6_existing: 0007_payments_and_admin_access.sql
SET
ALTER TABLE
CREATE TABLE
ALTER TABLE
CREATE POLICY
CREATE POLICY
CREATE POLICY
CREATE POLICY
CREATE TRIGGER
ALTER PUBLICATION
CREATE FUNCTION
CREATE TRIGGER
CREATE POLICY
CREATE POLICY
CREATE FUNCTION
CREATE FUNCTION
CREATE POLICY

phase6_existing: 0008_resident_directory_access.sql
SET
CREATE POLICY
CREATE VIEW
ALTER PUBLICATION

phase6_existing: 0009_admin_crud_and_soft_delete.sql
SET
ALTER TABLE
ALTER TABLE
ALTER TABLE
ALTER TABLE
CREATE POLICY
CREATE POLICY
CREATE POLICY
CREATE POLICY

phase6_existing: 0010_resident_set_payment_method.sql
SET
CREATE FUNCTION
GRANT

phase6_existing: 0011_announcements_admin_write.sql
SET
ALTER TABLE
DROP POLICY
DROP POLICY
CREATE POLICY
CREATE POLICY
CREATE POLICY
psql:C:/Users/User/barangayan/supabase/migrations/0011_announcements_admin_write.sql:17: NOTICE:  policy "residents can read announcements from their barangay" for relation "public.announcements" does not exist, skipping
psql:C:/Users/User/barangayan/supabase/migrations/0011_announcements_admin_write.sql:18: NOTICE:  policy "guests can read all announcements" for relation "public.announcements" does not exist, skipping

phase6_existing: 0012_profile_trigger_and_verification_status.sql
SET
ALTER TABLE
COMMENT
CREATE FUNCTION
COMMENT
DROP TRIGGER
CREATE TRIGGER
psql:C:/Users/User/barangayan/supabase/migrations/0012_profile_trigger_and_verification_status.sql:94: NOTICE:  trigger "on_auth_user_created" for relation "auth.users" does not exist, skipping

phase6_existing: 0013_protect_verification_fields.sql
SET
CREATE FUNCTION
COMMENT
DROP TRIGGER
CREATE TRIGGER
psql:C:/Users/User/barangayan/supabase/migrations/0013_protect_verification_fields.sql:44: NOTICE:  trigger "guard_verification_fields" for relation "public.profiles" does not exist, skipping

phase6_existing: 0014_request_delivery_workflow.sql
SET
ALTER TABLE
ALTER TABLE
ALTER TABLE
UPDATE 0
ALTER TABLE
CREATE FUNCTION
DROP TRIGGER
CREATE TRIGGER
CREATE FUNCTION
psql:C:/Users/User/barangayan/supabase/migrations/0014_request_delivery_workflow.sql:51: NOTICE:  trigger "guard_service_request_completion" for relation "public.service_requests" does not exist, skipping

phase6_existing: 0015_request_delivery_transition_rpc.sql
SET
CREATE FUNCTION

phase6_existing: 0017_harden_payments_rls.sql
SET
ALTER TABLE
DROP POLICY
ALTER TABLE

phase6_existing: 0018_begin_processing_rpc.sql
SET
CREATE FUNCTION
COMMENT

phase6_existing: 0019_fix_announcement_soft_delete.sql
SET
DROP POLICY
DROP POLICY

phase6_existing: 0020_id_documents_storage.sql
SET
ALTER TABLE
INSERT 0 1
CREATE POLICY
CREATE POLICY
CREATE POLICY

phase6_existing: 0021_enable_pgtap.sql
SET
CREATE EXTENSION

phase6_existing: 0022_maps_tables.sql
SET
CREATE TABLE
ALTER TABLE
CREATE POLICY
CREATE POLICY
CREATE TABLE
CREATE INDEX
CREATE INDEX
CREATE INDEX
CREATE INDEX
ALTER TABLE
CREATE POLICY
CREATE POLICY
CREATE POLICY
CREATE TABLE
CREATE INDEX
CREATE INDEX
ALTER TABLE
CREATE POLICY
CREATE POLICY

phase6_existing: 0023_seed_incident_categories.sql
SET
INSERT 0 0

phase6_existing: 0024_ampid1_boundary.sql
SET
UPDATE 0

phase6_existing: 0025_incident_management.sql
SET
CREATE TRIGGER
INSERT 0 1
CREATE POLICY
CREATE POLICY
CREATE POLICY
CREATE TABLE
CREATE INDEX
ALTER TABLE
CREATE POLICY
CREATE POLICY
CREATE POLICY
CREATE FUNCTION
COMMENT
CREATE FUNCTION
COMMENT
CREATE FUNCTION
COMMENT

phase6_existing: 0026_incident_report_workflow.sql
SET
ALTER TABLE
ALTER TABLE
CREATE FUNCTION
COMMENT
CREATE FUNCTION
COMMENT
CREATE POLICY

phase6_existing: 0027_incidents_realtime.sql
SET
ALTER PUBLICATION

phase6_existing: 0029_drop_diag_temp.sql
SET
DROP FUNCTION
psql:C:/Users/User/barangayan/supabase/migrations/0029_drop_diag_temp.sql:4: NOTICE:  function public.__diag_soft_delete_incident_def() does not exist, skipping

phase6_existing: 0030_diag_temp2.sql
SET
CREATE FUNCTION
GRANT

phase6_existing: 0031_drop_diag_temp2.sql
SET
DROP FUNCTION

phase6_existing: 0032_withdraw_incident_rpc.sql
SET
CREATE FUNCTION
COMMENT

phase6_existing: 0033_diag_temp3.sql
SET
CREATE FUNCTION
GRANT

phase6_existing: 0034_drop_diag_temp3.sql
SET
DROP FUNCTION

phase6_existing: 0035_medical_drives.sql
SET
CREATE TYPE
CREATE TYPE
CREATE TABLE
COMMENT
CREATE INDEX
CREATE INDEX
CREATE TRIGGER
CREATE TABLE
COMMENT
CREATE INDEX
CREATE INDEX
CREATE TRIGGER
ALTER TABLE
ALTER TABLE
CREATE POLICY
CREATE POLICY
CREATE POLICY
CREATE FUNCTION

phase6_existing: 0036_medical_drives_admin_rls.sql
SET
CREATE POLICY
CREATE POLICY
CREATE POLICY

phase6_existing: 0037_profile_birth_date.sql
SET
ALTER TABLE
COMMENT

phase6_existing: 0038_health_realtime.sql
SET
ALTER PUBLICATION
ALTER PUBLICATION

phase6_existing: 0039_profile_extended_fields.sql
SET
ALTER TABLE
UPDATE 0
COMMENT
COMMENT
COMMENT
COMMENT
CREATE FUNCTION
COMMENT

phase6_existing: 0040_profile_avatar.sql
SET
ALTER TABLE
COMMENT
INSERT 0 1
CREATE POLICY
CREATE POLICY
CREATE POLICY
CREATE POLICY

phase6_existing: 0041_id_verification_status.sql
SET
ALTER TABLE
COMMENT
CREATE FUNCTION
COMMENT
DROP TRIGGER
CREATE TRIGGER
psql:C:/Users/User/barangayan/supabase/migrations/0041_id_verification_status.sql:61: NOTICE:  trigger "trg_guard_id_verification_status" for relation "public.profiles" does not exist, skipping

phase6_existing: 0042_id_documents_public_bucket.sql
SET
UPDATE 1
UPDATE 1
CREATE POLICY
CREATE POLICY
CREATE POLICY

phase6_existing: 0043_emergency_content.sql
SET

phase6_existing: 0044_evacuation_centers_verified.sql
SET
ALTER TABLE
COMMENT
DO

phase6_existing: 0045_evacuation_center_checkins.sql
SET
CREATE TABLE
CREATE INDEX
CREATE INDEX
CREATE INDEX
CREATE INDEX
ALTER TABLE
CREATE POLICY
CREATE POLICY
CREATE POLICY

phase6_existing: 0046_household_members.sql
SET
CREATE TABLE
CREATE INDEX
CREATE INDEX
ALTER TABLE
CREATE POLICY
CREATE POLICY
CREATE FUNCTION
CREATE TRIGGER

phase6_existing: 0047_emergency_information.sql
SET
CREATE TABLE
CREATE INDEX
CREATE INDEX
CREATE INDEX
ALTER TABLE
CREATE POLICY
CREATE POLICY

phase6_existing: 0048_realtime_publications.sql
SET
ALTER PUBLICATION
ALTER PUBLICATION
ALTER PUBLICATION
ALTER PUBLICATION

phase6_existing: 0049_seed_empty_tables.sql
SET
DO

phase6_existing: 0050_create_emergency_qr_tables.sql
SET
CREATE TABLE
CREATE TABLE
CREATE INDEX
CREATE INDEX
CREATE FUNCTION
CREATE TRIGGER
CREATE TRIGGER
ALTER TABLE
ALTER TABLE
CREATE POLICY
CREATE POLICY
CREATE POLICY
CREATE POLICY
ALTER TABLE
ALTER TABLE
DO
psql:C:/Users/User/barangayan/supabase/migrations/0050_create_emergency_qr_tables.sql:78: NOTICE:  identifier "Allow read access to emergency_qr_content for authenticated users" will be truncated to "Allow read access to emergency_qr_content for authenticated use"
psql:C:/Users/User/barangayan/supabase/migrations/0050_create_emergency_qr_tables.sql:84: NOTICE:  identifier "Allow read access to evacuation_center_qr_codes for authenticated users" will be truncated to "Allow read access to evacuation_center_qr_codes for authenticat"
psql:C:/Users/User/barangayan/supabase/migrations/0050_create_emergency_qr_tables.sql:112: NOTICE:  identifier "Allow full access to evacuation_center_qr_codes for barangay admins" will be truncated to "Allow full access to evacuation_center_qr_codes for barangay ad"

phase6_existing: 0051_waste_management.sql
SET
CREATE TABLE
CREATE TABLE
CREATE INDEX
CREATE INDEX
CREATE INDEX
CREATE FUNCTION
CREATE TRIGGER
CREATE TRIGGER
ALTER TABLE
ALTER TABLE
CREATE POLICY
CREATE POLICY
ALTER TABLE
ALTER TABLE
DO

phase6_existing: 0052_household_admin_management.sql
SET
DROP POLICY
CREATE POLICY
CREATE FUNCTION
CREATE FUNCTION
CREATE FUNCTION
CREATE FUNCTION
DROP TRIGGER
CREATE TRIGGER
DO
psql:C:/Users/User/barangayan/supabase/migrations/0052_household_admin_management.sql:14: NOTICE:  policy "admins manage barangay household members" for relation "public.household_members" does not exist, skipping
psql:C:/Users/User/barangayan/supabase/migrations/0052_household_admin_management.sql:191: NOTICE:  trigger "sync_household_members_from_jsonb" for relation "public.profiles" does not exist, skipping

phase6_existing: 0053_faq.sql
SET
CREATE TABLE
CREATE INDEX
CREATE INDEX
CREATE INDEX
CREATE INDEX
ALTER TABLE
CREATE POLICY
CREATE POLICY
CREATE FUNCTION
CREATE TRIGGER
ALTER TABLE
DO
DO

phase6_existing: 0054_barangay_settings.sql
SET
ALTER TABLE
DROP TRIGGER
CREATE TRIGGER
DROP POLICY
CREATE POLICY
DO
psql:C:/Users/User/barangayan/supabase/migrations/0054_barangay_settings.sql:16: NOTICE:  trigger "barangays_set_updated_at" for relation "public.barangays" does not exist, skipping
psql:C:/Users/User/barangayan/supabase/migrations/0054_barangay_settings.sql:25: NOTICE:  policy "admins can update barangay config in their barangay" for relation "public.barangays" does not exist, skipping

phase6_existing: 0055_grant_guest_read_access.sql
SET
DROP POLICY
CREATE POLICY
DROP POLICY
CREATE POLICY
DROP POLICY
CREATE POLICY
DROP POLICY
CREATE POLICY
psql:C:/Users/User/barangayan/supabase/migrations/0055_grant_guest_read_access.sql:26: NOTICE:  identifier "Allow read access to emergency_qr_content for authenticated users" will be truncated to "Allow read access to emergency_qr_content for authenticated use"
psql:C:/Users/User/barangayan/supabase/migrations/0055_grant_guest_read_access.sql:34: NOTICE:  identifier "Allow read access to evacuation_center_qr_codes for authenticated users" will be truncated to "Allow read access to evacuation_center_qr_codes for authenticat"

phase6_existing: 0056_admin_staff_management.sql
SET
ALTER TABLE
ALTER TABLE
DROP POLICY
DROP POLICY
CREATE POLICY
DROP POLICY
DROP POLICY
CREATE POLICY
CREATE FUNCTION
DROP TRIGGER
CREATE TRIGGER
psql:C:/Users/User/barangayan/supabase/migrations/0056_admin_staff_management.sql:25: NOTICE:  policy "admins can read admin and staff profiles in their barangay" for relation "public.profiles" does not exist, skipping
psql:C:/Users/User/barangayan/supabase/migrations/0056_admin_staff_management.sql:26: NOTICE:  policy "admins can read admin profiles in their barangay" for relation "public.profiles" does not exist, skipping
psql:C:/Users/User/barangayan/supabase/migrations/0056_admin_staff_management.sql:41: NOTICE:  policy "admins can update admin and staff profiles in their barangay" for relation "public.profiles" does not exist, skipping
psql:C:/Users/User/barangayan/supabase/migrations/0056_admin_staff_management.sql:42: NOTICE:  policy "admins can update admin profiles in their barangay" for relation "public.profiles" does not exist, skipping
psql:C:/Users/User/barangayan/supabase/migrations/0056_admin_staff_management.sql:78: NOTICE:  trigger "trg_guard_role_escalation" for relation "public.profiles" does not exist, skipping

phase6_existing: 0057_barangay_officials.sql
SET
CREATE TABLE
CREATE INDEX
ALTER TABLE
CREATE FUNCTION
DROP TRIGGER
CREATE TRIGGER
DROP POLICY
CREATE POLICY
DROP POLICY
CREATE POLICY
DROP POLICY
CREATE POLICY
DROP POLICY
CREATE POLICY
CREATE FUNCTION
DROP TRIGGER
CREATE TRIGGER
INSERT 0 0
psql:C:/Users/User/barangayan/supabase/migrations/0057_barangay_officials.sql:65: NOTICE:  trigger "trg_barangay_officials_updated_at" for relation "public.barangay_officials" does not exist, skipping
psql:C:/Users/User/barangayan/supabase/migrations/0057_barangay_officials.sql:75: NOTICE:  policy "admins read barangay officials in their barangay" for relation "public.barangay_officials" does not exist, skipping
psql:C:/Users/User/barangayan/supabase/migrations/0057_barangay_officials.sql:85: NOTICE:  policy "admins insert barangay officials in their barangay" for relation "public.barangay_officials" does not exist, skipping
psql:C:/Users/User/barangayan/supabase/migrations/0057_barangay_officials.sql:95: NOTICE:  policy "admins update barangay officials in their barangay" for relation "public.barangay_officials" does not exist, skipping
psql:C:/Users/User/barangayan/supabase/migrations/0057_barangay_officials.sql:109: NOTICE:  policy "admins delete barangay officials in their barangay" for relation "public.barangay_officials" does not exist, skipping
psql:C:/Users/User/barangayan/supabase/migrations/0057_barangay_officials.sql:153: NOTICE:  trigger "trg_sync_barangay_official" for relation "public.profiles" does not exist, skipping

phase6_existing: 0058_admin_audit_log.sql
SET
DROP VIEW
CREATE TABLE
CREATE INDEX
CREATE INDEX
ALTER TABLE
CREATE POLICY
CREATE POLICY
CREATE POLICY
ALTER PUBLICATION

phase6_existing: 0059_site_content_and_about_us.sql
SET
CREATE TABLE
CREATE INDEX
CREATE INDEX
CREATE TABLE
CREATE INDEX
CREATE INDEX
CREATE TABLE
CREATE INDEX
CREATE INDEX
CREATE TRIGGER
CREATE TRIGGER
CREATE TRIGGER
ALTER TABLE
ALTER TABLE
ALTER TABLE
CREATE POLICY
CREATE POLICY
CREATE POLICY
CREATE POLICY
CREATE POLICY
CREATE POLICY
CREATE POLICY
CREATE POLICY
CREATE POLICY
ALTER TABLE
ALTER TABLE
ALTER TABLE
DO
INSERT 0 0
INSERT 0 0

phase6_existing: 0060_storage_site_content.sql
SET
INSERT 0 1
CREATE POLICY
CREATE POLICY
CREATE POLICY
CREATE POLICY

phase6_existing: 0061_save_about_us_rpc.sql
SET
CREATE FUNCTION
GRANT

phase6_existing: 0062_seed_site_content_and_about_us.sql
SET
INSERT 0 0
INSERT 0 0
INSERT 0 0
DELETE 0
INSERT 0 0

phase6_existing: 0063_push_notifications.sql
SET
ALTER TABLE
COMMENT
CREATE TABLE
COMMENT
ALTER TABLE
CREATE POLICY
CREATE FUNCTION

phase6_existing: 0064_qrph_instant_payment_and_refunds.sql
SET
ALTER TABLE
ALTER TABLE
ALTER TABLE
ALTER TABLE
ALTER TABLE
CREATE FUNCTION
COMMENT
COMMENT
ALTER TABLE
COMMENT
ALTER TABLE
COMMENT
COMMENT

phase6_existing: 0065_qrph_payment_intents.sql
SET
ALTER TABLE
COMMENT
ALTER TABLE
COMMENT
DO
ALTER TABLE

phase6_existing: 0066_qrph_persistent_qr_and_resident_cancel.sql
SET
ALTER TABLE
CREATE FUNCTION
GRANT

phase6_existing: 0067_fix_household_members_uuid_sync.sql
SET
CREATE FUNCTION
COMMENT

phase6_existing: 0068_signup_birth_date.sql
SET
CREATE FUNCTION
COMMENT

phase6_existing: 0069_fix_emergency_information_tenant_leak.sql
SET
DROP POLICY
CREATE POLICY
CREATE POLICY

phase6_existing: 0070_waste_management_resident_read.sql
SET
CREATE POLICY
CREATE POLICY

phase6_existing: 0071_add_missing_fk_indexes.sql
SET
CREATE INDEX
CREATE INDEX
CREATE INDEX
CREATE INDEX
CREATE INDEX
CREATE INDEX
CREATE INDEX
CREATE INDEX
CREATE INDEX
CREATE INDEX
CREATE INDEX

phase6_existing: 0072_admin_register_for_drive.sql
SET
CREATE FUNCTION

phase6_existing: 0073_id_documents_private_again.sql
SET
UPDATE 1

phase6_existing: 0074_account_deletion.sql
SET
ALTER TABLE
COMMENT
CREATE INDEX
CREATE FUNCTION
COMMENT
DROP POLICY
CREATE POLICY
psql:C:/Users/User/barangayan/supabase/migrations/0074_account_deletion.sql:18: NOTICE:  column "deleted_at" of relation "profiles" already exists, skipping

phase6_existing: 0075_profile_theme_customization.sql
SET
ALTER TABLE

phase6_existing: 0076_placeholder.sql
SET

phase6_existing: 0077_waste_zone_cron_scoring.sql
SET
ALTER TABLE
CREATE INDEX
ALTER TABLE
COMMENT
CREATE FUNCTION
COMMENT
DO
DO
 recompute_waste_zone_scores 
-----------------------------
 
(1 row)

psql:C:/Users/User/barangayan/supabase/migrations/0077_waste_zone_cron_scoring.sql:96: NOTICE:  pg_cron extension unavailable in this environment — skipping scheduled job (recompute_waste_zone_scores() can still be called manually).

phase6_existing: 0078_registration_location_verification.sql
SET
ALTER TABLE
COMMENT
COMMENT
CREATE FUNCTION
COMMENT

phase6_existing: 0079_export_rate_limit.sql
SET
ALTER TABLE
COMMENT

phase6_existing: 0080_reports_unread_counts.sql
SET
ALTER TABLE
CREATE TABLE
ALTER TABLE
CREATE POLICY
ALTER PUBLICATION

phase6_existing: 0081_resident_profile_field_split.sql
SET
ALTER TABLE
COMMENT
COMMENT
COMMENT
COMMENT
COMMENT
COMMENT
COMMENT
COMMENT
COMMENT
COMMENT
CREATE FUNCTION
COMMENT
DROP TRIGGER
CREATE TRIGGER
CREATE FUNCTION
COMMENT
psql:C:/Users/User/barangayan/supabase/migrations/0081_resident_profile_field_split.sql:122: NOTICE:  trigger "compose_profiles_display_fields" for relation "public.profiles" does not exist, skipping

phase6_existing: 0082_remove_delivery_add_pickup.sql
SET
ALTER TABLE
ALTER TABLE
UPDATE 0
UPDATE 0
ALTER TABLE
ALTER TABLE
CREATE FUNCTION
DROP FUNCTION
CREATE FUNCTION
CREATE FUNCTION
DO
DO
UPDATE 0
UPDATE 0
ALTER TABLE
ALTER TABLE
CREATE FUNCTION
ALTER TABLE
ALTER TABLE
COMMENT

phase6_existing: 0083_incident_location_details.sql
SET
ALTER TABLE
COMMENT
COMMENT

phase6_existing: 0084_announcement_detailed_description.sql
SET
ALTER TABLE
COMMENT

phase6_existing: 0085_resident_mark_resolved_incident_read.sql
SET
CREATE POLICY

phase6_existing: 0086_about_us_logo_size.sql
SET
ALTER TABLE
CREATE FUNCTION
GRANT

phase6_existing: 0087_about_us_title.sql
SET
ALTER TABLE
CREATE FUNCTION
GRANT

phase6_existing: 0088_faq_articles_guest_read.sql
SET
CREATE POLICY

phase6_existing: 0089_id_verification_failed_status.sql
SET
ALTER TABLE
ALTER TABLE
COMMENT
CREATE FUNCTION
COMMENT

phase6_existing: 0090_location_verification.sql
SET
ALTER TABLE
COMMENT
COMMENT

phase6_existing: 0091_verified_location_address.sql
SET
ALTER TABLE
COMMENT

phase6_existing: 0092_drive_registrations_admin_update.sql
SET
CREATE POLICY

phase6_existing: 0093_resident_ios_backend_safety.sql
SET
CREATE FUNCTION
DROP TRIGGER
CREATE TRIGGER
CREATE FUNCTION
CREATE FUNCTION
CREATE FUNCTION
REVOKE
REVOKE
REVOKE
GRANT
GRANT
GRANT
DROP POLICY
CREATE POLICY
ALTER TABLE
CREATE INDEX
COMMENT

phase6_existing: 0094_resident_ios_tenant_write_guards.sql
SET
CREATE FUNCTION
DROP TRIGGER
CREATE TRIGGER
CREATE FUNCTION
DROP TRIGGER
CREATE TRIGGER
COMMENT
COMMENT
psql:C:/Users/User/barangayan/supabase/migrations/0094_resident_ios_tenant_write_guards.sql:32: NOTICE:  trigger "guard_drive_registration_tenant" for relation "public.drive_registrations" does not exist, skipping
psql:C:/Users/User/barangayan/supabase/migrations/0094_resident_ios_tenant_write_guards.sql:66: NOTICE:  trigger "guard_evacuation_checkin_tenant" for relation "public.evacuation_center_checkins" does not exist, skipping

phase6_existing: 0095_phase1_shared_foundations.sql
SET
BEGIN
CREATE SCHEMA
REVOKE
GRANT
CREATE TABLE
INSERT 0 0
ALTER TABLE
REVOKE
GRANT
CREATE POLICY
ALTER TABLE
CREATE TABLE
ALTER TABLE
REVOKE
GRANT
CREATE POLICY
ALTER TABLE
ALTER TABLE
CREATE INDEX
CREATE INDEX
CREATE INDEX
CREATE INDEX
CREATE INDEX
CREATE TABLE
CREATE INDEX
CREATE INDEX
CREATE INDEX
ALTER TABLE
REVOKE
GRANT
CREATE POLICY
CREATE TABLE
CREATE INDEX
ALTER TABLE
REVOKE
GRANT
CREATE POLICY
INSERT 0 1
CREATE POLICY
CREATE POLICY
CREATE POLICY
ALTER POLICY
ALTER POLICY
CREATE POLICY
CREATE FUNCTION
CREATE FUNCTION
CREATE FUNCTION
CREATE FUNCTION
CREATE FUNCTION
CREATE TRIGGER
CREATE FUNCTION
CREATE TRIGGER
CREATE FUNCTION
CREATE TRIGGER
DROP TRIGGER
CREATE TRIGGER
CREATE FUNCTION
CREATE FUNCTION
CREATE FUNCTION
CREATE FUNCTION
CREATE FUNCTION
CREATE FUNCTION
CREATE FUNCTION
CREATE FUNCTION
CREATE FUNCTION
CREATE TRIGGER
CREATE FUNCTION
CREATE FUNCTION
CREATE FUNCTION
CREATE FUNCTION
CREATE FUNCTION
CREATE FUNCTION
REVOKE
GRANT
REVOKE
GRANT
REVOKE
GRANT
GRANT
COMMENT
COMMENT
COMMENT
COMMIT

phase6_existing: Historical approvals and addresses
SET
INSERT 0 1
INSERT 0 2
INSERT 0 2
INSERT 0 2
INSERT 0 1
INSERT 0 2
 set_config 
------------
 true
(1 row)

UPDATE 1
UPDATE 1
INSERT 0 2
UPDATE 1
INSERT 0 1
INSERT 0 1
INSERT 0 1
INSERT 0 1
INSERT 0 3
INSERT 0 3
INSERT 0 4

phase6_existing: snapshot barangays
[{"id": "a2000000-0000-0000-0000-000000000001", "name": "Barangay Ampid I", "config": {}, "boundary": null, "created_at": "2026-10-04T10:22:36.123715+08:00", "updated_at": "2026-10-04T10:22:36.123715+08:00"}, {"id": "a3000000-0000-0000-0000-000000000001", "name": "Historical Other Tenant", "config": {"keep": "unchanged"}, "boundary": null, "created_at": "2026-10-04T10:22:36.06033+08:00", "updated_at": "2026-10-04T10:22:36.06033+08:00"}]

phase6_existing: snapshot profiles
[{"id": "b2000000-0000-0000-0000-000000000001", "sex": null, "city": null, "role": "resident", "email": null, "street": null, "suffix": null, "id_type": "Passport", "house_no": null, "province": null, "full_name": "Complete Legacy", "last_name": null, "avatar_url": null, "birth_date": null, "created_at": "2026-10-04T10:22:36.127405+08:00", "deleted_at": null, "first_name": null, "occupation": null, "updated_at": "2026-10-04T10:22:36.127405+08:00", "barangay_id": "a2000000-0000-0000-0000-000000000001", "middle_name": null, "accent_color": "#0F6E5B", "home_address": "Legacy free text retained exactly", "id_photo_urls": ["b2000000-0000-0000-0000-000000000001/id-front.jpg", "b2000000-0000-0000-0000-000000000001/id-back.jpg"], "mobile_number": null, "font_preference": "system", "theme_preference": "system", "email_verified_at": null, "employment_status": null, "household_members": [], "location_verified": null, "verified_location": null, "id_repair_required": false, "last_data_export_at": null, "custom_accent_colors": [], "location_verified_at": null, "profile_completed_at": null, "registration_location": null, "id_verification_status": "verified", "current_id_submission_id": null, "approved_id_submission_id": null, "email_verification_status": "unavailable", "verified_location_address": null, "push_notifications_enabled": true, "email_verification_requested_at": null}, {"id": "b2000000-0000-0000-0000-000000000002", "sex": null, "city": null, "role": "resident", "email": null, "street": null, "suffix": null, "id_type": "Passport", "house_no": null, "province": null, "full_name": "Missing Legacy", "last_name": null, "avatar_url": null, "birth_date": null, "created_at": "2026-10-04T10:22:36.127405+08:00", "deleted_at": null, "first_name": null, "occupation": null, "updated_at": "2026-10-04T10:22:36.127405+08:00", "barangay_id": "a2000000-0000-0000-0000-000000000001", "middle_name": null, "accent_color": "#0F6E5B", "home_address": "Another unsplittable address", "id_photo_urls": ["b2000000-0000-0000-0000-000000000002/missing-front.jpg", "b2000000-0000-0000-0000-000000000002/missing-back.jpg"], "mobile_number": null, "font_preference": "system", "theme_preference": "system", "email_verified_at": null, "employment_status": null, "household_members": [], "location_verified": null, "verified_location": null, "id_repair_required": false, "last_data_export_at": null, "custom_accent_colors": [], "location_verified_at": null, "profile_completed_at": null, "registration_location": null, "id_verification_status": "verified", "current_id_submission_id": null, "approved_id_submission_id": null, "email_verification_status": "unavailable", "verified_location_address": null, "push_notifications_enabled": true, "email_verification_requested_at": null}, {"id": "b2000000-0000-0000-0000-000000000003", "sex": null, "city": null, "role": "resident", "email": null, "street": null, "suffix": null, "id_type": "Passport", "house_no": null, "province": null, "full_name": "Pending Legacy", "last_name": null, "avatar_url": null, "birth_date": null, "created_at": "2026-10-04T10:22:36.127405+08:00", "deleted_at": null, "first_name": null, "occupation": null, "updated_at": "2026-10-04T10:22:36.127405+08:00", "barangay_id": "a2000000-0000-0000-0000-000000000001", "middle_name": null, "accent_color": "#0F6E5B", "home_address": "Pending free text", "id_photo_urls": ["b2000000-0000-0000-0000-000000000003/id-front.jpg", "b2000000-0000-0000-0000-000000000003/id-back.jpg"], "mobile_number": null, "font_preference": "system", "theme_preference": "system", "email_verified_at": null, "employment_status": null, "household_members": [], "location_verified": null, "verified_location": null, "id_repair_required": false, "last_data_export_at": null, "custom_accent_colors": [], "location_verified_at": null, "profile_completed_at": null, "registration_location": null, "id_verification_status": "pending", "current_id_submission_id": null, "approved_id_submission_id": null, "email_verification_status": "unavailable", "verified_location_address": null, "push_notifications_enabled": true, "email_verification_requested_at": null}, {"id": "b3000000-0000-0000-0000-000000000001", "sex": null, "city": null, "role": "resident", "email": null, "street": null, "suffix": null, "id_type": "Passport", "house_no": null, "province": null, "full_name": "Unsplit Historical Name", "last_name": null, "avatar_url": null, "birth_date": null, "created_at": "2026-10-04T10:22:36.066487+08:00", "deleted_at": null, "first_name": null, "occupation": null, "updated_at": "2026-10-04T10:22:36.066487+08:00", "barangay_id": "a3000000-0000-0000-0000-000000000001", "middle_name": null, "accent_color": "#0F6E5B", "home_address": "Unstructured address, preserved verbatim", "id_photo_urls": ["b3000000-0000-0000-0000-000000000001/old-front.jpg", "b3000000-0000-0000-0000-000000000001/old-back.jpg"], "mobile_number": null, "font_preference": "system", "theme_preference": "system", "email_verified_at": null, "employment_status": null, "household_members": [], "location_verified": null, "verified_location": null, "id_repair_required": false, "last_data_export_at": null, "custom_accent_colors": [], "location_verified_at": null, "profile_completed_at": null, "registration_location": null, "id_verification_status": "verified", "current_id_submission_id": null, "approved_id_submission_id": null, "email_verification_status": "unavailable", "verified_location_address": null, "push_notifications_enabled": true, "email_verification_requested_at": null}, {"id": "b3000000-0000-0000-0000-000000000002", "sex": null, "city": null, "role": "admin", "email": null, "street": null, "suffix": null, "id_type": null, "house_no": null, "province": null, "full_name": "Historical Administrator", "last_name": null, "avatar_url": null, "birth_date": null, "created_at": "2026-10-04T10:22:36.066487+08:00", "deleted_at": null, "first_name": null, "occupation": null, "updated_at": "2026-10-04T10:22:36.066487+08:00", "barangay_id": "a3000000-0000-0000-0000-000000000001", "middle_name": null, "accent_color": "#0F6E5B", "home_address": null, "id_photo_urls": [], "mobile_number": null, "font_preference": "system", "theme_preference": "system", "email_verified_at": null, "employment_status": null, "household_members": [], "location_verified": null, "verified_location": null, "id_repair_required": false, "last_data_export_at": null, "custom_accent_colors": [], "location_verified_at": null, "profile_completed_at": null, "registration_location": null, "id_verification_status": null, "current_id_submission_id": null, "approved_id_submission_id": null, "email_verification_status": "unavailable", "verified_location_address": null, "push_notifications_enabled": true, "email_verification_requested_at": null}]

phase6_existing: snapshot document_types
[{"id": "d3000000-0000-0000-0000-000000000001", "name": "Historical inactive service", "charter": null, "purposes": [], "is_active": false, "created_at": "2026-10-04T10:22:36.086581+08:00", "deleted_at": null, "barangay_id": "a3000000-0000-0000-0000-000000000001", "description": null, "fee_centavos": 12500, "pricing_mode": "fixed", "requirements": [], "service_kind": null, "contract_version": 1, "requirement_rules": {}, "processing_target_hours": 48, "processing_target_minutes": null}]

phase6_existing: snapshot service_requests
[{"id": "c3000000-0000-0000-0000-000000000001", "status": "completed", "ready_at": null, "fee_basis": null, "sla_state": "legacy", "created_at": "2024-01-01T08:00:00+08:00", "deleted_at": null, "updated_at": "2026-10-04T10:22:36.103135+08:00", "accepted_at": null, "barangay_id": "a3000000-0000-0000-0000-000000000001", "released_at": null, "resident_id": "b3000000-0000-0000-0000-000000000001", "cancelled_at": null, "purpose_code": null, "timing_model": "legacy_hours", "purpose_label": null, "billable_pages": null, "payment_method": null, "payment_status": "paid", "status_history": [{"at": "2026-10-04T10:22:36.0903+08:00", "note": "Request submitted", "status": "submitted"}, {"at": "2026-10-04T10:22:36.100229+08:00", "note": null, "status": "completed"}], "fee_assessed_at": null, "fee_assessed_by": null, "idempotency_key": null, "requester_notes": null, "contract_version": 1, "document_type_id": "d3000000-0000-0000-0000-000000000001", "id_document_path": null, "reference_number": "REQ-2026-00001", "submission_payload": null, "supporting_details": null, "purpose_explanation": null, "fee_assessment_state": "legacy", "pricing_mode_snapshot": null, "personal_appearance_at": null, "target_minutes_snapshot": null, "assessed_amount_centavos": null, "approved_id_submission_id": null, "requirements_review_state": "legacy", "personal_appearance_required": false}, {"id": "c3000000-0000-0000-0000-000000000002", "status": "cancelled", "ready_at": null, "fee_basis": null, "sla_state": "legacy", "created_at": "2024-02-01T08:00:00+08:00", "deleted_at": null, "updated_at": "2026-10-04T10:22:36.103135+08:00", "accepted_at": null, "barangay_id": "a3000000-0000-0000-0000-000000000001", "released_at": null, "resident_id": "b3000000-0000-0000-0000-000000000001", "cancelled_at": null, "purpose_code": null, "timing_model": "legacy_hours", "purpose_label": null, "billable_pages": null, "payment_method": null, "payment_status": "refunded", "status_history": [{"at": "2026-10-04T10:22:36.0903+08:00", "note": "Request submitted", "status": "submitted"}, {"at": "2026-10-04T10:22:36.10233+08:00", "note": null, "status": "cancelled"}], "fee_assessed_at": null, "fee_assessed_by": null, "idempotency_key": null, "requester_notes": null, "contract_version": 1, "document_type_id": "d3000000-0000-0000-0000-000000000001", "id_document_path": null, "reference_number": "REQ-2026-00002", "submission_payload": null, "supporting_details": null, "purpose_explanation": null, "fee_assessment_state": "legacy", "pricing_mode_snapshot": null, "personal_appearance_at": null, "target_minutes_snapshot": null, "assessed_amount_centavos": null, "approved_id_submission_id": null, "requirements_review_state": "legacy", "personal_appearance_required": false}]

phase6_existing: snapshot payments
[{"id": "e3000000-0000-0000-0000-000000000001", "method": "pickup", "status": "paid", "paid_at": null, "created_at": "2026-10-04T10:22:36.103135+08:00", "deleted_at": null, "expires_at": null, "updated_at": "2026-10-04T10:22:36.103135+08:00", "barangay_id": "a3000000-0000-0000-0000-000000000001", "refunded_at": null, "refunded_by": null, "collected_by": null, "qr_image_url": null, "refund_reason": null, "refund_status": "none", "amount_centavos": 12500, "qrph_creation_key": null, "paymongo_source_id": null, "service_request_id": "c3000000-0000-0000-0000-000000000001", "paymongo_payment_id": null, "refund_transfer_link": null, "document_fee_centavos": 12500, "refund_amount_centavos": null, "paymongo_payment_intent_id": null}, {"id": "e3000000-0000-0000-0000-000000000002", "method": "qrph", "status": "refunded", "paid_at": null, "created_at": "2026-10-04T10:22:36.103135+08:00", "deleted_at": null, "expires_at": null, "updated_at": "2026-10-04T10:22:36.103135+08:00", "barangay_id": "a3000000-0000-0000-0000-000000000001", "refunded_at": null, "refunded_by": null, "collected_by": null, "qr_image_url": null, "refund_reason": null, "refund_status": "none", "amount_centavos": 12500, "qrph_creation_key": null, "paymongo_source_id": null, "service_request_id": "c3000000-0000-0000-0000-000000000002", "paymongo_payment_id": null, "refund_transfer_link": null, "document_fee_centavos": 12500, "refund_amount_centavos": null, "paymongo_payment_intent_id": null}]

phase6_existing: snapshot drive_registrations
[{"id": "f3000000-0000-0000-0000-000000000002", "age": 70, "is_pwd": true, "status": "pending", "user_id": "b3000000-0000-0000-0000-000000000001", "drive_id": "f3000000-0000-0000-0000-000000000001", "created_at": "2026-10-04T10:22:36.116918+08:00", "updated_at": "2026-10-04T10:22:36.116918+08:00", "comorbidities": ["hypertension"], "priority_score": 90, "prior_dose_date": null, "applicant_number": "HIST-00001"}]

phase6_existing: snapshot household_members
[]

phase6_existing: 0096_phase2_trusted_evidence_locality.sql
SET
BEGIN
ALTER TABLE
DO
ALTER TABLE
DO
CREATE POLICY
CREATE POLICY
CREATE FUNCTION
REVOKE
CREATE TRIGGER
CREATE FUNCTION
UPDATE 3
CREATE FUNCTION
REVOKE
CREATE TRIGGER
CREATE FUNCTION
REVOKE
CREATE TRIGGER
COMMIT

phase6_existing: 0097_phase3_catalog_staff_workflows.sql
SET
BEGIN
ALTER TABLE
ALTER TABLE
UPDATE 0
ALTER TABLE
CREATE FUNCTION
CREATE FUNCTION
REVOKE
GRANT
CREATE FUNCTION
REVOKE
 configure_ampid_charter 
-------------------------
 
(1 row)

CREATE FUNCTION
CREATE FUNCTION
CREATE FUNCTION
CREATE INDEX
CREATE FUNCTION
REVOKE
CREATE TRIGGER
COMMIT

phase6_existing: 0098_phase4_resident_submission_payment.sql
SET
BEGIN
CREATE TABLE
ALTER TABLE
REVOKE
CREATE FUNCTION
CREATE FUNCTION
REVOKE
GRANT
CREATE FUNCTION
CREATE FUNCTION
CREATE FUNCTION
REVOKE
GRANT
CREATE FUNCTION
CREATE FUNCTION
COMMIT

phase6_existing: 0099_phase5_sla_engine_reporting.sql
SET
BEGIN
ALTER TABLE
CREATE FUNCTION
CREATE TRIGGER
CREATE FUNCTION
REVOKE
GRANT
CREATE FUNCTION
REVOKE
GRANT
CREATE TABLE
ALTER TABLE
REVOKE
GRANT
CREATE POLICY
CREATE FUNCTION
REVOKE
GRANT
CREATE FUNCTION
CREATE FUNCTION
REVOKE
GRANT
DO
REVOKE
COMMIT
psql:C:/Users/User/barangayan/supabase/migrations/0099_phase5_sla_engine_reporting.sql:122: NOTICE:  pg_cron unavailable: SLA requires an external once-per-minute SQL scheduler before release

phase6_existing: 0100_restore_admin_document_type_creation.sql
SET
BEGIN
DROP TRIGGER
DROP FUNCTION
COMMIT

phase6_existing: 0101_unified_document_type_charter_forms.sql
SET
BEGIN
ALTER TABLE
ALTER TABLE
DROP INDEX
CREATE INDEX
CREATE FUNCTION
CREATE FUNCTION
CREATE FUNCTION
REVOKE
CREATE TRIGGER
COMMENT
COMMENT
COMMIT

phase6_existing: 0102_phase6_registration_maps_auth.sql
SET
BEGIN
ALTER TABLE
CREATE FUNCTION
CREATE FUNCTION
CREATE FUNCTION
CREATE FUNCTION
CREATE TRIGGER
ALTER FUNCTION
CREATE FUNCTION
CREATE FUNCTION
REVOKE
REVOKE
GRANT
REVOKE
COMMIT

phase6_existing: snapshot barangays
[{"id": "a2000000-0000-0000-0000-000000000001", "name": "Barangay Ampid I", "config": {}, "boundary": null, "created_at": "2026-10-04T10:22:36.123715+08:00", "updated_at": "2026-10-04T10:22:36.123715+08:00"}, {"id": "a3000000-0000-0000-0000-000000000001", "name": "Historical Other Tenant", "config": {"keep": "unchanged"}, "boundary": null, "created_at": "2026-10-04T10:22:36.06033+08:00", "updated_at": "2026-10-04T10:22:36.06033+08:00"}]

phase6_existing: snapshot profiles
[{"id": "b2000000-0000-0000-0000-000000000001", "sex": null, "city": "San Mateo", "role": "resident", "email": null, "street": null, "suffix": null, "id_type": "Passport", "house_no": null, "province": "Rizal", "full_name": "Complete Legacy", "last_name": null, "avatar_url": null, "birth_date": null, "created_at": "2026-10-04T10:22:36.127405+08:00", "deleted_at": null, "first_name": null, "occupation": null, "updated_at": "2026-10-04T10:22:36.898775+08:00", "barangay_id": "a2000000-0000-0000-0000-000000000001", "middle_name": null, "accent_color": "#0F6E5B", "home_address": "Legacy free text retained exactly", "id_photo_urls": ["b2000000-0000-0000-0000-000000000001/id-front.jpg", "b2000000-0000-0000-0000-000000000001/id-back.jpg"], "mobile_number": null, "font_preference": "system", "theme_preference": "system", "email_verified_at": null, "employment_status": null, "household_members": [], "location_verified": null, "verified_location": null, "id_repair_required": false, "last_data_export_at": null, "custom_accent_colors": [], "location_verified_at": null, "profile_completed_at": null, "registration_location": null, "id_verification_status": "verified", "current_id_submission_id": "866057ac-38de-4a7c-93dc-0cdb107af531", "approved_id_submission_id": "866057ac-38de-4a7c-93dc-0cdb107af531", "email_verification_status": "unavailable", "verified_location_address": null, "push_notifications_enabled": true, "registration_home_location": null, "email_verification_requested_at": null}, {"id": "b2000000-0000-0000-0000-000000000002", "sex": null, "city": "San Mateo", "role": "resident", "email": null, "street": null, "suffix": null, "id_type": "Passport", "house_no": null, "province": "Rizal", "full_name": "Missing Legacy", "last_name": null, "avatar_url": null, "birth_date": null, "created_at": "2026-10-04T10:22:36.127405+08:00", "deleted_at": null, "first_name": null, "occupation": null, "updated_at": "2026-10-04T10:22:36.898775+08:00", "barangay_id": "a2000000-0000-0000-0000-000000000001", "middle_name": null, "accent_color": "#0F6E5B", "home_address": "Another unsplittable address", "id_photo_urls": ["b2000000-0000-0000-0000-000000000002/missing-front.jpg", "b2000000-0000-0000-0000-000000000002/missing-back.jpg"], "mobile_number": null, "font_preference": "system", "theme_preference": "system", "email_verified_at": null, "employment_status": null, "household_members": [], "location_verified": null, "verified_location": null, "id_repair_required": true, "last_data_export_at": null, "custom_accent_colors": [], "location_verified_at": null, "profile_completed_at": null, "registration_location": null, "id_verification_status": "verified", "current_id_submission_id": null, "approved_id_submission_id": null, "email_verification_status": "unavailable", "verified_location_address": null, "push_notifications_enabled": true, "registration_home_location": null, "email_verification_requested_at": null}, {"id": "b2000000-0000-0000-0000-000000000003", "sex": null, "city": "San Mateo", "role": "resident", "email": null, "street": null, "suffix": null, "id_type": "Passport", "house_no": null, "province": "Rizal", "full_name": "Pending Legacy", "last_name": null, "avatar_url": null, "birth_date": null, "created_at": "2026-10-04T10:22:36.127405+08:00", "deleted_at": null, "first_name": null, "occupation": null, "updated_at": "2026-10-04T10:22:36.898775+08:00", "barangay_id": "a2000000-0000-0000-0000-000000000001", "middle_name": null, "accent_color": "#0F6E5B", "home_address": "Pending free text", "id_photo_urls": ["b2000000-0000-0000-0000-000000000003/id-front.jpg", "b2000000-0000-0000-0000-000000000003/id-back.jpg"], "mobile_number": null, "font_preference": "system", "theme_preference": "system", "email_verified_at": null, "employment_status": null, "household_members": [], "location_verified": null, "verified_location": null, "id_repair_required": false, "last_data_export_at": null, "custom_accent_colors": [], "location_verified_at": null, "profile_completed_at": null, "registration_location": null, "id_verification_status": "pending", "current_id_submission_id": "4a60b1e6-c1f9-4c08-8908-37edd887fce0", "approved_id_submission_id": null, "email_verification_status": "unavailable", "verified_location_address": null, "push_notifications_enabled": true, "registration_home_location": null, "email_verification_requested_at": null}, {"id": "b3000000-0000-0000-0000-000000000001", "sex": null, "city": null, "role": "resident", "email": null, "street": null, "suffix": null, "id_type": "Passport", "house_no": null, "province": null, "full_name": "Unsplit Historical Name", "last_name": null, "avatar_url": null, "birth_date": null, "created_at": "2026-10-04T10:22:36.066487+08:00", "deleted_at": null, "first_name": null, "occupation": null, "updated_at": "2026-10-04T10:22:36.066487+08:00", "barangay_id": "a3000000-0000-0000-0000-000000000001", "middle_name": null, "accent_color": "#0F6E5B", "home_address": "Unstructured address, preserved verbatim", "id_photo_urls": ["b3000000-0000-0000-0000-000000000001/old-front.jpg", "b3000000-0000-0000-0000-000000000001/old-back.jpg"], "mobile_number": null, "font_preference": "system", "theme_preference": "system", "email_verified_at": null, "employment_status": null, "household_members": [], "location_verified": null, "verified_location": null, "id_repair_required": false, "last_data_export_at": null, "custom_accent_colors": [], "location_verified_at": null, "profile_completed_at": null, "registration_location": null, "id_verification_status": "verified", "current_id_submission_id": null, "approved_id_submission_id": null, "email_verification_status": "unavailable", "verified_location_address": null, "push_notifications_enabled": true, "registration_home_location": null, "email_verification_requested_at": null}, {"id": "b3000000-0000-0000-0000-000000000002", "sex": null, "city": null, "role": "admin", "email": null, "street": null, "suffix": null, "id_type": null, "house_no": null, "province": null, "full_name": "Historical Administrator", "last_name": null, "avatar_url": null, "birth_date": null, "created_at": "2026-10-04T10:22:36.066487+08:00", "deleted_at": null, "first_name": null, "occupation": null, "updated_at": "2026-10-04T10:22:36.066487+08:00", "barangay_id": "a3000000-0000-0000-0000-000000000001", "middle_name": null, "accent_color": "#0F6E5B", "home_address": null, "id_photo_urls": [], "mobile_number": null, "font_preference": "system", "theme_preference": "system", "email_verified_at": null, "employment_status": null, "household_members": [], "location_verified": null, "verified_location": null, "id_repair_required": false, "last_data_export_at": null, "custom_accent_colors": [], "location_verified_at": null, "profile_completed_at": null, "registration_location": null, "id_verification_status": null, "current_id_submission_id": null, "approved_id_submission_id": null, "email_verification_status": "unavailable", "verified_location_address": null, "push_notifications_enabled": true, "registration_home_location": null, "email_verification_requested_at": null}]

phase6_existing: snapshot document_types
[{"id": "41cca4f8-06fc-458d-95eb-8c837e4e8961", "name": "First Time Job Seeker", "charter": {"clientSteps": "1. Filling up of the Applied form\n2. Submit the required documents to the assigned clerk.\n3. Pay the required fees at the treasurers/cashiers office. Make sure to secure Official Receipt that will be issued upon payment.\n4. Return to the assigned clerk for the release of clearance/certification", "whoMayAvail": "RESIDENTS", "feesToBePaid": "₱100.00 / *NO FEES. Charter total: ₱100.00. The supplied page does not explain the distinction; staff must confirm the fee or applicable exemption before payment.", "agencyActions": "1. Take and check the filled up form\n2. Issue the order of payment if all documents were given\n3. Start processing the request.\n4. Issue the official receipt.\n5. Check the official receipt.\n6. Issue the Certificate or Clearance to the client.", "classification": "Simple", "officeDivision": "Treasurer's Office/Punong Barangay Office", "processingTime": "Grouped durations shown in the charter: 2 mins, 3 mins, 4 mins, 2 mins, 2 mins, 2 mins.\nTOTAL: 15 MINS. The source does not establish individual action/person assignments.", "transactionType": "G2C", "personResponsible": "Brgy. Treasurer\nBrgy. Clerk\nBrgy. Secretary/PB/Authorized Signing Official", "checklistOfRequirements": "1. VALID ID/HOA CERTIFICATE (6 MONTHS RESIDENCY)\n2. PERSONAL APPEARANCE\n3. FOR TRANSCIENTS/RENTERS – ENDORSEMENT FROM THE LESSOR", "whereToSecureRequirements": "TREASURER'S OFFICE/OFFICE OF THE PUNONG BARANGAY/SECRETARY"}, "purposes": [{"code": "first_employment", "label": "First employment application", "requiresExplanation": false}, {"code": "pre_employment", "label": "Pre-employment documentary requirements", "requiresExplanation": false}, {"code": "others", "label": "Others", "requiresExplanation": true}], "is_active": true, "created_at": "2026-10-04T10:22:37.037172+08:00", "deleted_at": null, "barangay_id": "a2000000-0000-0000-0000-000000000001", "description": "Certificate for residents seeking first employment. Staff confirm eligibility and the applicable exemption.", "fee_centavos": 0, "pricing_mode": "assessment", "requirements": ["Valid ID/HOA certificate (6 months residency)", "Personal appearance", "Lessor endorsement for transients/renters"], "service_kind": "first_time_job_seeker", "contract_version": 2, "requirement_rules": {"dtiRequired": false, "hoaRequired": false, "lessorForRenter": true, "personalAppearance": true}, "processing_target_hours": 24, "processing_target_minutes": 15}, {"id": "51cbdbbf-a242-435a-9b73-e98e61c094d6", "name": "Certificate of Indigency", "charter": {"clientSteps": "1. Filling up of the Applied form\n2. Submit the required documents to the assigned clerk.\n3. Pay the required fees at the treasurers/cashiers office. Make sure to secure Official Receipt that will be issued upon payment.\n4. Return to the assigned clerk for the release of clearance/certification", "whoMayAvail": "RESIDENTS", "feesToBePaid": "₱100.00 / *NO FEES. Charter total: ₱100.00. The supplied page does not explain the distinction; staff must confirm the fee or applicable exemption before payment.", "agencyActions": "1. Take and check the filled up form\n2. Issue the order of payment if all documents were given\n3. Start processing the request.\n4. Issue the official receipt.\n5. Check the official receipt.\n6. Issue the Certificate or Clearance to the client.", "classification": "Simple", "officeDivision": "Treasurer's Office/Punong Barangay Office", "processingTime": "Grouped durations shown in the charter: 2 mins, 3 mins, 4 mins, 2 mins, 2 mins, 2 mins.\nTOTAL: 15 MINS. The source does not establish individual action/person assignments.", "transactionType": "G2C", "personResponsible": "Brgy. Treasurer\nBrgy. Clerk\nBrgy. Secretary/PB/Authorized Signing Official", "checklistOfRequirements": "1. VALID ID/HOA CERTIFICATE (6 MONTHS RESIDENCY)\n2. PERSONAL APPEARANCE\n3. FOR TRANSCIENTS/RENTERS – ENDORSEMENT FROM THE LESSOR", "whereToSecureRequirements": "TREASURER'S OFFICE/OFFICE OF THE PUNONG BARANGAY/SECRETARY"}, "purposes": [{"code": "medical", "label": "Medical assistance", "requiresExplanation": false}, {"code": "education", "label": "Educational assistance", "requiresExplanation": false}, {"code": "burial", "label": "Burial/funeral assistance", "requiresExplanation": false}, {"code": "welfare", "label": "Financial or social welfare assistance", "requiresExplanation": false}, {"code": "others", "label": "Others", "requiresExplanation": true}], "is_active": true, "created_at": "2026-10-04T10:22:37.037172+08:00", "deleted_at": null, "barangay_id": "a2000000-0000-0000-0000-000000000001", "description": "Certificate for residents. Staff confirm eligibility, six-month residency and the applicable fee or exemption.", "fee_centavos": 0, "pricing_mode": "assessment", "requirements": ["Valid ID/HOA certificate (6 months residency)", "Personal appearance", "Lessor endorsement for transients/renters"], "service_kind": "indigency", "contract_version": 2, "requirement_rules": {"dtiRequired": false, "hoaRequired": false, "lessorForRenter": true, "personalAppearance": true}, "processing_target_hours": 24, "processing_target_minutes": 15}, {"id": "5b7c1f2f-e148-4b5a-99c3-3088b3c8e3c7", "name": "Reproduction or Photocopy of Barangay Records, Data, and Similar Documents (Certified True Copy)", "charter": {"clientSteps": "1. Filling up of the Applied form\n2. Pay the required fees at the treasurer's office. Make sure to secure Official Receipt that will be issued upon payment.\n3. Return to the assigned clerk for the release of clearance/certification", "whoMayAvail": "ALL", "feesToBePaid": "₱10.00 /page. TOTAL: ₱10.00 /PAGE. Staff confirm total billable pages across all requested copies.", "agencyActions": "1. Take and check the filled up form\n2. Issue the order of payment if all documents were given\n3. Start processing details.\n4. Issue the official receipt.\n5. Check the official receipt.\n6. Issue the documents needed by the client.", "classification": "Simple", "officeDivision": "Office of the Secretary/Treasurer's Office", "processingTime": "Grouped durations shown in the charter: 2 mins, 5 mins, 2 mins, 6 mins.\nTOTAL: 15 MINS. The source does not establish individual action/person assignments.", "transactionType": "G2C", "personResponsible": null, "checklistOfRequirements": "1. VALID ID\n3. PERSONAL APPEARANCE", "whereToSecureRequirements": "OFFICE OF THE PUNONG BARANGAY/SECRETARY"}, "purposes": [{"code": "government", "label": "Submission to a government office", "requiresExplanation": false}, {"code": "legal", "label": "Legal documentation", "requiresExplanation": false}, {"code": "reference", "label": "Official or administrative reference", "requiresExplanation": false}, {"code": "others", "label": "Others", "requiresExplanation": true}], "is_active": true, "created_at": "2026-10-04T10:22:37.037172+08:00", "deleted_at": null, "barangay_id": "a2000000-0000-0000-0000-000000000001", "description": "Certified copies of barangay records. ₱10 per total billable page confirmed by staff across all requested copies.", "fee_centavos": 1000, "pricing_mode": "per_page", "requirements": ["Verified valid ID", "Personal appearance"], "service_kind": "certified_true_copy", "contract_version": 2, "requirement_rules": {"dtiRequired": false, "hoaRequired": false, "lessorForRenter": false, "personalAppearance": true}, "processing_target_hours": 24, "processing_target_minutes": 15}, {"id": "6cfefa44-ae63-45f2-8b52-f6ed8163c7ff", "name": "Issuance of Barangay Clearance for Business Establishments", "charter": {"clientSteps": "1. Fill up the necessary and applicable form for your request document\n2. Submit the required documents to the assigned clerk.\n3. Pay the required fees at the treasurer's office. Make sure to secure Official Receipt that will be issued upon payment.\n4. Return to the assigned clerk for the release of clearance/certification", "whoMayAvail": "ALL", "feesToBePaid": "See Attached Tax Code (depends on the kind of transaction). The tax code is absent from the supplied PDF; staff assessment is required.", "agencyActions": "1. Give the Log Book to the Client.\n2. Issue the order of payment if all documents were given\n3. Start processing the request.\n4. Issue the official receipt.\n5. Check the official receipt.\n6. Issue the Certificate or Clearance to the client.", "classification": "Simple", "officeDivision": "Treasurer's Office", "processingTime": "Grouped durations shown in the charter: 2 mins, 3 mins, 4 mins, 2 mins, 2 mins, 2 mins.\nTOTAL: 15 MINS. The source does not establish individual action/person assignments.", "transactionType": "G2C", "personResponsible": "Brgy. Treasurer/Collecting staff\nBrgy. Clerk\nBrgy. Secretary/PB/Authorized Signing Official", "checklistOfRequirements": "1. DTI\n2. VALID ID\n3. PERSONAL APPEARANCE", "whereToSecureRequirements": "TREASURER'S OFFICE"}, "purposes": [{"code": "new_business", "label": "New business permit application", "requiresExplanation": false}, {"code": "renewal", "label": "Business permit renewal", "requiresExplanation": false}, {"code": "others", "label": "Others", "requiresExplanation": true}], "is_active": true, "created_at": "2026-10-04T10:22:37.037172+08:00", "deleted_at": null, "barangay_id": "a2000000-0000-0000-0000-000000000001", "description": "Clearance for business establishments. Staff assess fees using the applicable tax code.", "fee_centavos": 0, "pricing_mode": "assessment", "requirements": ["DTI", "Verified valid ID", "Personal appearance"], "service_kind": "business", "contract_version": 2, "requirement_rules": {"dtiRequired": true, "hoaRequired": false, "lessorForRenter": false, "personalAppearance": true}, "processing_target_hours": 24, "processing_target_minutes": 15}, {"id": "d3000000-0000-0000-0000-000000000001", "name": "Historical inactive service", "charter": null, "purposes": [], "is_active": false, "created_at": "2026-10-04T10:22:36.086581+08:00", "deleted_at": null, "barangay_id": "a3000000-0000-0000-0000-000000000001", "description": null, "fee_centavos": 12500, "pricing_mode": "fixed", "requirements": [], "service_kind": null, "contract_version": 1, "requirement_rules": {}, "processing_target_hours": 48, "processing_target_minutes": null}]

phase6_existing: snapshot service_requests
[{"id": "c3000000-0000-0000-0000-000000000001", "status": "completed", "ready_at": null, "fee_basis": null, "sla_state": "legacy", "created_at": "2024-01-01T08:00:00+08:00", "deleted_at": null, "updated_at": "2026-10-04T10:22:36.103135+08:00", "accepted_at": null, "barangay_id": "a3000000-0000-0000-0000-000000000001", "released_at": null, "resident_id": "b3000000-0000-0000-0000-000000000001", "cancelled_at": null, "purpose_code": null, "timing_model": "legacy_hours", "purpose_label": null, "billable_pages": null, "payment_method": null, "payment_status": "paid", "status_history": [{"at": "2026-10-04T10:22:36.0903+08:00", "note": "Request submitted", "status": "submitted"}, {"at": "2026-10-04T10:22:36.100229+08:00", "note": null, "status": "completed"}], "fee_assessed_at": null, "fee_assessed_by": null, "idempotency_key": null, "requester_notes": null, "contract_version": 1, "document_type_id": "d3000000-0000-0000-0000-000000000001", "id_document_path": null, "reference_number": "REQ-2026-00001", "eligibility_state": "pending", "submission_payload": null, "supporting_details": null, "legacy_fee_centavos": null, "purpose_explanation": null, "fee_assessment_state": "legacy", "pricing_mode_snapshot": null, "personal_appearance_at": null, "target_minutes_snapshot": null, "assessed_amount_centavos": null, "requirements_review_note": null, "requirements_reviewed_at": null, "requirements_reviewed_by": null, "approved_id_submission_id": null, "requirements_review_state": "legacy", "personal_appearance_required": false, "personal_appearance_recorded_by": null}, {"id": "c3000000-0000-0000-0000-000000000002", "status": "cancelled", "ready_at": null, "fee_basis": null, "sla_state": "legacy", "created_at": "2024-02-01T08:00:00+08:00", "deleted_at": null, "updated_at": "2026-10-04T10:22:36.103135+08:00", "accepted_at": null, "barangay_id": "a3000000-0000-0000-0000-000000000001", "released_at": null, "resident_id": "b3000000-0000-0000-0000-000000000001", "cancelled_at": null, "purpose_code": null, "timing_model": "legacy_hours", "purpose_label": null, "billable_pages": null, "payment_method": null, "payment_status": "refunded", "status_history": [{"at": "2026-10-04T10:22:36.0903+08:00", "note": "Request submitted", "status": "submitted"}, {"at": "2026-10-04T10:22:36.10233+08:00", "note": null, "status": "cancelled"}], "fee_assessed_at": null, "fee_assessed_by": null, "idempotency_key": null, "requester_notes": null, "contract_version": 1, "document_type_id": "d3000000-0000-0000-0000-000000000001", "id_document_path": null, "reference_number": "REQ-2026-00002", "eligibility_state": "pending", "submission_payload": null, "supporting_details": null, "legacy_fee_centavos": null, "purpose_explanation": null, "fee_assessment_state": "legacy", "pricing_mode_snapshot": null, "personal_appearance_at": null, "target_minutes_snapshot": null, "assessed_amount_centavos": null, "requirements_review_note": null, "requirements_reviewed_at": null, "requirements_reviewed_by": null, "approved_id_submission_id": null, "requirements_review_state": "legacy", "personal_appearance_required": false, "personal_appearance_recorded_by": null}]

phase6_existing: snapshot payments
[{"id": "e3000000-0000-0000-0000-000000000001", "method": "pickup", "status": "paid", "paid_at": null, "created_at": "2026-10-04T10:22:36.103135+08:00", "deleted_at": null, "expires_at": null, "updated_at": "2026-10-04T10:22:36.103135+08:00", "barangay_id": "a3000000-0000-0000-0000-000000000001", "refunded_at": null, "refunded_by": null, "collected_by": null, "qr_image_url": null, "refund_reason": null, "refund_status": "none", "amount_centavos": 12500, "qrph_creation_key": null, "paymongo_source_id": null, "service_request_id": "c3000000-0000-0000-0000-000000000001", "paymongo_payment_id": null, "refund_transfer_link": null, "document_fee_centavos": 12500, "refund_amount_centavos": null, "paymongo_payment_intent_id": null}, {"id": "e3000000-0000-0000-0000-000000000002", "method": "qrph", "status": "refunded", "paid_at": null, "created_at": "2026-10-04T10:22:36.103135+08:00", "deleted_at": null, "expires_at": null, "updated_at": "2026-10-04T10:22:36.103135+08:00", "barangay_id": "a3000000-0000-0000-0000-000000000001", "refunded_at": null, "refunded_by": null, "collected_by": null, "qr_image_url": null, "refund_reason": null, "refund_status": "none", "amount_centavos": 12500, "qrph_creation_key": null, "paymongo_source_id": null, "service_request_id": "c3000000-0000-0000-0000-000000000002", "paymongo_payment_id": null, "refund_transfer_link": null, "document_fee_centavos": 12500, "refund_amount_centavos": null, "paymongo_payment_intent_id": null}]

phase6_existing: snapshot drive_registrations
[{"id": "f3000000-0000-0000-0000-000000000002", "age": 70, "is_pwd": true, "status": "pending", "user_id": "b3000000-0000-0000-0000-000000000001", "drive_id": "f3000000-0000-0000-0000-000000000001", "created_at": "2026-10-04T10:22:36.116918+08:00", "updated_at": "2026-10-04T10:22:36.116918+08:00", "comorbidities": ["hypertension"], "priority_score": 90, "prior_dose_date": null, "applicant_number": "HIST-00001"}]

phase6_existing: snapshot household_members
[]

