
> @barangayan/web@0.1.0 build
> next build

▲ Next.js 16.3.0 (Turbopack)
- Environments: .env.local
✓ Running next.config.ts took 77ms
⚠ No build cache found. Please configure build caching for faster rebuilds. Read more: https://nextjs.org/docs/messages/no-cache

  Creating an optimized production build ...
✓ Compiled successfully in 7.7s
  Running TypeScript ...
  Finished TypeScript in 13.2s ...
  Collecting page data using 31 workers ...
  Generating static pages using 31 workers (0/38) ...
  Generating static pages using 31 workers (9/38) 
  Generating static pages using 31 workers (18/38) 
  Generating static pages using 31 workers (28/38) 
✓ Generating static pages using 31 workers (38/38) in 835ms
  Finalizing page optimization ...

Route (app)
┌ ○ /
├ ○ /_not-found
├ ƒ /about-us
├ ƒ /announcements
├ ƒ /api/admin/residents
├ ƒ /api/admin/staff/invite
├ ○ /apple-icon.png
├ ƒ /dashboard
├ ƒ /emergency-qr
├ ƒ /evacuation-centers
├ ƒ /faq
├ ○ /forgot-password
├ ƒ /health
├ ƒ /health/applicants
├ ƒ /households-residents
├ ƒ /hub
├ ○ /icon.png
├ ƒ /incident-map
├ ƒ /incident-reports
├ ○ /login
├ ƒ /requests
├ ƒ /requests/[requestId]
├ ○ /reset-password
├ ƒ /resident
├ ƒ /resident/profile
├ ƒ /resident/reports
├ ƒ /resident/reports/new
├ ƒ /resident/requests
├ ƒ /resident/requests/[requestId]
├ ƒ /resident/requests/new
├ ƒ /residents
├ ƒ /services
├ ƒ /services/sla
├ ƒ /settings
├ ƒ /staff
├ ƒ /terms-privacy
├ ƒ /theme
├ ƒ /transactions
└ ƒ /waste-management


ƒ Proxy (Middleware)

○  (Static)   prerendered as static content
ƒ  (Dynamic)  server-rendered on demand

