
> lint
> expo lint


C:\Users\User\barangayan\.kilo\worktrees\inquisitive-meadow\apps\admin-web\src\actions\admin-audit-actions.ts
  3:44  error  Unable to resolve path to module '@/lib/supabase/server'  import/no-unresolved

C:\Users\User\barangayan\.kilo\worktrees\inquisitive-meadow\apps\admin-web\src\app\(admin)\about-us\about-us-form.tsx
    9:32  error  Unable to resolve path to module '@/actions/admin-audit-actions'                import/no-unresolved
   10:26  error  Unable to resolve path to module '@/components/ui/toast'                        import/no-unresolved
   11:45  error  Unable to resolve path to module '@/lib/supabase/client'                        import/no-unresolved
   12:38  error  Unable to resolve path to module '@/components/loading/loading-button-content'  import/no-unresolved
  311:13  error  Definition for rule '@next/next/no-img-element' was not found                   @next/next/no-img-element
  346:17  error  Definition for rule '@next/next/no-img-element' was not found                   @next/next/no-img-element
  448:23  error  Definition for rule '@next/next/no-img-element' was not found                   @next/next/no-img-element

C:\Users\User\barangayan\.kilo\worktrees\inquisitive-meadow\apps\admin-web\src\app\(admin)\about-us\page.tsx
  1:44  error  Unable to resolve path to module '@/lib/supabase/server'  import/no-unresolved

C:\Users\User\barangayan\.kilo\worktrees\inquisitive-meadow\apps\admin-web\src\app\(admin)\announcements\announcement-form.tsx
   7:32  error  Unable to resolve path to module '@/actions/admin-audit-actions'                import/no-unresolved
   8:26  error  Unable to resolve path to module '@/components/ui/toast'                        import/no-unresolved
   9:45  error  Unable to resolve path to module '@/lib/supabase/client'                        import/no-unresolved
  10:38  error  Unable to resolve path to module '@/components/loading/loading-button-content'  import/no-unresolved

C:\Users\User\barangayan\.kilo\worktrees\inquisitive-meadow\apps\admin-web\src\app\(admin)\announcements\announcement-row.tsx
   7:32  error  Unable to resolve path to module '@/actions/admin-audit-actions'                import/no-unresolved
   8:31  error  Unable to resolve path to module '@/components/admin/confirm-button'            import/no-unresolved
   9:26  error  Unable to resolve path to module '@/components/ui/toast'                        import/no-unresolved
  10:45  error  Unable to resolve path to module '@/lib/supabase/client'                        import/no-unresolved
  11:38  error  Unable to resolve path to module '@/components/loading/loading-button-content'  import/no-unresolved

C:\Users\User\barangayan\.kilo\worktrees\inquisitive-meadow\apps\admin-web\src\app\(admin)\announcements\page.tsx
  1:44  error  Unable to resolve path to module '@/lib/supabase/server'  import/no-unresolved

C:\Users\User\barangayan\.kilo\worktrees\inquisitive-meadow\apps\admin-web\src\app\(admin)\dashboard\loading.tsx
  1:30  error  Unable to resolve path to module '@/components/loading/page-skeleton'  import/no-unresolved

C:\Users\User\barangayan\.kilo\worktrees\inquisitive-meadow\apps\admin-web\src\app\(admin)\dashboard\page.tsx
  12:27  error  Unable to resolve path to module '@/components/admin/data-table'   import/no-unresolved
  13:28  error  Unable to resolve path to module '@/components/admin/status-pill'  import/no-unresolved
  14:44  error  Unable to resolve path to module '@/lib/supabase/server'           import/no-unresolved

C:\Users\User\barangayan\.kilo\worktrees\inquisitive-meadow\apps\admin-web\src\app\(admin)\emergency-qr\client-wrapper.tsx
  4:45  error  Unable to resolve path to module '@/lib/supabase/client'  import/no-unresolved

C:\Users\User\barangayan\.kilo\worktrees\inquisitive-meadow\apps\admin-web\src\app\(admin)\emergency-qr\loading.tsx
  1:30  error  Unable to resolve path to module '@/components/loading/page-skeleton'  import/no-unresolved

C:\Users\User\barangayan\.kilo\worktrees\inquisitive-meadow\apps\admin-web\src\app\(admin)\emergency-qr\page.tsx
  1:44  error  Unable to resolve path to module '@/lib/supabase/server'  import/no-unresolved

C:\Users\User\barangayan\.kilo\worktrees\inquisitive-meadow\apps\admin-web\src\app\(admin)\emergency-qr\qr-code-display.tsx
  5:32  error  Unable to resolve path to module '@/actions/admin-audit-actions'  import/no-unresolved
  6:45  error  Unable to resolve path to module '@/lib/supabase/client'          import/no-unresolved
  8:26  error  Unable to resolve path to module '@/components/ui/toast'          import/no-unresolved

C:\Users\User\barangayan\.kilo\worktrees\inquisitive-meadow\apps\admin-web\src\app\(admin)\emergency-qr\qr-codes-tab.tsx
  4:32  error  Unable to resolve path to module '@/actions/admin-audit-actions'  import/no-unresolved
  5:45  error  Unable to resolve path to module '@/lib/supabase/client'          import/no-unresolved
  7:26  error  Unable to resolve path to module '@/components/ui/toast'          import/no-unresolved

C:\Users\User\barangayan\.kilo\worktrees\inquisitive-meadow\apps\admin-web\src\app\(admin)\emergency-qr\qr-instructions-modal.tsx
   5:29  error  Unable to resolve path to module '@hookform/resolvers/zod'                      import/no-unresolved
   6:32  error  Unable to resolve path to module '@/actions/admin-audit-actions'                import/no-unresolved
   7:45  error  Unable to resolve path to module '@/lib/supabase/client'                        import/no-unresolved
   8:26  error  Unable to resolve path to module '@/components/ui/toast'                        import/no-unresolved
  11:38  error  Unable to resolve path to module '@/components/loading/loading-button-content'  import/no-unresolved

C:\Users\User\barangayan\.kilo\worktrees\inquisitive-meadow\apps\admin-web\src\app\(admin)\emergency-qr\qr-instructions-tab.tsx
  4:32  error  Unable to resolve path to module '@/actions/admin-audit-actions'  import/no-unresolved
  5:45  error  Unable to resolve path to module '@/lib/supabase/client'          import/no-unresolved
  7:26  error  Unable to resolve path to module '@/components/ui/toast'          import/no-unresolved

C:\Users\User\barangayan\.kilo\worktrees\inquisitive-meadow\apps\admin-web\src\app\(admin)\evacuation-centers\evacuation-center-form.tsx
   7:32  error  Unable to resolve path to module '@/actions/admin-audit-actions'                import/no-unresolved
   8:26  error  Unable to resolve path to module '@/components/ui/toast'                        import/no-unresolved
   9:45  error  Unable to resolve path to module '@/lib/supabase/client'                        import/no-unresolved
  10:38  error  Unable to resolve path to module '@/components/loading/loading-button-content'  import/no-unresolved

C:\Users\User\barangayan\.kilo\worktrees\inquisitive-meadow\apps\admin-web\src\app\(admin)\evacuation-centers\evacuation-center-row.tsx
   7:32  error  Unable to resolve path to module '@/actions/admin-audit-actions'                import/no-unresolved
   8:31  error  Unable to resolve path to module '@/components/admin/confirm-button'            import/no-unresolved
   9:26  error  Unable to resolve path to module '@/components/ui/toast'                        import/no-unresolved
  10:45  error  Unable to resolve path to module '@/lib/supabase/client'                        import/no-unresolved
  11:38  error  Unable to resolve path to module '@/components/loading/loading-button-content'  import/no-unresolved

C:\Users\User\barangayan\.kilo\worktrees\inquisitive-meadow\apps\admin-web\src\app\(admin)\evacuation-centers\page.tsx
  1:44  error  Unable to resolve path to module '@/lib/supabase/server'  import/no-unresolved

C:\Users\User\barangayan\.kilo\worktrees\inquisitive-meadow\apps\admin-web\src\app\(admin)\faq\faq-form.tsx
   7:32  error  Unable to resolve path to module '@/actions/admin-audit-actions'                import/no-unresolved
   8:26  error  Unabl
[Complete captured bytes in root-lint.log.gz; this attempt was interrupted by ENOBUFS and is not full lint execution output.]
                                                   no-var
   6674:17   error    Unexpected var, use let or const instead                                                                                                                                                                                                                        no-var
   6674:122  warning  Expected an assignment or function call and instead saw an expression                                                                                                                                                                                           no-unused-expressions
   6676:89   warning  Expected an assignment or function call and instead saw an expression                                                                                                                                                                                           no-unused-expressions
   6680:17   error    Unexpected var, use let or const instead                                                                                                                                                                                                                        no-var
   6680:66   warning  Expected an assignment or function call and instead saw an expression                                                                                                                                                                                           no-unused-expressions
   6683:89   warning  Expected an assignment or function call and instead saw an expression                                                                                                                                                                                           no-unused-expressions
   6689:9    error    Unexpected var, use let or const instead                                                                                                                                                                                                                        no-var
   6711:17   warning  Expected an assignment or function call and instead saw an expression                                                                                                                                                                                           no-unused-expressions
   6712:65   warning  Expected an assignment or function call and instead saw an expression                                                                                                                                                                                           no-unused-expressions
   6716:17   error    Unexpected var, use let or const instead                                                                                                                                                                                                                        no-var
   6717:17   warning  Expected an assignment or function call and instead saw an expression                                                                                                                                                                                           no-unused-expressions
   6732:21   warning  Expected an assignment or function call and instead saw an expression                                                                                                                                                                                           no-unused-expressions
   6748:21   error    Unexpected var, use let or const instead                                                                                                                                                                                                                        no-var
   6772:41   warning  Expected an assignment or function call and instead saw an expression                                                                                                                                                                                           no-unused-expressions
   6780:41   warning  Expected an assignment or function call and instead saw an expression                                                                                                                                                                                           no-unused-expressions
   6783:41   warning  Expected an assignment or function call and instead saw an expression                                                                                                                                                                                           no-unused-expressions
   6840:33   warning  Expected an assignment or function call and instead saw an expression                                                                                                                                                                                           no-unused-expressions
   68(node:51240) ESLintEnvWarning: /* eslint-env */ comments are no longer recognized when linting with flat config and will be reported as errors as of v10.0.0. Replace them with /* global */ comments or define globals in your config file. See https://eslint.org/docs/latest/use/configure/migration-guide#eslint-env-configuration-comments for details. Found in C:\Users\User\barangayan\apps\admin-web\.next\dev\server\chunks\ssr\node_modules_1kgw8nq._.js at line 2575.
(Use `node --trace-warnings ...` to show where the warning was created)
(node:51240) ESLintEnvWarning: /* eslint-env */ comments are no longer recognized when linting with flat config and will be reported as errors as of v10.0.0. Replace them with /* global */ comments or define globals in your config file. See https://eslint.org/docs/latest/use/configure/migration-guide#eslint-env-configuration-comments for details. Found in C:\Users\User\barangayan\apps\admin-web\.next\dev\static\chunks\node_modules_1bg5hdq._.js at line 437.
(node:51240) ESLintEnvWarning: /* eslint-env */ comments are no longer recognized when linting with flat config and will be reported as errors as of v10.0.0. Replace them with /* global */ comments or define globals in your config file. See https://eslint.org/docs/latest/use/configure/migration-guide#eslint-env-configuration-comments for details. Found in C:\Users\User\barangayan\apps\resident-web\.next\dev\server\chunks\ssr\node_modules_01_-5o1._.js at line 2575.
(node:51240) ESLintEnvWarning: /* eslint-env */ comments are no longer recognized when linting with flat config and will be reported as errors as of v10.0.0. Replace them with /* global */ comments or define globals in your config file. See https://eslint.org/docs/latest/use/configure/migration-guide#eslint-env-configuration-comments for details. Found in C:\Users\User\barangayan\apps\resident-web\.next\dev\server\chunks\ssr\node_modules_0jrx78l._.js at line 2575.
(node:51240) ESLintEnvWarning: /* eslint-env */ comments are no longer recognized when linting with flat config and will be reported as errors as of v10.0.0. Replace them with /* global */ comments or define globals in your config file. See https://eslint.org/docs/latest/use/configure/migration-guide#eslint-env-configuration-comments for details. Found in C:\Users\User\barangayan\apps\resident-web\.next\dev\static\chunks\node_modules_04otmmw._.js at line 437.
(node:51240) ESLintEnvWarning: /* eslint-env */ comments are no longer recognized when linting with flat config and will be reported as errors as of v10.0.0. Replace them with /* global */ comments or define globals in your config file. See https://eslint.org/docs/latest/use/configure/migration-guide#eslint-env-configuration-comments for details. Found in C:\Users\User\barangayan\apps\resident-web\.next\dev\static\chunks\node_modules_11fq1vo._.js at line 437.

spawnSync C:\WINDOWS\system32\cmd.exe ENOBUFS
