Get:1 http://security.ubuntu.com/ubuntu noble-security InRelease [126 kB]
Hit:2 http://archive.ubuntu.com/ubuntu noble InRelease
Get:3 http://archive.ubuntu.com/ubuntu noble-updates InRelease [126 kB]
Get:4 http://security.ubuntu.com/ubuntu noble-security/main amd64 Packages [1069 kB]
Get:5 http://archive.ubuntu.com/ubuntu noble-backports InRelease [126 kB]
Get:6 http://archive.ubuntu.com/ubuntu noble/universe amd64 Packages [15.0 MB]
Get:7 http://security.ubuntu.com/ubuntu noble-security/main Translation-en [221 kB]
Get:8 http://security.ubuntu.com/ubuntu noble-security/main amd64 Components [46.4 kB]
Get:9 http://security.ubuntu.com/ubuntu noble-security/universe amd64 Packages [1216 kB]
Get:10 http://archive.ubuntu.com/ubuntu noble/universe Translation-en [5982 kB]
Get:11 http://archive.ubuntu.com/ubuntu noble/universe amd64 Components [3871 kB]
Get:12 http://archive.ubuntu.com/ubuntu noble/universe amd64 c-n-f Metadata [301 kB]
Get:13 http://security.ubuntu.com/ubuntu noble-security/universe Translation-en [244 kB]
Get:14 http://archive.ubuntu.com/ubuntu noble/multiverse amd64 Packages [269 kB]
Get:15 http://security.ubuntu.com/ubuntu noble-security/universe amd64 Components [76.3 kB]
Get:16 http://archive.ubuntu.com/ubuntu noble/multiverse Translation-en [118 kB]
Get:17 http://security.ubuntu.com/ubuntu noble-security/universe amd64 c-n-f Metadata [24.2 kB]
Get:18 http://archive.ubuntu.com/ubuntu noble/multiverse amd64 Components [35.0 kB]
Get:19 http://security.ubuntu.com/ubuntu noble-security/restricted amd64 Packages [1566 kB]
Get:20 http://archive.ubuntu.com/ubuntu noble/multiverse amd64 c-n-f Metadata [8328 B]
Get:21 http://archive.ubuntu.com/ubuntu noble-updates/main amd64 Packages [1359 kB]
Get:22 http://archive.ubuntu.com/ubuntu noble-updates/main Translation-en [303 kB]
Get:23 http://security.ubuntu.com/ubuntu noble-security/restricted Translation-en [361 kB]
Get:24 http://archive.ubuntu.com/ubuntu noble-updates/main amd64 Components [181 kB]
Get:25 http://security.ubuntu.com/ubuntu noble-security/multiverse amd64 Packages [40.3 kB]
Get:26 http://archive.ubuntu.com/ubuntu noble-updates/universe amd64 Packages [1699 kB]
Get:27 http://security.ubuntu.com/ubuntu noble-security/multiverse Translation-en [11.3 kB]
Get:28 http://security.ubuntu.com/ubuntu noble-security/multiverse amd64 Components [208 B]
Get:29 http://security.ubuntu.com/ubuntu noble-security/multiverse amd64 c-n-f Metadata [468 B]
Get:30 http://archive.ubuntu.com/ubuntu noble-updates/universe Translation-en [341 kB]
Get:31 http://archive.ubuntu.com/ubuntu noble-updates/universe amd64 Components [388 kB]
Get:32 http://archive.ubuntu.com/ubuntu noble-updates/universe amd64 c-n-f Metadata [34.9 kB]
Get:33 http://archive.ubuntu.com/ubuntu noble-updates/restricted amd64 Packages [1717 kB]
Get:34 http://archive.ubuntu.com/ubuntu noble-updates/restricted Translation-en [393 kB]
Get:35 http://archive.ubuntu.com/ubuntu noble-updates/multiverse amd64 Packages [45.7 kB]
Get:36 http://archive.ubuntu.com/ubuntu noble-updates/multiverse Translation-en [13.1 kB]
Get:37 http://archive.ubuntu.com/ubuntu noble-updates/multiverse amd64 Components [940 B]
Get:38 http://archive.ubuntu.com/ubuntu noble-updates/multiverse amd64 c-n-f Metadata [656 B]
Get:39 http://archive.ubuntu.com/ubuntu noble-backports/main amd64 Packages [40.6 kB]
Get:40 http://archive.ubuntu.com/ubuntu noble-backports/main Translation-en [9172 B]
Get:41 http://archive.ubuntu.com/ubuntu noble-backports/main amd64 Components [5760 B]
Get:42 http://archive.ubuntu.com/ubuntu noble-backports/main amd64 c-n-f Metadata [368 B]
Get:43 http://archive.ubuntu.com/ubuntu noble-backports/universe amd64 Packages [31.0 kB]
Get:44 http://archive.ubuntu.com/ubuntu noble-backports/universe Translation-en [18.6 kB]
Get:45 http://archive.ubuntu.com/ubuntu noble-backports/universe amd64 Components [12.6 kB]
Get:46 http://archive.ubuntu.com/ubuntu noble-backports/universe amd64 c-n-f Metadata [1588 B]
Get:47 http://archive.ubuntu.com/ubuntu noble-backports/restricted amd64 Components [212 B]
Get:48 http://archive.ubuntu.com/ubuntu noble-backports/restricted amd64 c-n-f Metadata [116 B]
Get:49 http://archive.ubuntu.com/ubuntu noble-backports/multiverse amd64 Packages [748 B]
Get:50 http://archive.ubuntu.com/ubuntu noble-backports/multiverse Translation-en [340 B]
Get:51 http://archive.ubuntu.com/ubuntu noble-backports/multiverse amd64 Components [212 B]
Get:52 http://archive.ubuntu.com/ubuntu noble-backports/multiverse amd64 c-n-f Metadata [116 B]
Fetched 37.5 MB in 1min 5s (574 kB/s)
Reading package lists...
Reading package lists...
Building dependency tree...
Reading state information...
ca-certificates is already the newest version (20260601~24.04.1).
ca-certificates set to manually installed.
The following additional packages will be installed:
  libcurl3t64-gnutls libcurl4t64
The following packages will be upgraded:
  curl libcurl3t64-gnutls libcurl4t64
3 upgraded, 0 newly installed, 0 to remove and 49 not upgraded.
Need to get 906 kB of archives.
After this operation, 0 B of additional disk space will be used.
Get:1 http://archive.ubuntu.com/ubuntu noble-updates/main amd64 curl amd64 8.5.0-2ubuntu10.15 [227 kB]
Get:2 http://archive.ubuntu.com/ubuntu noble-updates/main amd64 libcurl4t64 amd64 8.5.0-2ubuntu10.15 [343 kB]
Get:3 http://archive.ubuntu.com/ubuntu noble-updates/main amd64 libcurl3t64-gnutls amd64 8.5.0-2ubuntu10.15 [336 kB]
Fetched 906 kB in 6s (154 kB/s)
(Reading database ... 
(Reading database ... 5%
(Reading database ... 10%
(Reading database ... 15%
(Reading database ... 20%
(Reading database ... 25%
(Reading database ... 30%
(Reading database ... 35%
(Reading database ... 40%
(Reading database ... 45%
(Reading database ... 50%
(Reading database ... 55%
(Reading database ... 60%
(Reading database ... 65%
(Reading database ... 70%
(Reading database ... 75%
(Reading database ... 80%
(Reading database ... 85%
(Reading database ... 90%
(Reading database ... 95%
(Reading database ... 100%
(Reading database ... 40785 files and directories currently installed.)
Preparing to unpack .../curl_8.5.0-2ubuntu10.15_amd64.deb ...
Unpacking curl (8.5.0-2ubuntu10.15) over (8.5.0-2ubuntu10.13) ...
Preparing to unpack .../libcurl4t64_8.5.0-2ubuntu10.15_amd64.deb ...
Unpacking libcurl4t64:amd64 (8.5.0-2ubuntu10.15) over (8.5.0-2ubuntu10.13) ...
Preparing to unpack .../libcurl3t64-gnutls_8.5.0-2ubuntu10.15_amd64.deb ...
Unpacking libcurl3t64-gnutls:amd64 (8.5.0-2ubuntu10.15) over (8.5.0-2ubuntu10.13) ...
Setting up libcurl4t64:amd64 (8.5.0-2ubuntu10.15) ...
Setting up libcurl3t64-gnutls:amd64 (8.5.0-2ubuntu10.15) ...
Setting up curl (8.5.0-2ubuntu10.15) ...
Processing triggers for man-db (2.12.0-4build2) ...
Processing triggers for libc-bin (2.39-0ubuntu8.8) ...
Hit:1 http://security.ubuntu.com/ubuntu noble-security InRelease
Hit:2 http://archive.ubuntu.com/ubuntu noble InRelease
Hit:3 http://archive.ubuntu.com/ubuntu noble-updates InRelease
Get:4 https://download.docker.com/linux/ubuntu noble InRelease [48.5 kB]
Hit:5 http://archive.ubuntu.com/ubuntu noble-backports InRelease
Get:6 https://download.docker.com/linux/ubuntu noble/stable amd64 Packages [67.4 kB]
Fetched 116 kB in 4s (26.7 kB/s)
Reading package lists...
Reading package lists...
Building dependency tree...
Reading state information...
The following additional packages will be installed:
  docker-ce-rootless-extras iptables libip4tc2 libip6tc2
  libnetfilter-conntrack3 libnfnetlink0 libnftables1 libnftnl11 nftables pigz
Suggested packages:
  cgroupfs-mount | cgroup-lite docker-model-plugin firewalld
The following NEW packages will be installed:
  containerd.io docker-buildx-plugin docker-ce docker-ce-cli
  docker-ce-rootless-extras docker-compose-plugin iptables libip4tc2 libip6tc2
  libnetfilter-conntrack3 libnfnetlink0 libnftables1 libnftnl11 nftables pigz
0 upgraded, 15 newly installed, 0 to remove and 49 not upgraded.
Need to get 102 MB of archives.
After this operation, 387 MB of additional disk space will be used.
Get:1 http://archive.ubuntu.com/ubuntu noble/main amd64 libip4tc2 amd64 1.8.10-3ubuntu2 [23.3 kB]
Get:2 http://archive.ubuntu.com/ubuntu noble/main amd64 libip6tc2 amd64 1.8.10-3ubuntu2 [23.7 kB]
Get:3 http://archive.ubuntu.com/ubuntu noble/main amd64 libnfnetlink0 amd64 1.0.2-2build1 [14.8 kB]
Get:4 https://download.docker.com/linux/ubuntu noble/stable amd64 containerd.io amd64 2.3.6-1~ubuntu.24.04~noble [23.2 MB]
Get:5 http://archive.ubuntu.com/ubuntu noble/main amd64 libnetfilter-conntrack3 amd64 1.0.9-6build1 [45.2 kB]
Get:6 http://archive.ubuntu.com/ubuntu noble/main amd64 libnftnl11 amd64 1.2.6-2build1 [66.0 kB]
Get:7 http://archive.ubuntu.com/ubuntu noble/main amd64 iptables amd64 1.8.10-3ubuntu2 [381 kB]
Get:8 http://archive.ubuntu.com/ubuntu noble-updates/main amd64 libnftables1 amd64 1.0.9-1ubuntu0.1 [359 kB]
Get:9 http://archive.ubuntu.com/ubuntu noble-updates/main amd64 nftables amd64 1.0.9-1ubuntu0.1 [69.8 kB]
Get:10 http://archive.ubuntu.com/ubuntu noble/universe amd64 pigz amd64 2.8-1 [65.6 kB]
Get:11 https://download.docker.com/linux/ubuntu noble/stable amd64 docker-ce-cli amd64 5:29.8.2-1~ubuntu.24.04~noble [17.5 MB]
Get:12 https://download.docker.com/linux/ubuntu noble/stable amd64 docker-ce amd64 5:29.8.2-1~ubuntu.24.04~noble [24.4 MB]
Get:13 https://download.docker.com/linux/ubuntu noble/stable amd64 docker-buildx-plugin amd64 0.37.1-1~ubuntu.24.04~noble [17.3 MB]
Get:14 https://download.docker.com/linux/ubuntu noble/stable amd64 docker-ce-rootless-extras amd64 5:29.8.2-1~ubuntu.24.04~noble [10.2 MB]
Get:15 https://download.docker.com/linux/ubuntu noble/stable amd64 docker-compose-plugin amd64 5.5.1-1~ubuntu.24.04~noble [8012 kB]
Fetched 102 MB in 2min 11s (778 kB/s)
Selecting previously unselected package containerd.io.
(Reading database ... 
(Reading database ... 5%
(Reading database ... 10%
(Reading database ... 15%
(Reading database ... 20%
(Reading database ... 25%
(Reading database ... 30%
(Reading database ... 35%
(Reading database ... 40%
(Reading database ... 45%
(Reading database ... 50%
(Reading database ... 55%
(Reading database ... 60%
(Reading database ... 65%
(Reading database ... 70%
(Reading database ... 75%
(Reading database ... 80%
(Reading database ... 85%
(Reading database ... 90%
(Reading database ... 95%
(Reading database ... 100%
(Reading database ... 40785 files and directories currently installed.)
Preparing to unpack .../00-containerd.io_2.3.6-1~ubuntu.24.04~noble_amd64.deb ...
Unpacking containerd.io (2.3.6-1~ubuntu.24.04~noble) ...
Selecting previously unselected package docker-ce-cli.
Preparing to unpack .../01-docker-ce-cli_5%3a29.8.2-1~ubuntu.24.04~noble_amd64.deb ...
Unpacking docker-ce-cli (5:29.8.2-1~ubuntu.24.04~noble) ...
Selecting previously unselected package libip4tc2:amd64.
Preparing to unpack .../02-libip4tc2_1.8.10-3ubuntu2_amd64.deb ...
Unpacking libip4tc2:amd64 (1.8.10-3ubuntu2) ...
Selecting previously unselected package libip6tc2:amd64.
Preparing to unpack .../03-libip6tc2_1.8.10-3ubuntu2_amd64.deb ...
Unpacking libip6tc2:amd64 (1.8.10-3ubuntu2) ...
Selecting previously unselected package libnfnetlink0:amd64.
Preparing to unpack .../04-libnfnetlink0_1.0.2-2build1_amd64.deb ...
Unpacking libnfnetlink0:amd64 (1.0.2-2build1) ...
Selecting previously unselected package libnetfilter-conntrack3:amd64.
Preparing to unpack .../05-libnetfilter-conntrack3_1.0.9-6build1_amd64.deb ...
Unpacking libnetfilter-conntrack3:amd64 (1.0.9-6build1) ...
Selecting previously unselected package libnftnl11:amd64.
Preparing to unpack .../06-libnftnl11_1.2.6-2build1_amd64.deb ...
Unpacking libnftnl11:amd64 (1.2.6-2build1) ...
Selecting previously unselected package iptables.
Preparing to unpack .../07-iptables_1.8.10-3ubuntu2_amd64.deb ...
Unpacking iptables (1.8.10-3ubuntu2) ...
Selecting previously unselected package libnftables1:amd64.
Preparing to unpack .../08-libnftables1_1.0.9-1ubuntu0.1_amd64.deb ...
Unpacking libnftables1:amd64 (1.0.9-1ubuntu0.1) ...
Selecting previously unselected package nftables.
Preparing to unpack .../09-nftables_1.0.9-1ubuntu0.1_amd64.deb ...
Unpacking nftables (1.0.9-1ubuntu0.1) ...
Selecting previously unselected package docker-ce.
Preparing to unpack .../10-docker-ce_5%3a29.8.2-1~ubuntu.24.04~noble_amd64.deb ...
Unpacking docker-ce (5:29.8.2-1~ubuntu.24.04~noble) ...
Selecting previously unselected package pigz.
Preparing to unpack .../11-pigz_2.8-1_amd64.deb ...
Unpacking pigz (2.8-1) ...
Selecting previously unselected package docker-buildx-plugin.
Preparing to unpack .../12-docker-buildx-plugin_0.37.1-1~ubuntu.24.04~noble_amd64.deb ...
Unpacking docker-buildx-plugin (0.37.1-1~ubuntu.24.04~noble) ...
Selecting previously unselected package docker-ce-rootless-extras.
Preparing to unpack .../13-docker-ce-rootless-extras_5%3a29.8.2-1~ubuntu.24.04~noble_amd64.deb ...
Unpacking docker-ce-rootless-extras (5:29.8.2-1~ubuntu.24.04~noble) ...
Selecting previously unselected package docker-compose-plugin.
Preparing to unpack .../14-docker-compose-plugin_5.5.1-1~ubuntu.24.04~noble_amd64.deb ...
Unpacking docker-compose-plugin (5.5.1-1~ubuntu.24.04~noble) ...
Setting up libip4tc2:amd64 (1.8.10-3ubuntu2) ...
Setting up libip6tc2:amd64 (1.8.10-3ubuntu2) ...
Setting up libnftnl11:amd64 (1.2.6-2build1) ...
Setting up docker-buildx-plugin (0.37.1-1~ubuntu.24.04~noble) ...
Setting up containerd.io (2.3.6-1~ubuntu.24.04~noble) ...
Created symlink /etc/systemd/system/multi-user.target.wants/containerd.service → /usr/lib/systemd/system/containerd.service.

Setting up docker-compose-plugin (5.5.1-1~ubuntu.24.04~noble) ...
Setting up docker-ce-cli (5:29.8.2-1~ubuntu.24.04~noble) ...
Setting up pigz (2.8-1) ...
Setting up libnfnetlink0:amd64 (1.0.2-2build1) ...
Setting up docker-ce-rootless-extras (5:29.8.2-1~ubuntu.24.04~noble) ...
Setting up libnftables1:amd64 (1.0.9-1ubuntu0.1) ...
Setting up nftables (1.0.9-1ubuntu0.1) ...
Setting up libnetfilter-conntrack3:amd64 (1.0.9-6build1) ...
Setting up iptables (1.8.10-3ubuntu2) ...
update-alternatives: using /usr/sbin/iptables-legacy to provide /usr/sbin/iptables (iptables) in auto mode
update-alternatives: using /usr/sbin/ip6tables-legacy to provide /usr/sbin/ip6tables (ip6tables) in auto mode
update-alternatives: using /usr/sbin/iptables-nft to provide /usr/sbin/iptables (iptables) in auto mode
update-alternatives: using /usr/sbin/ip6tables-nft to provide /usr/sbin/ip6tables (ip6tables) in auto mode
update-alternatives: using /usr/sbin/arptables-nft to provide /usr/sbin/arptables (arptables) in auto mode
update-alternatives: using /usr/sbin/ebtables-nft to provide /usr/sbin/ebtables (ebtables) in auto mode
Setting up docker-ce (5:29.8.2-1~ubuntu.24.04~noble) ...
Created symlink /etc/systemd/system/multi-user.target.wants/docker.service → /usr/lib/systemd/system/docker.service.

Created symlink /etc/systemd/system/sockets.target.wants/docker.socket → /usr/lib/systemd/system/docker.socket.

Processing triggers for man-db (2.12.0-4build2) ...
Processing triggers for libc-bin (2.39-0ubuntu8.8) ...
Client: Docker Engine - Community
 Version:           29.8.2
 API version:       1.56
 Go version:        go1.26.8
 Git commit:        7fc2dff
 Built:             Wed Sep 30 19:32:28 2026
 OS/Arch:           linux/amd64
 Context:           default

Server: Docker Engine - Community
 Engine:
  Version:          29.8.2
  API version:      1.56 (minimum version 1.40)
  Go version:       go1.26.8
  Git commit:       8af9fe3
  Built:            Wed Sep 30 19:32:28 2026
  OS/Arch:          linux/amd64
  Experimental:     false
 containerd:
  Version:          v2.3.6
  GitCommit:        ee2735368117d2eb259779949d5e75cdafec9761
 runc:
  Version:          1.5.1
  GitCommit:        v1.5.1-0-g8f2685a4
 docker-init:
  Version:          0.19.0
  GitCommit:        de40ad0
Unable to find image 'hello-world:latest' locally
latest: Pulling from library/hello-world
4f55086f7dd0: Pulling fs layer
d5e71e642bf5: Download complete
4f55086f7dd0: Download complete
4f55086f7dd0: Pull complete
Digest: sha256:5e23090353324d887c48ad5e5c56d294eab81588df9605b07d1afe895f9cc8f8
Status: Downloaded newer image for hello-world:latest
Hello from Docker!
This message shows that your installation appears to be working correctly.

To generate this message, Docker took the following steps:
 1. The Docker client contacted the Docker daemon.
 2. The Docker daemon pulled the "hello-world" image from the Docker Hub.
    (amd64)
 3. The Docker daemon created a new container from that image which runs the
    executable that produces the output you are currently reading.
 4. The Docker daemon streamed that output to the Docker client, which sent it
    to your terminal.

To try something more ambitious, you can run an Ubuntu container with:
 $ docker run -it ubuntu bash

Share images, automate workflows, and more with a free Docker ID:
 https://hub.docker.com/

For more examples and ideas, visit:
 https://docs.docker.com/get-started/

  % Total    % Received % Xferd  Average Speed   Time    Time     Time  Current
                                 Dload  Upload   Total   Spent    Left  Speed

  0     0    0     0    0     0      0      0 --:--:-- --:--:-- --:--:--     0
  0     0    0     0    0     0      0      0 --:--:-- --:--:-- --:--:--     0
  0     0    0     0    0     0      0      0 --:--:--  0:00:01 --:--:--     0

  0     0    0     0    0     0      0      0 --:--:--  0:00:01 --:--:--     0
  0     0    0     0    0     0      0      0 --:--:--  0:00:02 --:--:--     0
  0 59.6M    0  156k    0     0  45522      0  0:22:54  0:00:03  0:22:51 82671
  1 59.6M    1  620k    0     0   132k      0  0:07:41  0:00:04  0:07:37  199k
  1 59.6M    1 1100k    0     0   199k      0  0:05:06  0:00:05  0:05:01  279k
  4 59.6M    4 2492k    0     0   382k      0  0:02:39  0:00:06  0:02:33  504k
  5 59.6M    5 3228k    0     0   415k      0  0:02:27  0:00:07  0:02:20  623k
  7 59.6M    7 4444k    0     0   521k      0  0:01:57  0:00:08  0:01:49  857k
  8 59.6M    8 4940k    0     0   515k      0  0:01:58  0:00:09  0:01:49  882k
  9 59.6M    9 6044k    0     0   574k      0  0:01:46  0:00:10  0:01:36  988k
 11 59.6M   11 6972k    0     0   605k      0  0:01:41  0:00:11  0:01:30  896k
 13 59.6M   13 7964k    0     0   626k      0  0:01:37  0:00:12  0:01:25  958k
 13 59.6M   13 8492k    0     0   621k      0  0:01:38  0:00:13  0:01:25  788k
 15 59.6M   15 9292k    0     0   636k      0  0:01:36  0:00:14  0:01:22  865k
 17 59.6M   17 10.3M    0     0   684k      0  0:01:29  0:00:15  0:01:14  914k
 18 59.6M   18 11.2M    0     0   694k      0  0:01:27  0:00:16  0:01:11  900k
 20 59.6M   20 12.3M    0     0   724k      0  0:01:24  0:00:17  0:01:07  980k
 21 59.6M   21 12.7M    0     0   702k      0  0:01:27  0:00:18  0:01:09  922k
 22 59.6M   22 13.7M    0     0   716k      0  0:01:25  0:00:19  0:01:06  953k
 25 59.6M   25 15.2M    0     0   756k      0  0:01:20  0:00:20  0:01:00  978k
 26 59.6M   26 15.6M    0     0   741k      0  0:01:22  0:00:21  0:01:01  891k
 28 59.6M   28 16.8M    0     0   767k      0  0:01:19  0:00:22  0:00:57  921k
 29 59.6M   29 17.7M    0     0   771k      0  0:01:19  0:00:23  0:00:56 1031k
 31 59.6M   31 19.0M    0     0   794k      0  0:01:16  0:00:24  0:00:52 1101k
 32 59.6M   32 19.6M    0     0   788k      0  0:01:17  0:00:25  0:00:52  923k
 35 59.6M   35 20.9M    0     0   810k      0  0:01:15  0:00:26  0:00:49 1121k
 36 59.6M   36 21.9M    0     0   806k      0  0:01:15  0:00:27  0:00:48  970k
 38 59.6M   38 22.9M    0     0   816k      0  0:01:14  0:00:28  0:00:46 1021k
 41 59.6M   41 24.6M    0     0   853k      0  0:01:11  0:00:29  0:00:42 1145k
 42 59.6M   42 25.4M    0     0   852k      0  0:01:11  0:00:30  0:00:41 1175k
 45 59.6M   45 27.1M    0     0   858k      0  0:01:11  0:00:32  0:00:39 1071k
 46 59.6M   46 27.5M    0     0   866k      0  0:01:10  0:00:32  0:00:38 1214k
 49 59.6M   49 29.5M    0     0   901k      0  0:01:07  0:00:33  0:00:34 1421k
 50 59.6M   50 30.3M    0     0   897k      0  0:01:08  0:00:34  0:00:34 1154k
 52 59.6M   52 31.6M    0     0   909k      0  0:01:07  0:00:35  0:00:32 1251k
 54 59.6M   54 32.6M    0     0   911k      0  0:01:07  0:00:36  0:00:31 1316k
 56 59.6M   56 33.7M    0     0   918k      0  0:01:06  0:00:37  0:00:29 1253k
 58 59.6M   58 34.7M    0     0   922k      0  0:01:06  0:00:38  0:00:28 1065k
 59 59.6M   59 35.5M    0     0   918k      0  0:01:06  0:00:39  0:00:27 1059k
 61 59.6M   61 36.6M    0     0   926k      0  0:01:05  0:00:40  0:00:25 1049k
 62 59.6M   62 37.3M    0     0   920k      0  0:01:06  0:00:41  0:00:25  992k
 64 59.6M   64 38.3M    0     0   923k      0  0:01:06  0:00:42  0:00:24  968k
 66 59.6M   66 39.5M    0     0   928k      0  0:01:05  0:00:43  0:00:22  969k
 67 59.6M   67 40.2M    0     0   924k      0  0:01:06  0:00:44  0:00:22  976k
 69 59.6M   69 41.3M    0     0   923k      0  0:01:06  0:00:45  0:00:21  906k
 70 59.6M   70 41.8M    0     0   917k      0  0:01:06  0:00:46  0:00:20  892k
 72 59.6M   72 43.0M    0     0   921k      0  0:01:06  0:00:47  0:00:19  906k
 73 59.6M   73 43.6M    0     0   918k      0  0:01:06  0:00:48  0:00:18  835k
 74 59.6M   74 44.6M    0     0   920k      0  0:01:06  0:00:49  0:00:17  886k
 76 59.6M   76 45.9M    0     0   928k      0  0:01:05  0:00:50  0:00:15  967k
 78 59.6M   78 46.6M    0     0   926k      0  0:01:06  0:00:51  0:00:15 1005k
 79 59.6M   79 47.4M    0     0   921k      0  0:01:06  0:00:52  0:00:14  912k
 80 59.6M   80 48.1M    0     0   920k      0  0:01:06  0:00:53  0:00:13  939k
 81 59.6M   81 48.4M    0     0   897k      0  0:01:08  0:00:55  0:00:13  690k
 82 59.6M   82 49.0M    0     0   904k      0  0:01:07  0:00:55  0:00:12  655k
 83 59.6M   83 49.6M    0     0   896k      0  0:01:08  0:00:56  0:00:12  597k
 83 59.6M   83 49.7M    0     0   885k      0  0:01:09  0:00:57  0:00:12  494k
 83 59.6M   83 50.1M    0     0   876k      0  0:01:09  0:00:58  0:00:11  403k
 84 59.6M   84 50.3M    0     0   864k      0  0:01:10  0:00:59  0:00:11  457k
 84 59.6M   84 50.6M    0     0   849k      0  0:01:11  0:01:01  0:00:10  294k
 85 59.6M   85 51.0M    0     0   849k      0  0:01:11  0:01:01  0:00:10  292k
 85 59.6M   85 51.3M    0     0   839k      0  0:01:12  0:01:02  0:00:10  317k
 86 59.6M   86 51.7M    0     0   834k      0  0:01:13  0:01:03  0:00:10  344k
 87 59.6M   87 52.0M    0     0   822k      0  0:01:14  0:01:04  0:00:10  335k
 87 59.6M   87 52.4M    0     0   820k      0  0:01:14  0:01:05  0:00:09  422k
 88 59.6M   88 52.8M    0     0   812k      0  0:01:15  0:01:06  0:00:09  367k
 88 59.6M   88 53.0M    0     0   800k      0  0:01:16  0:01:07  0:00:09  332k
 89 59.6M   89 53.4M    0     0   798k      0  0:01:16  0:01:08  0:00:08  339k
 89 59.6M   89 53.7M    0     0   791k      0  0:01:17  0:01:09  0:00:08  360k
 90 59.6M   90 53.9M    0     0   781k      0  0:01:18  0:01:10  0:00:08  294k
 91 59.6M   91 54.4M    0     0   779k      0  0:01:18  0:01:11  0:00:07  329k
 91 59.6M   91 54.7M    0     0   772k      0  0:01:19  0:01:12  0:00:07  365k
 92 59.6M   92 55.2M    0     0   769k      0  0:01:19  0:01:13  0:00:06  371k
 92 59.6M   92 55.4M    0     0   762k      0  0:01:20  0:01:14  0:00:06  364k
 93 59.6M   93 55.5M    0     0   751k      0  0:01:21  0:01:15  0:00:06  332k
 93 59.6M   93 55.8M    0     0   746k      0  0:01:21  0:01:16  0:00:05  292k
 94 59.6M   94 56.1M    0     0   740k      0  0:01:22  0:01:17  0:00:05  295k
 94 59.6M   94 56.6M    0     0   738k      0  0:01:22  0:01:18  0:00:04  284k
 95 59.6M   95 57.2M    0     0   737k      0  0:01:22  0:01:19  0:00:03  368k
 97 59.6M   97 57.9M    0     0   737k      0  0:01:22  0:01:20  0:00:02  515k
 98 59.6M   98 58.6M    0     0   736k      0  0:01:23  0:01:21  0:00:02  573k
 98 59.6M   98 58.8M    0     0   730k      0  0:01:23  0:01:22  0:00:01  559k
 99 59.6M   99 59.1M    0     0   720k      0  0:01:24  0:01:24 --:--:--  469k
 99 59.6M   99 59.6M    0     0   722k      0  0:01:24  0:01:24 --:--:--  473k
100 59.6M  100 59.6M    0     0   723k      0  0:01:24  0:01:24 --:--:--  433k
/opt/barangayan-tools/supabase.tar.gz: OK
2.118.0
A new version of Supabase CLI is available: v2.119.0 (currently installed v2.118.0)
We recommend updating regularly for new features and bug fixes: https://supabase.com/docs/guides/cli/getting-started#updating-the-supabase-cli
